<html>
<body>
<pre>
<h1>µVision Build Log</h1>
<h2>Tool Versions:</h2>
IDE-Version: µVision V5.36.0.0
Copyright (C) 2021 ARM Ltd and ARM Germany GmbH. All rights reserved.
License Information: Shehab Adel, Ain Shams, LIC=----
 
Tool Versions:
Toolchain:       MDK-Lite  Version: 5.36.0.0
Toolchain Path:  C:\Keil_v5\ARM\ARMCC\Bin
C Compiler:      Armcc.exe V5.06 update 7 (build 960)
Assembler:       Armasm.exe V5.06 update 7 (build 960)
Linker/Locator:  ArmLink.exe V5.06 update 7 (build 960)
Library Manager: ArmAr.exe V5.06 update 7 (build 960)
Hex Converter:   FromElf.exe V5.06 update 7 (build 960)
CPU DLL:         SARMCM3.DLL V5.36.0.0
Dialog DLL:      DCM.DLL V1.17.3.0
Target DLL:      lmidk-agdi.dll V???
Dialog DLL:      TCM.DLL V1.53.0.0
 
<h2>Project:</h2>
D:\Senior1\Semester 8\Real-Time and Embedded Systems Design\Labs\Real-Time-Embedded-System-Repo\embedded project -20220525T211231Z-001\embedded project\Project\Final project\Project.uvproj
Project File Date:  05/25/2022

<h2>Output:</h2>
*** Using Compiler 'V5.06 update 7 (build 960)', folder: 'C:\Keil_v5\ARM\ARMCC\Bin'
Build target 'IO'
compiling Uart.c...
Uart.h(12): warning:  #1-D: last line of file ends without a newline
  char readChar(void);
LCD.h(11): warning:  #1-D: last line of file ends without a newline
  void LCD_String (char *str)	;
Uart.c: 2 warnings, 0 errors
linking...
Program Size: Code=7328 RO-data=32 RW-data=100 ZI-data=31028  
".\IO.axf" - 0 Error(s), 2 Warning(s).
Build Time Elapsed:  00:00:03
</pre>
</body>
</html>
