Component: ARM Compiler 6.16 Tool: armlink [5dfeaa00]

==============================================================================

Section Cross References

    main.o(.ARM.exidx.text.toString) refers to main.o(.text.toString) for [Anonymous Symbol]
    main.o(.ARM.exidx.text.printchar) refers to main.o(.text.printchar) for [Anonymous Symbol]
    main.o(.text.print) refers to main.o(.text.printchar) for printchar
    main.o(.ARM.exidx.text.print) refers to main.o(.text.print) for [Anonymous Symbol]
    main.o(.text.gpiosInit) refers to lcdconfig.o(.text.lcdStart) for lcdStart
    main.o(.ARM.exidx.text.gpiosInit) refers to main.o(.text.gpiosInit) for [Anonymous Symbol]
    main.o(.text.TASK1) refers to adcconfig.o(.text.adc_init) for adc_init
    main.o(.text.TASK1) refers to main.o(.bss.xLCDQueue) for xLCDQueue
    main.o(.text.TASK1) refers to main.o(.bss.xBuzzerQueue) for xBuzzerQueue
    main.o(.text.TASK1) refers to main.o(.bss.xUARTQueue) for xUARTQueue
    main.o(.text.TASK1) refers to queue.o(.text.xQueueReceive) for xQueueReceive
    main.o(.text.TASK1) refers to adcconfig.o(.text.adc_read) for adc_read
    main.o(.text.TASK1) refers to main.o(.text.toString) for toString
    main.o(.text.TASK1) refers to queue.o(.text.xQueueGenericSend) for xQueueGenericSend
    main.o(.ARM.exidx.text.TASK1) refers to main.o(.text.TASK1) for [Anonymous Symbol]
    main.o(.text.TASK2) refers to main.o(.bss.xUARTQueue) for xUARTQueue
    main.o(.text.TASK2) refers to queue.o(.text.xQueueGenericSend) for xQueueGenericSend
    main.o(.text.TASK2) refers to main.o(.text.print) for print
    main.o(.ARM.exidx.text.TASK2) refers to main.o(.text.TASK2) for [Anonymous Symbol]
    main.o(.text.TASK3) refers to lcdconfig.o(.text.lcdClear) for lcdClear
    main.o(.text.TASK3) refers to main.o(.bss.xLCDQueue) for xLCDQueue
    main.o(.text.TASK3) refers to queue.o(.text.xQueueReceive) for xQueueReceive
    main.o(.text.TASK3) refers to lcdconfig.o(.text.lcdLine) for lcdLine
    main.o(.text.TASK3) refers to lcdconfig.o(.text.lcdDisplay) for lcdDisplay
    main.o(.text.TASK3) refers to tasks.o(.text.vTaskDelay) for vTaskDelay
    main.o(.ARM.exidx.text.TASK3) refers to main.o(.text.TASK3) for [Anonymous Symbol]
    main.o(.text.TASK4) refers to main.o(.bss.xBuzzerQueue) for xBuzzerQueue
    main.o(.text.TASK4) refers to queue.o(.text.xQueueReceive) for xQueueReceive
    main.o(.ARM.exidx.text.TASK4) refers to main.o(.text.TASK4) for [Anonymous Symbol]
    main.o(.text.main) refers to queue.o(.text.xQueueGenericCreate) for xQueueGenericCreate
    main.o(.text.main) refers to main.o(.bss.xUARTQueue) for xUARTQueue
    main.o(.text.main) refers to main.o(.bss.xLCDQueue) for xLCDQueue
    main.o(.text.main) refers to main.o(.bss.xBuzzerQueue) for xBuzzerQueue
    main.o(.text.main) refers to main.o(.text.gpiosInit) for gpiosInit
    main.o(.text.main) refers to main.o(.text.TASK1) for TASK1
    main.o(.text.main) refers to tasks.o(.text.xTaskCreate) for xTaskCreate
    main.o(.text.main) refers to main.o(.text.TASK2) for TASK2
    main.o(.text.main) refers to main.o(.text.TASK3) for TASK3
    main.o(.text.main) refers to main.o(.text.TASK4) for TASK4
    main.o(.text.main) refers to tasks.o(.text.vTaskStartScheduler) for vTaskStartScheduler
    main.o(.ARM.exidx.text.main) refers to main.o(.text.main) for [Anonymous Symbol]
    lcdconfig.o(.ARM.exidx.text.delayUs) refers to lcdconfig.o(.text.delayUs) for [Anonymous Symbol]
    lcdconfig.o(.ARM.exidx.text.delayMs) refers to lcdconfig.o(.text.delayMs) for [Anonymous Symbol]
    lcdconfig.o(.text.lcdCmd) refers to lcdconfig.o(.text.delayUs) for delayUs
    lcdconfig.o(.text.lcdCmd) refers to lcdconfig.o(.text.delayMs) for delayMs
    lcdconfig.o(.ARM.exidx.text.lcdCmd) refers to lcdconfig.o(.text.lcdCmd) for [Anonymous Symbol]
    lcdconfig.o(.text.lcdStart) refers to lcdconfig.o(.text.delayMs) for delayMs
    lcdconfig.o(.text.lcdStart) refers to lcdconfig.o(.text.lcdCmd) for lcdCmd
    lcdconfig.o(.text.lcdStart) refers to lcdconfig.o(.text.delayUs) for delayUs
    lcdconfig.o(.ARM.exidx.text.lcdStart) refers to lcdconfig.o(.text.lcdStart) for [Anonymous Symbol]
    lcdconfig.o(.text.lcdData) refers to lcdconfig.o(.text.delayUs) for delayUs
    lcdconfig.o(.ARM.exidx.text.lcdData) refers to lcdconfig.o(.text.lcdData) for [Anonymous Symbol]
    lcdconfig.o(.text.lcdClear) refers to lcdconfig.o(.text.lcdCmd) for lcdCmd
    lcdconfig.o(.ARM.exidx.text.lcdClear) refers to lcdconfig.o(.text.lcdClear) for [Anonymous Symbol]
    lcdconfig.o(.text.lcdLine) refers to lcdconfig.o(.text.lcdCmd) for lcdCmd
    lcdconfig.o(.ARM.exidx.text.lcdLine) refers to lcdconfig.o(.text.lcdLine) for [Anonymous Symbol]
    lcdconfig.o(.text.lcdDisplay) refers to lcdconfig.o(.text.lcdData) for lcdData
    lcdconfig.o(.text.lcdDisplay) refers to strlen.o(.text) for strlen
    lcdconfig.o(.ARM.exidx.text.lcdDisplay) refers to lcdconfig.o(.text.lcdDisplay) for [Anonymous Symbol]
[...]
    ../clib/angel/boardlib.s                 0x00000000   Number         0  boardinit3.o ABSOLUTE
    ../clib/angel/boardlib.s                 0x00000000   Number         0  boardshut.o ABSOLUTE
    ../clib/angel/handlers.s                 0x00000000   Number         0  __scatter_copy.o ABSOLUTE
    ../clib/angel/handlers.s                 0x00000000   Number         0  __scatter_zi.o ABSOLUTE
    ../clib/angel/kernel.s                   0x00000000   Number         0  __rtentry.o ABSOLUTE
    ../clib/angel/kernel.s                   0x00000000   Number         0  __rtentry2.o ABSOLUTE
    ../clib/angel/kernel.s                   0x00000000   Number         0  __rtentry4.o ABSOLUTE
    ../clib/angel/kernel.s                   0x00000000   Number         0  rtexit.o ABSOLUTE
    ../clib/angel/kernel.s                   0x00000000   Number         0  rtexit2.o ABSOLUTE
    ../clib/angel/rt.s                       0x00000000   Number         0  rt_raise.o ABSOLUTE
    ../clib/angel/scatter.s                  0x00000000   Number         0  __scatter.o ABSOLUTE
    ../clib/angel/startup.s                  0x00000000   Number         0  __main.o ABSOLUTE
    ../clib/angel/sys.s                      0x00000000   Number         0  sys_stackheap_outer.o ABSOLUTE
    ../clib/angel/sys.s                      0x00000000   Number         0  libspace.o ABSOLUTE
    ../clib/angel/sys.s                      0x00000000   Number         0  use_no_semi.o ABSOLUTE
    ../clib/angel/sys.s                      0x00000000   Number         0  indicate_semi.o ABSOLUTE
    ../clib/angel/sysapp.c                   0x00000000   Number         0  sys_exit.o ABSOLUTE
    ../clib/angel/sysapp.c                   0x00000000   Number         0  sys_exit_hlt.o ABSOLUTE
    ../clib/angel/sysapp.c                   0x00000000   Number         0  sys_command.o ABSOLUTE
    ../clib/angel/sysapp.c                   0x00000000   Number         0  sys_command_hlt.o ABSOLUTE
    ../clib/angel/sysapp.c                   0x00000000   Number         0  sys_wrch.o ABSOLUTE
    ../clib/angel/sysapp.c                   0x00000000   Number         0  sys_wrch_hlt.o ABSOLUTE
    ../clib/armsys.c                         0x00000000   Number         0  argv_veneer.o ABSOLUTE
    ../clib/armsys.c                         0x00000000   Number         0  argv_veneer.o ABSOLUTE
    ../clib/armsys.c                         0x00000000   Number         0  _get_argv_nomalloc.o ABSOLUTE
    ../clib/armsys.c                         0x00000000   Number         0  no_argv.o ABSOLUTE
    ../clib/heapalloc.c                      0x00000000   Number         0  hrguard.o ABSOLUTE
    ../clib/heapaux.c                        0x00000000   Number         0  heapauxi.o ABSOLUTE
    ../clib/libinit.s                        0x00000000   Number         0  libinit.o ABSOLUTE
    ../clib/libinit.s                        0x00000000   Number         0  libinit2.o ABSOLUTE
    ../clib/libinit.s                        0x00000000   Number         0  libshutdown.o ABSOLUTE
    ../clib/libinit.s                        0x00000000   Number         0  libshutdown2.o ABSOLUTE
    ../clib/memcpset.s                       0x00000000   Number         0  rt_memcpy_v6.o ABSOLUTE
    ../clib/memcpset.s                       0x00000000   Number         0  aeabi_memset4.o ABSOLUTE
    ../clib/memcpset.s                       0x00000000   Number         0  rt_memcpy_w.o ABSOLUTE
    ../clib/memcpset.s                       0x00000000   Number         0  rt_memclr_w.o ABSOLUTE
    ../clib/signal.c                         0x00000000   Number         0  defsig_rtmem_outer.o ABSOLUTE
    ../clib/signal.c                         0x00000000   Number         0  defsig_rtmem_formal.o ABSOLUTE
    ../clib/signal.c                         0x00000000   Number         0  defsig_exit.o ABSOLUTE
    ../clib/signal.c                         0x00000000   Number         0  defsig_rtmem_inner.o ABSOLUTE
    ../clib/signal.c                         0x00000000   Number         0  __raise.o ABSOLUTE
    ../clib/signal.c                         0x00000000   Number         0  defsig_general.o ABSOLUTE
    ../clib/signal.c                         0x00000000   Number         0  defsig_abrt_inner.o ABSOLUTE
    ../clib/signal.c                         0x00000000   Number         0  defsig_fpe_inner.o ABSOLUTE
    ../clib/signal.c                         0x00000000   Number         0  defsig_rtred_inner.o ABSOLUTE
    ../clib/signal.c                         0x00000000   Number         0  defsig_stak_inner.o ABSOLUTE
    ../clib/signal.c                         0x00000000   Number         0  defsig_pvfn_inner.o ABSOLUTE
    ../clib/signal.c                         0x00000000   Number         0  defsig_cppl_inner.o ABSOLUTE
    ../clib/signal.c                         0x00000000   Number         0  defsig_segv_inner.o ABSOLUTE
    ../clib/signal.c                         0x00000000   Number         0  defsig_other.o ABSOLUTE
    ../clib/signal.s                         0x00000000   Number         0  defsig.o ABSOLUTE
    ../clib/stdlib.c                         0x00000000   Number         0  exit.o ABSOLUTE
    ../clib/string.c                         0x00000000   Number         0  strlen.o ABSOLUTE
    ../fplib/fpinit.s                        0x00000000   Number         0  fpinit.o ABSOLUTE
    RTE/Device/TM4C123GH6PM/startup_TM4C123.s 0x00000000   Number         0  startup_tm4c123.o ABSOLUTE
    adcConfig.c                              0x00000000   Number         0  adcconfig.o ABSOLUTE
    dc.s                                     0x00000000   Number         0  dc.o ABSOLUTE
    freertos_evr.c                           0x00000000   Number         0  freertos_evr.o ABSOLUTE
    heap_1.c                                 0x00000000   Number         0  heap_1.o ABSOLUTE
    lcdConfig.c                              0x00000000   Number         0  lcdconfig.o ABSOLUTE
    list.c                                   0x00000000   Number         0  list.o ABSOLUTE
    main.c                                   0x00000000   Number         0  main.o ABSOLUTE
    port.c                                   0x00000000   Number         0  port.o ABSOLUTE
    queue.c                                  0x00000000   Number         0  queue.o ABSOLUTE
    system_TM4C123.c                         0x00000000   Number         0  system_tm4c123.o ABSOLUTE
    tasks.c                                  0x00000000   Number         0  tasks.o ABSOLUTE
    timers.c                                 0x00000000   Number         0  timers.o ABSOLUTE
    RESET                                    0x00000000   Section      620  startup_tm4c123.o(RESET)
    !!!main                                  0x0000026c   Section        8  __main.o(!!!main)
    !!!scatter                               0x00000274   Section       52  __scatter.o(!!!scatter)
    !!handler_copy                           0x000002a8   Section       26  __scatter_copy.o(!!handler_copy)
    !!handler_zi                             0x000002c4   Section       28  __scatter_zi.o(!!handler_zi)
    .ARM.Collect$$libinit$$00000000          0x000002e0   Section        2  libinit.o(.ARM.Collect$$libinit$$00000000)
    .ARM.Collect$$libinit$$00000001          0x000002e2   Section        4  libinit2.o(.ARM.Collect$$libinit$$00000001)
    .ARM.Collect$$libinit$$00000004          0x000002e6   Section        0  libinit2.o(.ARM.Collect$$libinit$$00000004)
    .ARM.Collect$$libinit$$0000000A          0x000002e6   Section        0  libinit2.o(.ARM.Collect$$libinit$$0000000A)
    .ARM.Collect$$libinit$$0000000C          0x000002e6   Section        0  libinit2.o(.ARM.Collect$$libinit$$0000000C)
    .ARM.Collect$$libinit$$0000000E          0x000002e6   Section        0  libinit2.o(.ARM.Collect$$libinit$$0000000E)
    .ARM.Collect$$libinit$$00000011          0x000002e6   Section        0  libinit2.o(.ARM.Collect$$libinit$$00000011)
    .ARM.Collect$$libinit$$00000013          0x000002e6   Section        0  libinit2.o(.ARM.Collect$$libinit$$00000013)
    .ARM.Collect$$libinit$$00000015          0x000002e6   Section        0  libinit2.o(.ARM.Collect$$libinit$$00000015)
    .ARM.Collect$$libinit$$00000017          0x000002e6   Section        0  libinit2.o(.ARM.Collect$$libinit$$00000017)
    .ARM.Collect$$libinit$$00000019          0x000002e6   Section        0  libinit2.o(.ARM.Collect$$libinit$$00000019)
    .ARM.Collect$$libinit$$0000001B          0x000002e6   Section        0  libinit2.o(.ARM.Collect$$libinit$$0000001B)
    .ARM.Collect$$libinit$$0000001D          0x000002e6   Section        0  libinit2.o(.ARM.Collect$$libinit$$0000001D)
    .ARM.Collect$$libinit$$0000001F          0x000002e6   Section        0  libinit2.o(.ARM.Collect$$libinit$$0000001F)
    .ARM.Collect$$libinit$$00000021          0x000002e6   Section        0  libinit2.o(.ARM.Collect$$libinit$$00000021)
    .ARM.Collect$$libinit$$00000023          0x000002e6   Section        0  libinit2.o(.ARM.Collect$$libinit$$00000023)
    .ARM.Collect$$libinit$$00000025          0x000002e6   Section        0  libinit2.o(.ARM.Collect$$libinit$$00000025)
    .ARM.Collect$$libinit$$0000002C          0x000002e6   Section        0  libinit2.o(.ARM.Collect$$libinit$$0000002C)
    .ARM.Collect$$libinit$$0000002E          0x000002e6   Section        0  libinit2.o(.ARM.Collect$$libinit$$0000002E)
    .ARM.Collect$$libinit$$00000030          0x000002e6   Section        0  libinit2.o(.ARM.Collect$$libinit$$00000030)
    .ARM.Collect$$libinit$$00000032          0x000002e6   Section        0  libinit2.o(.ARM.Collect$$libinit$$00000032)
    .ARM.Collect$$libinit$$00000033          0x000002e6   Section        2  libinit2.o(.ARM.Collect$$libinit$$00000033)
    .ARM.Collect$$libshutdown$$00000000      0x000002e8   Section        2  libshutdown.o(.ARM.Collect$$libshutdown$$00000000)
    .ARM.Collect$$libshutdown$$00000002      0x000002ea   Section        0  libshutdown2.o(.ARM.Collect$$libshutdown$$00000002)
    .ARM.Collect$$libshutdown$$00000004      0x000002ea   Section        0  libshutdown2.o(.ARM.Collect$$libshutdown$$00000004)
    .ARM.Collect$$libshutdown$$00000007      0x000002ea   Section        0  libshutdown2.o(.ARM.Collect$$libshutdown$$00000007)
    .ARM.Collect$$libshutdown$$0000000A      0x000002ea   Section        0  libshutdown2.o(.ARM.Collect$$libshutdown$$0000000A)
    .ARM.Collect$$libshutdown$$0000000C      0x000002ea   Section        0  libshutdown2.o(.ARM.Collect$$libshutdown$$0000000C)
    .ARM.Collect$$libshutdown$$0000000F      0x000002ea   Section        0  libshutdown2.o(.ARM.Collect$$libshutdown$$0000000F)
    .ARM.Collect$$libshutdown$$00000010      0x000002ea   Section        2  libshutdown2.o(.ARM.Collect$$libshutdown$$00000010)
    .ARM.Collect$$rtentry$$00000000          0x000002ec   Section        0  __rtentry.o(.ARM.Collect$$rtentry$$00000000)
    .ARM.Collect$$rtentry$$00000002          0x000002ec   Section        0  __rtentry2.o(.ARM.Collect$$rtentry$$00000002)
    .ARM.Collect$$rtentry$$00000004          0x000002ec   Section        6  __rtentry4.o(.ARM.Collect$$rtentry$$00000004)
    .ARM.Collect$$rtentry$$00000009          0x000002f2   Section        0  __rtentry2.o(.ARM.Collect$$rtentry$$00000009)
    .ARM.Collect$$rtentry$$0000000A          0x000002f2   Section        4  __rtentry2.o(.ARM.Collect$$rtentry$$0000000A)
    .ARM.Collect$$rtentry$$0000000C          0x000002f6   Section        0  __rtentry2.o(.ARM.Collect$$rtentry$$0000000C)
    .ARM.Collect$$rtentry$$0000000D          0x000002f6   Section        8  __rtentry2.o(.ARM.Collect$$rtentry$$0000000D)
    .ARM.Collect$$rtexit$$00000000           0x000002fe   Section        2  rtexit.o(.ARM.Collect$$rtexit$$00000000)
    .ARM.Collect$$rtexit$$00000002           0x00000300   Section        0  rtexit2.o(.ARM.Collect$$rtexit$$00000002)
    .ARM.Collect$$rtexit$$00000003           0x00000300   Section        4  rtexit2.o(.ARM.Collect$$rtexit$$00000003)
    .ARM.Collect$$rtexit$$00000004           0x00000304   Section        6  rtexit2.o(.ARM.Collect$$rtexit$$00000004)
    $v0                                      0x0000030c   Number         0  startup_tm4c123.o(.text)
    .text                                    0x0000030c   Section      276  startup_tm4c123.o(.text)
    .text                                    0x00000420   Section        0  strlen.o(.text)
    .text                                    0x0000045e   Section      138  rt_memcpy_v6.o(.text)
    .text                                    0x000004e8   Section       16  aeabi_memset4.o(.text)
    .text                                    0x000004f8   Section        0  heapauxi.o(.text)
    .text                                    0x000004fe   Section      100  rt_memcpy_w.o(.text)
    .text                                    0x00000562   Section       78  rt_memclr_w.o(.text)
    .text                                    0x000005b0   Section       74  sys_stackheap_outer.o(.text)
    .text                                    0x000005fa   Section        0  exit.o(.text)
    .text                                    0x0000060c   Section        8  libspace.o(.text)
    .text                                    0x00000614   Section        0  sys_exit.o(.text)
    .text                                    0x00000620   Section        2  use_no_semi.o(.text)
    .text                                    0x00000622   Section        0  indicate_semi.o(.text)
    [Anonymous Symbol]                       0x00000630   Section        0  port.o(.text.PendSV_Handler)
    pxCurrentTCBConst                        0x00000690   Number         0  port.o(.text.PendSV_Handler)
    [Anonymous Symbol]                       0x000006a0   Section        0  port.o(.text.SVC_Handler)
    pxCurrentTCBConst2                       0x000006c0   Number         0  port.o(.text.SVC_Handler)
    [Anonymous Symbol]                       0x000006c4   Section        0  port.o(.text.SysTick_Handler)
    [Anonymous Symbol]                       0x000006f4   Section        0  system_tm4c123.o(.text.SystemInit)
    [Anonymous Symbol]                       0x00000708   Section        0  main.o(.text.TASK1)
    [Anonymous Symbol]                       0x000007bc   Section        0  main.o(.text.TASK2)
    [Anonymous Symbol]                       0x0000087c   Section        0  main.o(.text.TASK3)
    [Anonymous Symbol]                       0x000008e8   Section        0  main.o(.text.TASK4)
    [Anonymous Symbol]                       0x00000924   Section        0  adcconfig.o(.text.adc_init)
    [Anonymous Symbol]                       0x00000998   Section        0  adcconfig.o(.text.adc_read)
    [Anonymous Symbol]                       0x000009bc   Section        0  lcdconfig.o(.text.delayMs)
    [Anonymous Symbol]                       0x000009e0   Section        0  lcdconfig.o(.text.delayUs)
    [Anonymous Symbol]                       0x000009fc   Section        0  tasks.o(.text.eTaskConfirmSleepModeStatus)
    [Anonymous Symbol]                       0x00000a44   Section        0  main.o(.text.gpiosInit)
    [Anonymous Symbol]                       0x00000b44   Section        0  lcdconfig.o(.text.lcdClear)
    [Anonymous Symbol]                       0x00000b50   Section        0  lcdconfig.o(.text.lcdCmd)
    [Anonymous Symbol]                       0x00000b84   Section        0  lcdconfig.o(.text.lcdData)
    [Anonymous Symbol]                       0x00000bb0   Section        0  lcdconfig.o(.text.lcdDisplay)
    [Anonymous Symbol]                       0x00000bd4   Section        0  lcdconfig.o(.text.lcdLine)
    [Anonymous Symbol]                       0x00000bf0   Section        0  lcdconfig.o(.text.lcdStart)
    [Anonymous Symbol]                       0x00000c68   Section        0  main.o(.text.main)
    [Anonymous Symbol]                       0x00000d58   Section        0  main.o(.text.print)
    [Anonymous Symbol]                       0x00000d74   Section        0  main.o(.text.printchar)
    prvAddCurrentTaskToDelayedList           0x00000d89   Thumb Code   198  tasks.o(.text.prvAddCurrentTaskToDelayedList)
    [Anonymous Symbol]                       0x00000d88   Section        0  tasks.o(.text.prvAddCurrentTaskToDelayedList)
    prvAddNewTaskToReadyList                 0x00000e51   Thumb Code   206  tasks.o(.text.prvAddNewTaskToReadyList)
    [Anonymous Symbol]                       0x00000e50   Section        0  tasks.o(.text.prvAddNewTaskToReadyList)
    prvCheckForValidListAndQueue             0x00000f21   Thumb Code    90  timers.o(.text.prvCheckForValidListAndQueue)
    [Anonymous Symbol]                       0x00000f20   Section        0  timers.o(.text.prvCheckForValidListAndQueue)
    prvCheckTasksWaitingTermination          0x00000f7d   Thumb Code    78  tasks.o(.text.prvCheckTasksWaitingTermination)
    [Anonymous Symbol]                       0x00000f7c   Section        0  tasks.o(.text.prvCheckTasksWaitingTermination)
    prvCopyDataFromQueue                     0x00000fcd   Thumb Code    38  queue.o(.text.prvCopyDataFromQueue)
    [Anonymous Symbol]                       0x00000fcc   Section        0  queue.o(.text.prvCopyDataFromQueue)
    prvCopyDataToQueue                       0x00000ff5   Thumb Code   122  queue.o(.text.prvCopyDataToQueue)
    [Anonymous Symbol]                       0x00000ff4   Section        0  queue.o(.text.prvCopyDataToQueue)
    prvDeleteTCB                             0x00001071   Thumb Code    18  tasks.o(.text.prvDeleteTCB)
    [Anonymous Symbol]                       0x00001070   Section        0  tasks.o(.text.prvDeleteTCB)
    prvGetExpectedIdleTime                   0x00001085   Thumb Code    68  tasks.o(.text.prvGetExpectedIdleTime)
    [Anonymous Symbol]                       0x00001084   Section        0  tasks.o(.text.prvGetExpectedIdleTime)
    prvGetNextExpireTime                     0x000010c9   Thumb Code    32  timers.o(.text.prvGetNextExpireTime)
    [Anonymous Symbol]                       0x000010c8   Section        0  timers.o(.text.prvGetNextExpireTime)
    prvIdleTask                              0x000010e9   Thumb Code   114  tasks.o(.text.prvIdleTask)
    [Anonymous Symbol]                       0x000010e8   Section        0  tasks.o(.text.prvIdleTask)
    prvInitialiseNewQueue                    0x0000115d   Thumb Code    36  queue.o(.text.prvInitialiseNewQueue)
    [Anonymous Symbol]                       0x0000115c   Section        0  queue.o(.text.prvInitialiseNewQueue)
    prvInitialiseNewTask                     0x00001181   Thumb Code   170  tasks.o(.text.prvInitialiseNewTask)
    [Anonymous Symbol]                       0x00001180   Section        0  tasks.o(.text.prvInitialiseNewTask)
    prvInitialiseTaskLists                   0x0000122d   Thumb Code   110  tasks.o(.text.prvInitialiseTaskLists)
    [Anonymous Symbol]                       0x0000122c   Section        0  tasks.o(.text.prvInitialiseTaskLists)
    prvInsertTimerInActiveList               0x0000129d   Thumb Code    64  timers.o(.text.prvInsertTimerInActiveList)
    [Anonymous Symbol]                       0x0000129c   Section        0  timers.o(.text.prvInsertTimerInActiveList)
    prvIsQueueEmpty                          0x000012dd   Thumb Code    24  queue.o(.text.prvIsQueueEmpty)
    [Anonymous Symbol]                       0x000012dc   Section        0  queue.o(.text.prvIsQueueEmpty)
    prvIsQueueFull                           0x000012f5   Thumb Code    28  queue.o(.text.prvIsQueueFull)
    [Anonymous Symbol]                       0x000012f4   Section        0  queue.o(.text.prvIsQueueFull)
    prvNotifyQueueSetContainer               0x00001311   Thumb Code   142  queue.o(.text.prvNotifyQueueSetContainer)
    [Anonymous Symbol]                       0x00001310   Section        0  queue.o(.text.prvNotifyQueueSetContainer)
    prvPortStartFirstTask                    0x000013a1   Thumb Code    40  port.o(.text.prvPortStartFirstTask)
    [Anonymous Symbol]                       0x000013a0   Section        0  port.o(.text.prvPortStartFirstTask)
    prvProcessExpiredTimer                   0x000013c9   Thumb Code    62  timers.o(.text.prvProcessExpiredTimer)
    [Anonymous Symbol]                       0x000013c8   Section        0  timers.o(.text.prvProcessExpiredTimer)
    prvProcessReceivedCommands               0x00001409   Thumb Code   274  timers.o(.text.prvProcessReceivedCommands)
    [Anonymous Symbol]                       0x00001408   Section        0  timers.o(.text.prvProcessReceivedCommands)
    prvProcessTimerOrBlockTask               0x0000151d   Thumb Code   128  timers.o(.text.prvProcessTimerOrBlockTask)
    [Anonymous Symbol]                       0x0000151c   Section        0  timers.o(.text.prvProcessTimerOrBlockTask)
    prvReloadTimer                           0x0000159d   Thumb Code    58  timers.o(.text.prvReloadTimer)
    [Anonymous Symbol]                       0x0000159c   Section        0  timers.o(.text.prvReloadTimer)
    prvResetNextTaskUnblockTime              0x000015d9   Thumb Code    38  tasks.o(.text.prvResetNextTaskUnblockTime)
    [Anonymous Symbol]                       0x000015d8   Section        0  tasks.o(.text.prvResetNextTaskUnblockTime)
    prvSampleTimeNow                         0x00001601   Thumb Code    42  timers.o(.text.prvSampleTimeNow)
    [Anonymous Symbol]                       0x00001600   Section        0  timers.o(.text.prvSampleTimeNow)
    prvSwitchTimerLists                      0x0000162d   Thumb Code    52  timers.o(.text.prvSwitchTimerLists)
    [Anonymous Symbol]                       0x0000162c   Section        0  timers.o(.text.prvSwitchTimerLists)
    prvTaskExitError                         0x00001661   Thumb Code    50  port.o(.text.prvTaskExitError)
    [Anonymous Symbol]                       0x00001660   Section        0  port.o(.text.prvTaskExitError)
    prvTimerTask                             0x00001695   Thumb Code    22  timers.o(.text.prvTimerTask)
    [Anonymous Symbol]                       0x00001694   Section        0  timers.o(.text.prvTimerTask)
    prvUnlockQueue                           0x000016ad   Thumb Code   134  queue.o(.text.prvUnlockQueue)
    [Anonymous Symbol]                       0x000016ac   Section        0  queue.o(.text.prvUnlockQueue)
    [Anonymous Symbol]                       0x00001734   Section        0  heap_1.o(.text.pvPortMalloc)
    [Anonymous Symbol]                       0x000017a0   Section        0  port.o(.text.pxPortInitialiseStack)
    [Anonymous Symbol]                       0x000017c8   Section        0  main.o(.text.toString)
    [Anonymous Symbol]                       0x00001804   Section        0  list.o(.text.uxListRemove)
    [Anonymous Symbol]                       0x00001828   Section        0  list.o(.text.vListInitialise)
    [Anonymous Symbol]                       0x00001840   Section        0  list.o(.text.vListInitialiseItem)
    [Anonymous Symbol]                       0x00001848   Section        0  list.o(.text.vListInsert)
    vPortEnableVFP                           0x00001885   Thumb Code    20  port.o(.text.vPortEnableVFP)
    [Anonymous Symbol]                       0x00001884   Section        0  port.o(.text.vPortEnableVFP)
    [Anonymous Symbol]                       0x00001898   Section        0  port.o(.text.vPortEnterCritical)
    [Anonymous Symbol]                       0x000018e0   Section        0  port.o(.text.vPortExitCritical)
    [Anonymous Symbol]                       0x00001910   Section        0  heap_1.o(.text.vPortFree)
    [Anonymous Symbol]                       0x0000192c   Section        0  port.o(.text.vPortSetupTimerInterrupt)
    [Anonymous Symbol]                       0x00001990   Section        0  port.o(.text.vPortSuppressTicksAndSleep)
    [Anonymous Symbol]                       0x00001aa4   Section        0  queue.o(.text.vQueueWaitForMessageRestricted)
    [Anonymous Symbol]                       0x00001ae8   Section        0  tasks.o(.text.vTaskDelay)
    [Anonymous Symbol]                       0x00001b3c   Section        0  tasks.o(.text.vTaskInternalSetTimeOutState)
    [Anonymous Symbol]                       0x00001b58   Section        0  tasks.o(.text.vTaskMissedYield)
    [Anonymous Symbol]                       0x00001b68   Section        0  tasks.o(.text.vTaskPlaceOnEventList)
    [Anonymous Symbol]                       0x00001b9c   Section        0  tasks.o(.text.vTaskPlaceOnEventListRestricted)
    [Anonymous Symbol]                       0x00001c0c   Section        0  tasks.o(.text.vTaskStartScheduler)
    [Anonymous Symbol]                       0x00001ca8   Section        0  tasks.o(.text.vTaskStepTick)
    [Anonymous Symbol]                       0x00001ce0   Section        0  tasks.o(.text.vTaskSuspendAll)
    __tagsym$$used.0                         0x00001cf0   Number         0  tasks.o(.text.vTaskSwitchContext)
    [Anonymous Symbol]                       0x00001cf0   Section        0  tasks.o(.text.vTaskSwitchContext)
    [Anonymous Symbol]                       0x00001d78   Section        0  port.o(.text.xPortStartScheduler)
    [Anonymous Symbol]                       0x00001e8c   Section        0  queue.o(.text.xQueueGenericCreate)
    [Anonymous Symbol]                       0x00001ee0   Section        0  queue.o(.text.xQueueGenericReset)
    [Anonymous Symbol]                       0x00001f94   Section        0  queue.o(.text.xQueueGenericSend)
    [Anonymous Symbol]                       0x00002164   Section        0  queue.o(.text.xQueueReceive)
    [Anonymous Symbol]                       0x000022e8   Section        0  tasks.o(.text.xTaskCheckForTimeOut)
    [Anonymous Symbol]                       0x00002390   Section        0  tasks.o(.text.xTaskCreate)
    [Anonymous Symbol]                       0x000023f0   Section        0  tasks.o(.text.xTaskGetSchedulerState)
    [Anonymous Symbol]                       0x00002418   Section        0  tasks.o(.text.xTaskGetTickCount)
    [Anonymous Symbol]                       0x00002424   Section        0  tasks.o(.text.xTaskIncrementTick)
    [Anonymous Symbol]                       0x000025d0   Section        0  tasks.o(.text.xTaskPriorityDisinherit)
    [Anonymous Symbol]                       0x00002694   Section        0  tasks.o(.text.xTaskRemoveFromEventList)
    [Anonymous Symbol]                       0x0000278c   Section        0  tasks.o(.text.xTaskResumeAll)
    [Anonymous Symbol]                       0x000028f8   Section        0  timers.o(.text.xTimerCreateTimerTask)
    $v0                                      0x00002958   Number         0  fpinit.o(x$fpl$fpinit)
    x$fpl$fpinit                             0x00002958   Section       26  fpinit.o(x$fpl$fpinit)
    uxCriticalNesting                        0x20000004   Data           4  port.o(.data.uxCriticalNesting)
    [Anonymous Symbol]                       0x20000004   Section        0  port.o(.data.uxCriticalNesting)
    .bss                                     0x20000008   Section       96  libspace.o(.bss)
    prvSampleTimeNow.xLastTime               0x20000068   Data           4  timers.o(.bss.prvSampleTimeNow.xLastTime)
    [Anonymous Symbol]                       0x20000068   Section        0  timers.o(.bss.prvSampleTimeNow.xLastTime)
    pvPortMalloc.pucAlignedHeap              0x2000006c   Data           4  heap_1.o(.bss.pvPortMalloc.pucAlignedHeap)
    [Anonymous Symbol]                       0x2000006c   Section        0  heap_1.o(.bss.pvPortMalloc.pucAlignedHeap)
    pxCurrentTimerList                       0x20000074   Data           4  timers.o(.bss.pxCurrentTimerList)
    [Anonymous Symbol]                       0x20000074   Section        0  timers.o(.bss.pxCurrentTimerList)
    pxDelayedTaskList                        0x20000078   Data           4  tasks.o(.bss.pxDelayedTaskList)
    [Anonymous Symbol]                       0x20000078   Section        0  tasks.o(.bss.pxDelayedTaskList)
    pxOverflowDelayedTaskList                0x2000007c   Data           4  tasks.o(.bss.pxOverflowDelayedTaskList)
    [Anonymous Symbol]                       0x2000007c   Section        0  tasks.o(.bss.pxOverflowDelayedTaskList)
    pxOverflowTimerList                      0x20000080   Data           4  timers.o(.bss.pxOverflowTimerList)
    [Anonymous Symbol]                       0x20000080   Section        0  timers.o(.bss.pxOverflowTimerList)
    pxReadyTasksLists                        0x20000084   Data         100  tasks.o(.bss.pxReadyTasksLists)
    [Anonymous Symbol]                       0x20000084   Section        0  tasks.o(.bss.pxReadyTasksLists)
    ucHeap                                   0x200000e8   Data       30000  heap_1.o(.bss.ucHeap)
    [Anonymous Symbol]                       0x200000e8   Section        0  heap_1.o(.bss.ucHeap)
    ucMaxSysCallPriority                     0x20007618   Data           1  port.o(.bss.ucMaxSysCallPriority)
    [Anonymous Symbol]                       0x20007618   Section        0  port.o(.bss.ucMaxSysCallPriority)
    ulMaxPRIGROUPValue                       0x2000761c   Data           4  port.o(.bss.ulMaxPRIGROUPValue)
    [Anonymous Symbol]                       0x2000761c   Section        0  port.o(.bss.ulMaxPRIGROUPValue)
    ulStoppedTimerCompensation               0x20007620   Data           1  port.o(.bss.ulStoppedTimerCompensation)
    [Anonymous Symbol]                       0x20007620   Section        0  port.o(.bss.ulStoppedTimerCompensation)
    ulTimerCountsForOneTick                  0x20007624   Data           4  port.o(.bss.ulTimerCountsForOneTick)
    [Anonymous Symbol]                       0x20007624   Section        0  port.o(.bss.ulTimerCountsForOneTick)
    uxCurrentNumberOfTasks                   0x20007628   Data           4  tasks.o(.bss.uxCurrentNumberOfTasks)
    [Anonymous Symbol]                       0x20007628   Section        0  tasks.o(.bss.uxCurrentNumberOfTasks)
    uxDeletedTasksWaitingCleanUp             0x2000762c   Data           4  tasks.o(.bss.uxDeletedTasksWaitingCleanUp)
    [Anonymous Symbol]                       0x2000762c   Section        0  tasks.o(.bss.uxDeletedTasksWaitingCleanUp)
    uxSchedulerSuspended                     0x20007630   Data           4  tasks.o(.bss.uxSchedulerSuspended)
    [Anonymous Symbol]                       0x20007630   Section        0  tasks.o(.bss.uxSchedulerSuspended)
    uxTaskNumber                             0x20007634   Data           4  tasks.o(.bss.uxTaskNumber)
    [Anonymous Symbol]                       0x20007634   Section        0  tasks.o(.bss.uxTaskNumber)
    uxTopReadyPriority                       0x20007638   Data           4  tasks.o(.bss.uxTopReadyPriority)
    [Anonymous Symbol]                       0x20007638   Section        0  tasks.o(.bss.uxTopReadyPriority)
    xActiveTimerList1                        0x2000763c   Data          20  timers.o(.bss.xActiveTimerList1)
    [Anonymous Symbol]                       0x2000763c   Section        0  timers.o(.bss.xActiveTimerList1)
    xActiveTimerList2                        0x20007650   Data          20  timers.o(.bss.xActiveTimerList2)
    [Anonymous Symbol]                       0x20007650   Section        0  timers.o(.bss.xActiveTimerList2)
    xDelayedTaskList1                        0x20007668   Data          20  tasks.o(.bss.xDelayedTaskList1)
    [Anonymous Symbol]                       0x20007668   Section        0  tasks.o(.bss.xDelayedTaskList1)
    xDelayedTaskList2                        0x2000767c   Data          20  tasks.o(.bss.xDelayedTaskList2)
    [Anonymous Symbol]                       0x2000767c   Section        0  tasks.o(.bss.xDelayedTaskList2)
    xIdleTaskHandle                          0x20007690   Data           4  tasks.o(.bss.xIdleTaskHandle)
    [Anonymous Symbol]                       0x20007690   Section        0  tasks.o(.bss.xIdleTaskHandle)
    xMaximumPossibleSuppressedTicks          0x20007698   Data           4  port.o(.bss.xMaximumPossibleSuppressedTicks)
    [Anonymous Symbol]                       0x20007698   Section        0  port.o(.bss.xMaximumPossibleSuppressedTicks)
    xNextFreeByte                            0x2000769c   Data           4  heap_1.o(.bss.xNextFreeByte)
    [Anonymous Symbol]                       0x2000769c   Section        0  heap_1.o(.bss.xNextFreeByte)
    xNextTaskUnblockTime                     0x200076a0   Data           4  tasks.o(.bss.xNextTaskUnblockTime)
    [Anonymous Symbol]                       0x200076a0   Section        0  tasks.o(.bss.xNextTaskUnblockTime)
    xNumOfOverflows                          0x200076a4   Data           4  tasks.o(.bss.xNumOfOverflows)
    [Anonymous Symbol]                       0x200076a4   Section        0  tasks.o(.bss.xNumOfOverflows)
    xPendedTicks                             0x200076a8   Data           4  tasks.o(.bss.xPendedTicks)
    [Anonymous Symbol]                       0x200076a8   Section        0  tasks.o(.bss.xPendedTicks)
    xPendingReadyList                        0x200076ac   Data          20  tasks.o(.bss.xPendingReadyList)
    [Anonymous Symbol]                       0x200076ac   Section        0  tasks.o(.bss.xPendingReadyList)
    xSchedulerRunning                        0x200076c0   Data           4  tasks.o(.bss.xSchedulerRunning)
    [Anonymous Symbol]                       0x200076c0   Section        0  tasks.o(.bss.xSchedulerRunning)
    xSuspendedTaskList                       0x200076c4   Data          20  tasks.o(.bss.xSuspendedTaskList)
    [Anonymous Symbol]                       0x200076c4   Section        0  tasks.o(.bss.xSuspendedTaskList)
    xTasksWaitingTermination                 0x200076d8   Data          20  tasks.o(.bss.xTasksWaitingTermination)
    [Anonymous Symbol]                       0x200076d8   Section        0  tasks.o(.bss.xTasksWaitingTermination)
    xTickCount                               0x200076ec   Data           4  tasks.o(.bss.xTickCount)
    [Anonymous Symbol]                       0x200076ec   Section        0  tasks.o(.bss.xTickCount)
    xTimerQueue                              0x200076f0   Data           4  timers.o(.bss.xTimerQueue)
    [Anonymous Symbol]                       0x200076f0   Section        0  timers.o(.bss.xTimerQueue)
    xTimerTaskHandle                         0x200076f4   Data           4  timers.o(.bss.xTimerTaskHandle)
    [Anonymous Symbol]                       0x200076f4   Section        0  timers.o(.bss.xTimerTaskHandle)
    xYieldPending                            0x200076fc   Data           4  tasks.o(.bss.xYieldPending)
    [Anonymous Symbol]                       0x200076fc   Section        0  tasks.o(.bss.xYieldPending)
    Heap_Mem                                 0x20007700   Data           0  startup_tm4c123.o(HEAP)
    Stack_Mem                                0x20007700   Data         512  startup_tm4c123.o(STACK)
    HEAP                                     0x20007700   Section        0  startup_tm4c123.o(HEAP)
    STACK                                    0x20007700   Section      512  startup_tm4c123.o(STACK)
    __initial_sp                             0x20007900   Data           0  startup_tm4c123.o(STACK)

    Global Symbols

    Symbol Name                              Value     Ov Type        Size  Object(Section)

    BuildAttributes$$THM_ISAv4$E$P$D$K$B$S$7EM$VFPi3$EXTD16$VFPS$VFMA$PE$A:L22UL41UL21$X:L11$S22US41US21$IEEE1$IW$~IW$USESV6$~STKCKD$USESV7$~SHL$OTIME$ROPI$EBA8$UX$STANDARDLIB$REQ8$PRES8$EABIv2 0x00000000   Number         0  anon$$obj.o ABSOLUTE
    __Vectors                                0x00000000   Data           4  startup_tm4c123.o(RESET)
    __ARM_exceptions_init                     - Undefined Weak Reference
    __alloca_initialize                       - Undefined Weak Reference
    __arm_preinit_                            - Undefined Weak Reference
    __cpp_initialize__aeabi_                  - Undefined Weak Reference
    __cxa_finalize                            - Undefined Weak Reference
    __rt_locale                               - Undefined Weak Reference
    __sigvec_lookup                           - Undefined Weak Reference
    _atexit_init                              - Undefined Weak Reference
    _call_atexit_fns                          - Undefined Weak Reference
    _clock_init                               - Undefined Weak Reference
    _fp_trap_init                             - Undefined Weak Reference
    _fp_trap_shutdown                         - Undefined Weak Reference
    _get_lc_collate                           - Undefined Weak Reference
    _get_lc_ctype                             - Undefined Weak Reference
    _get_lc_monetary                          - Undefined Weak Reference
    _get_lc_numeric                           - Undefined Weak Reference
    _get_lc_time                              - Undefined Weak Reference
    _getenv_init                              - Undefined Weak Reference
    _handle_redirection                       - Undefined Weak Reference
    _init_alloc                               - Undefined Weak Reference
    _init_user_alloc                          - Undefined Weak Reference
    _initio                                   - Undefined Weak Reference
    _rand_init                                - Undefined Weak Reference
    _signal_finish                            - Undefined Weak Reference
    _signal_init                              - Undefined Weak Reference
    _terminate_alloc                          - Undefined Weak Reference
    _terminate_user_alloc                     - Undefined Weak Reference
    _terminateio                              - Undefined Weak Reference
    __Vectors_End                            0x0000026c   Data           0  startup_tm4c123.o(RESET)
    __Vectors_Size                           0x0000026c   Number         0  startup_tm4c123.o ABSOLUTE
    __main                                   0x0000026d   Thumb Code     8  __main.o(!!!main)
    __scatterload                            0x00000275   Thumb Code     0  __scatter.o(!!!scatter)
    __scatterload_rt2                        0x00000275   Thumb Code    44  __scatter.o(!!!scatter)
    __scatterload_rt2_thumb_only             0x00000275   Thumb Code     0  __scatter.o(!!!scatter)
    __scatterload_null                       0x00000283   Thumb Code     0  __scatter.o(!!!scatter)
    __scatterload_copy                       0x000002a9   Thumb Code    26  __scatter_copy.o(!!handler_copy)
    __scatterload_zeroinit                   0x000002c5   Thumb Code    28  __scatter_zi.o(!!handler_zi)
    __rt_lib_init                            0x000002e1   Thumb Code     0  libinit.o(.ARM.Collect$$libinit$$00000000)
    __rt_lib_init_fp_1                       0x000002e3   Thumb Code     0  libinit2.o(.ARM.Collect$$libinit$$00000001)
    __rt_lib_init_alloca_1                   0x000002e7   Thumb Code     0  libinit2.o(.ARM.Collect$$libinit$$0000002E)
    __rt_lib_init_argv_1                     0x000002e7   Thumb Code     0  libinit2.o(.ARM.Collect$$libinit$$0000002C)
    __rt_lib_init_atexit_1                   0x000002e7   Thumb Code     0  libinit2.o(.ARM.Collect$$libinit$$0000001B)
    __rt_lib_init_clock_1                    0x000002e7   Thumb Code     0  libinit2.o(.ARM.Collect$$libinit$$00000021)
    __rt_lib_init_cpp_1                      0x000002e7   Thumb Code     0  libinit2.o(.ARM.Collect$$libinit$$00000032)
    __rt_lib_init_exceptions_1               0x000002e7   Thumb Code     0  libinit2.o(.ARM.Collect$$libinit$$00000030)
    __rt_lib_init_fp_trap_1                  0x000002e7   Thumb Code     0  libinit2.o(.ARM.Collect$$libinit$$0000001F)
    __rt_lib_init_getenv_1                   0x000002e7   Thumb Code     0  libinit2.o(.ARM.Collect$$libinit$$00000023)
    __rt_lib_init_heap_1                     0x000002e7   Thumb Code     0  libinit2.o(.ARM.Collect$$libinit$$0000000A)
    __rt_lib_init_lc_collate_1               0x000002e7   Thumb Code     0  libinit2.o(.ARM.Collect$$libinit$$00000011)
    __rt_lib_init_lc_ctype_1                 0x000002e7   Thumb Code     0  libinit2.o(.ARM.Collect$$libinit$$00000013)
    __rt_lib_init_lc_monetary_1              0x000002e7   Thumb Code     0  libinit2.o(.ARM.Collect$$libinit$$00000015)
    __rt_lib_init_lc_numeric_1               0x000002e7   Thumb Code     0  libinit2.o(.ARM.Collect$$libinit$$00000017)
    __rt_lib_init_lc_time_1                  0x000002e7   Thumb Code     0  libinit2.o(.ARM.Collect$$libinit$$00000019)
    __rt_lib_init_preinit_1                  0x000002e7   Thumb Code     0  libinit2.o(.ARM.Collect$$libinit$$00000004)
    __rt_lib_init_rand_1                     0x000002e7   Thumb Code     0  libinit2.o(.ARM.Collect$$libinit$$0000000E)
    __rt_lib_init_return                     0x000002e7   Thumb Code     0  libinit2.o(.ARM.Collect$$libinit$$00000033)
    __rt_lib_init_signal_1                   0x000002e7   Thumb Code     0  libinit2.o(.ARM.Collect$$libinit$$0000001D)
    __rt_lib_init_stdio_1                    0x000002e7   Thumb Code     0  libinit2.o(.ARM.Collect$$libinit$$00000025)
    __rt_lib_init_user_alloc_1               0x000002e7   Thumb Code     0  libinit2.o(.ARM.Collect$$libinit$$0000000C)
    __rt_lib_shutdown                        0x000002e9   Thumb Code     0  libshutdown.o(.ARM.Collect$$libshutdown$$00000000)
    __rt_lib_shutdown_cpp_1                  0x000002eb   Thumb Code     0  libshutdown2.o(.ARM.Collect$$libshutdown$$00000002)
    __rt_lib_shutdown_fp_trap_1              0x000002eb   Thumb Code     0  libshutdown2.o(.ARM.Collect$$libshutdown$$00000007)
    __rt_lib_shutdown_heap_1                 0x000002eb   Thumb Code     0  libshutdown2.o(.ARM.Collect$$libshutdown$$0000000F)
    __rt_lib_shutdown_return                 0x000002eb   Thumb Code     0  libshutdown2.o(.ARM.Collect$$libshutdown$$00000010)
    __rt_lib_shutdown_signal_1               0x000002eb   Thumb Code     0  libshutdown2.o(.ARM.Collect$$libshutdown$$0000000A)
    __rt_lib_shutdown_stdio_1                0x000002eb   Thumb Code     0  libshutdown2.o(.ARM.Collect$$libshutdown$$00000004)
    __rt_lib_shutdown_user_alloc_1           0x000002eb   Thumb Code     0  libshutdown2.o(.ARM.Collect$$libshutdown$$0000000C)
    __rt_entry                               0x000002ed   Thumb Code     0  __rtentry.o(.ARM.Collect$$rtentry$$00000000)
    __rt_entry_presh_1                       0x000002ed   Thumb Code     0  __rtentry2.o(.ARM.Collect$$rtentry$$00000002)
    __rt_entry_sh                            0x000002ed   Thumb Code     0  __rtentry4.o(.ARM.Collect$$rtentry$$00000004)
    __rt_entry_li                            0x000002f3   Thumb Code     0  __rtentry2.o(.ARM.Collect$$rtentry$$0000000A)
    __rt_entry_postsh_1                      0x000002f3   Thumb Code     0  __rtentry2.o(.ARM.Collect$$rtentry$$00000009)
    __rt_entry_main                          0x000002f7   Thumb Code     0  __rtentry2.o(.ARM.Collect$$rtentry$$0000000D)
    __rt_entry_postli_1                      0x000002f7   Thumb Code     0  __rtentry2.o(.ARM.Collect$$rtentry$$0000000C)
    __rt_exit                                0x000002ff   Thumb Code     0  rtexit.o(.ARM.Collect$$rtexit$$00000000)
    __rt_exit_ls                             0x00000301   Thumb Code     0  rtexit2.o(.ARM.Collect$$rtexit$$00000003)
    __rt_exit_prels_1                        0x00000301   Thumb Code     0  rtexit2.o(.ARM.Collect$$rtexit$$00000002)
    __rt_exit_exit                           0x00000305   Thumb Code     0  rtexit2.o(.ARM.Collect$$rtexit$$00000004)
    Reset_Handler                            0x0000030d   Thumb Code     8  startup_tm4c123.o(.text)
    NMI_Handler                              0x00000315   Thumb Code     2  startup_tm4c123.o(.text)
    HardFault_Handler                        0x00000317   Thumb Code     2  startup_tm4c123.o(.text)
    MemManage_Handler                        0x00000319   Thumb Code     2  startup_tm4c123.o(.text)
    BusFault_Handler                         0x0000031b   Thumb Code     2  startup_tm4c123.o(.text)
    UsageFault_Handler                       0x0000031d   Thumb Code     2  startup_tm4c123.o(.text)
    DebugMon_Handler                         0x00000321   Thumb Code     2  startup_tm4c123.o(.text)
    GPIOA_Handler                            0x00000327   Thumb Code     2  startup_tm4c123.o(.text)
    GPIOB_Handler                            0x00000329   Thumb Code     2  startup_tm4c123.o(.text)
    GPIOC_Handler                            0x0000032b   Thumb Code     2  startup_tm4c123.o(.text)
    GPIOD_Handler                            0x0000032d   Thumb Code     2  startup_tm4c123.o(.text)
    GPIOE_Handler                            0x0000032f   Thumb Code     2  startup_tm4c123.o(.text)
    UART0_Handler                            0x00000331   Thumb Code     2  startup_tm4c123.o(.text)
    UART1_Handler                            0x00000333   Thumb Code     2  startup_tm4c123.o(.text)
    SSI0_Handler                             0x00000335   Thumb Code     2  startup_tm4c123.o(.text)
    I2C0_Handler                             0x00000337   Thumb Code     2  startup_tm4c123.o(.text)
    PMW0_FAULT_Handler                       0x00000339   Thumb Code     2  startup_tm4c123.o(.text)
    PWM0_0_Handler                           0x0000033b   Thumb Code     2  startup_tm4c123.o(.text)
    PWM0_1_Handler                           0x0000033d   Thumb Code     2  startup_tm4c123.o(.text)
    PWM0_2_Handler                           0x0000033f   Thumb Code     2  startup_tm4c123.o(.text)
    QEI0_Handler                             0x00000341   Thumb Code     2  startup_tm4c123.o(.text)
    ADC0SS0_Handler                          0x00000343   Thumb Code     2  startup_tm4c123.o(.text)
    ADC0SS1_Handler                          0x00000345   Thumb Code     2  startup_tm4c123.o(.text)
    ADC0SS2_Handler                          0x00000347   Thumb Code     2  startup_tm4c123.o(.text)
    ADC0SS3_Handler                          0x00000349   Thumb Code     2  startup_tm4c123.o(.text)
    WDT0_Handler                             0x0000034b   Thumb Code     2  startup_tm4c123.o(.text)
    TIMER0A_Handler                          0x0000034d   Thumb Code     2  startup_tm4c123.o(.text)
    TIMER0B_Handler                          0x0000034f   Thumb Code     2  startup_tm4c123.o(.text)
    TIMER1A_Handler                          0x00000351   Thumb Code     2  startup_tm4c123.o(.text)
    TIMER1B_Handler                          0x00000353   Thumb Code     2  startup_tm4c123.o(.text)
    TIMER2A_Handler                          0x00000355   Thumb Code     2  startup_tm4c123.o(.text)
    TIMER2B_Handler                          0x00000357   Thumb Code     2  startup_tm4c123.o(.text)
    COMP0_Handler                            0x00000359   Thumb Code     2  startup_tm4c123.o(.text)
    COMP1_Handler                            0x0000035b   Thumb Code     2  startup_tm4c123.o(.text)
    COMP2_Handler                            0x0000035d   Thumb Code     2  startup_tm4c123.o(.text)
    SYSCTL_Handler                           0x0000035f   Thumb Code     2  startup_tm4c123.o(.text)
    FLASH_Handler                            0x00000361   Thumb Code     2  startup_tm4c123.o(.text)
    GPIOF_Handler                            0x00000363   Thumb Code     2  startup_tm4c123.o(.text)
    GPIOG_Handler                            0x00000365   Thumb Code     2  startup_tm4c123.o(.text)
    GPIOH_Handler                            0x00000367   Thumb Code     2  startup_tm4c123.o(.text)
    UART2_Handler                            0x00000369   Thumb Code     2  startup_tm4c123.o(.text)
    SSI1_Handler                             0x0000036b   Thumb Code     2  startup_tm4c123.o(.text)
    TIMER3A_Handler                          0x0000036d   Thumb Code     2  startup_tm4c123.o(.text)
    TIMER3B_Handler                          0x0000036f   Thumb Code     2  startup_tm4c123.o(.text)
    I2C1_Handler                             0x00000371   Thumb Code     2  startup_tm4c123.o(.text)
    QEI1_Handler                             0x00000373   Thumb Code     2  startup_tm4c123.o(.text)
    CAN0_Handler                             0x00000375   Thumb Code     2  startup_tm4c123.o(.text)
    CAN1_Handler                             0x00000377   Thumb Code     2  startup_tm4c123.o(.text)
    CAN2_Handler                             0x00000379   Thumb Code     2  startup_tm4c123.o(.text)
    HIB_Handler                              0x0000037b   Thumb Code     2  startup_tm4c123.o(.text)
    USB0_Handler                             0x0000037d   Thumb Code     2  startup_tm4c123.o(.text)
    PWM0_3_Handler                           0x0000037f   Thumb Code     2  startup_tm4c123.o(.text)
    UDMA_Handler                             0x00000381   Thumb Code     2  startup_tm4c123.o(.text)
    UDMAERR_Handler                          0x00000383   Thumb Code     2  startup_tm4c123.o(.text)
    ADC1SS0_Handler                          0x00000385   Thumb Code     2  startup_tm4c123.o(.text)
    ADC1SS1_Handler                          0x00000387   Thumb Code     2  startup_tm4c123.o(.text)
    ADC1SS2_Handler                          0x00000389   Thumb Code     2  startup_tm4c123.o(.text)
    ADC1SS3_Handler                          0x0000038b   Thumb Code     2  startup_tm4c123.o(.text)
    GPIOJ_Handler                            0x0000038d   Thumb Code     2  startup_tm4c123.o(.text)
    GPIOK_Handler                            0x0000038f   Thumb Code     2  startup_tm4c123.o(.text)
    GPIOL_Handler                            0x00000391   Thumb Code     2  startup_tm4c123.o(.text)
    SSI2_Handler                             0x00000393   Thumb Code     2  startup_tm4c123.o(.text)
    SSI3_Handler                             0x00000395   Thumb Code     2  startup_tm4c123.o(.text)
    UART3_Handler                            0x00000397   Thumb Code     2  startup_tm4c123.o(.text)
    UART4_Handler                            0x00000399   Thumb Code     2  startup_tm4c123.o(.text)
    UART5_Handler                            0x0000039b   Thumb Code     2  startup_tm4c123.o(.text)
    UART6_Handler                            0x0000039d   Thumb Code     2  startup_tm4c123.o(.text)
    UART7_Handler                            0x0000039f   Thumb Code     2  startup_tm4c123.o(.text)
    I2C2_Handler                             0x000003a1   Thumb Code     2  startup_tm4c123.o(.text)
    I2C3_Handler                             0x000003a3   Thumb Code     2  startup_tm4c123.o(.text)
    TIMER4A_Handler                          0x000003a5   Thumb Code     2  startup_tm4c123.o(.text)
    TIMER4B_Handler                          0x000003a7   Thumb Code     2  startup_tm4c123.o(.text)
    TIMER5A_Handler                          0x000003a9   Thumb Code     2  startup_tm4c123.o(.text)
    TIMER5B_Handler                          0x000003ab   Thumb Code     2  startup_tm4c123.o(.text)
    WTIMER0A_Handler                         0x000003ad   Thumb Code     2  startup_tm4c123.o(.text)
    WTIMER0B_Handler                         0x000003af   Thumb Code     2  startup_tm4c123.o(.text)
    WTIMER1A_Handler                         0x000003b1   Thumb Code     2  startup_tm4c123.o(.text)
    WTIMER1B_Handler                         0x000003b3   Thumb Code     2  startup_tm4c123.o(.text)
    WTIMER2A_Handler                         0x000003b5   Thumb Code     2  startup_tm4c123.o(.text)
    WTIMER2B_Handler                         0x000003b7   Thumb Code     2  startup_tm4c123.o(.text)
    WTIMER3A_Handler                         0x000003b9   Thumb Code     2  startup_tm4c123.o(.text)
    WTIMER3B_Handler                         0x000003bb   Thumb Code     2  startup_tm4c123.o(.text)
    WTIMER4A_Handler                         0x000003bd   Thumb Code     2  startup_tm4c123.o(.text)
    WTIMER4B_Handler                         0x000003bf   Thumb Code     2  startup_tm4c123.o(.text)
    WTIMER5A_Handler                         0x000003c1   Thumb Code     2  startup_tm4c123.o(.text)
    WTIMER5B_Handler                         0x000003c3   Thumb Code     2  startup_tm4c123.o(.text)
    FPU_Handler                              0x000003c5   Thumb Code     2  startup_tm4c123.o(.text)
    I2C4_Handler                             0x000003c7   Thumb Code     2  startup_tm4c123.o(.text)
    I2C5_Handler                             0x000003c9   Thumb Code     2  startup_tm4c123.o(.text)
    GPIOM_Handler                            0x000003cb   Thumb Code     2  startup_tm4c123.o(.text)
    GPION_Handler                            0x000003cd   Thumb Code     2  startup_tm4c123.o(.text)
    QEI2_Handler                             0x000003cf   Thumb Code     2  startup_tm4c123.o(.text)
    GPIOP0_Handler                           0x000003d1   Thumb Code     2  startup_tm4c123.o(.text)
    GPIOP1_Handler                           0x000003d3   Thumb Code     2  startup_tm4c123.o(.text)
    GPIOP2_Handler                           0x000003d5   Thumb Code     2  startup_tm4c123.o(.text)
    GPIOP3_Handler                           0x000003d7   Thumb Code     2  startup_tm4c123.o(.text)
    GPIOP4_Handler                           0x000003d9   Thumb Code     2  startup_tm4c123.o(.text)
    GPIOP5_Handler                           0x000003db   Thumb Code     2  startup_tm4c123.o(.text)
    GPIOP6_Handler                           0x000003dd   Thumb Code     2  startup_tm4c123.o(.text)
    GPIOP7_Handler                           0x000003df   Thumb Code     2  startup_tm4c123.o(.text)
    GPIOQ0_Handler                           0x000003e1   Thumb Code     2  startup_tm4c123.o(.text)
    GPIOQ1_Handler                           0x000003e3   Thumb Code     2  startup_tm4c123.o(.text)
    GPIOQ2_Handler                           0x000003e5   Thumb Code     2  startup_tm4c123.o(.text)
    GPIOQ3_Handler                           0x000003e7   Thumb Code     2  startup_tm4c123.o(.text)
    GPIOQ4_Handler                           0x000003e9   Thumb Code     2  startup_tm4c123.o(.text)
    GPIOQ5_Handler                           0x000003eb   Thumb Code     2  startup_tm4c123.o(.text)
    GPIOQ6_Handler                           0x000003ed   Thumb Code     2  startup_tm4c123.o(.text)
    GPIOQ7_Handler                           0x000003ef   Thumb Code     2  startup_tm4c123.o(.text)
    GPIOR_Handler                            0x000003f1   Thumb Code     2  startup_tm4c123.o(.text)
    GPIOS_Handler                            0x000003f3   Thumb Code     2  startup_tm4c123.o(.text)
    PMW1_0_Handler                           0x000003f5   Thumb Code     2  startup_tm4c123.o(.text)
    PWM1_1_Handler                           0x000003f7   Thumb Code     2  startup_tm4c123.o(.text)
    PWM1_2_Handler                           0x000003f9   Thumb Code     2  startup_tm4c123.o(.text)
    PWM1_3_Handler                           0x000003fb   Thumb Code     2  startup_tm4c123.o(.text)
    PWM1_FAULT_Handler                       0x000003fd   Thumb Code     2  startup_tm4c123.o(.text)
    __user_initial_stackheap                 0x00000401   Thumb Code     0  startup_tm4c123.o(.text)
    strlen                                   0x00000421   Thumb Code    62  strlen.o(.text)
    __aeabi_memcpy                           0x0000045f   Thumb Code     0  rt_memcpy_v6.o(.text)
    __rt_memcpy                              0x0000045f   Thumb Code   138  rt_memcpy_v6.o(.text)
    _memcpy_lastbytes                        0x000004c5   Thumb Code     0  rt_memcpy_v6.o(.text)
    __aeabi_memset4                          0x000004e9   Thumb Code    16  aeabi_memset4.o(.text)
    __aeabi_memset8                          0x000004e9   Thumb Code     0  aeabi_memset4.o(.text)
    __use_two_region_memory                  0x000004f9   Thumb Code     2  heapauxi.o(.text)
    __rt_heap_escrow$2region                 0x000004fb   Thumb Code     2  heapauxi.o(.text)
    __rt_heap_expand$2region                 0x000004fd   Thumb Code     2  heapauxi.o(.text)
    __aeabi_memcpy4                          0x000004ff   Thumb Code     0  rt_memcpy_w.o(.text)
    __aeabi_memcpy8                          0x000004ff   Thumb Code     0  rt_memcpy_w.o(.text)
    __rt_memcpy_w                            0x000004ff   Thumb Code   100  rt_memcpy_w.o(.text)
    _memcpy_lastbytes_aligned                0x00000547   Thumb Code     0  rt_memcpy_w.o(.text)
    __aeabi_memclr4                          0x00000563   Thumb Code     0  rt_memclr_w.o(.text)
    __aeabi_memclr8                          0x00000563   Thumb Code     0  rt_memclr_w.o(.text)
    __rt_memclr_w                            0x00000563   Thumb Code     0  rt_memclr_w.o(.text)
    _memset_w                                0x00000567   Thumb Code    74  rt_memclr_w.o(.text)
    __user_setup_stackheap                   0x000005b1   Thumb Code    74  sys_stackheap_outer.o(.text)
    exit                                     0x000005fb   Thumb Code    18  exit.o(.text)
    __user_libspace                          0x0000060d   Thumb Code     8  libspace.o(.text)
    __user_perproc_libspace                  0x0000060d   Thumb Code     0  libspace.o(.text)
    __user_perthread_libspace                0x0000060d   Thumb Code     0  libspace.o(.text)
    _sys_exit                                0x00000615   Thumb Code     8  sys_exit.o(.text)
    __I$use$semihosting                      0x00000621   Thumb Code     0  use_no_semi.o(.text)
    __use_no_semihosting_swi                 0x00000621   Thumb Code     2  use_no_semi.o(.text)
    __semihosting_library_function           0x00000623   Thumb Code     0  indicate_semi.o(.text)
    PendSV_Handler                           0x00000631   Thumb Code   100  port.o(.text.PendSV_Handler)
    SVC_Handler                              0x000006a1   Thumb Code    36  port.o(.text.SVC_Handler)
    SysTick_Handler                          0x000006c5   Thumb Code    46  port.o(.text.SysTick_Handler)
    SystemInit                               0x000006f5   Thumb Code    18  system_tm4c123.o(.text.SystemInit)
    TASK1                                    0x00000709   Thumb Code   180  main.o(.text.TASK1)
    TASK2                                    0x000007bd   Thumb Code   112  main.o(.text.TASK2)
    TASK3                                    0x0000087d   Thumb Code    84  main.o(.text.TASK3)
    TASK4                                    0x000008e9   Thumb Code    58  main.o(.text.TASK4)
    adc_init                                 0x00000925   Thumb Code   116  adcconfig.o(.text.adc_init)
    adc_read                                 0x00000999   Thumb Code    36  adcconfig.o(.text.adc_read)
    delayMs                                  0x000009bd   Thumb Code    36  lcdconfig.o(.text.delayMs)
    delayUs                                  0x000009e1   Thumb Code    28  lcdconfig.o(.text.delayUs)
    eTaskConfirmSleepModeStatus              0x000009fd   Thumb Code    72  tasks.o(.text.eTaskConfirmSleepModeStatus)
    gpiosInit                                0x00000a45   Thumb Code   256  main.o(.text.gpiosInit)
    lcdClear                                 0x00000b45   Thumb Code    10  lcdconfig.o(.text.lcdClear)
    lcdCmd                                   0x00000b51   Thumb Code    52  lcdconfig.o(.text.lcdCmd)
    lcdData                                  0x00000b85   Thumb Code    42  lcdconfig.o(.text.lcdData)
    lcdDisplay                               0x00000bb1   Thumb Code    36  lcdconfig.o(.text.lcdDisplay)
    lcdLine                                  0x00000bd5   Thumb Code    28  lcdconfig.o(.text.lcdLine)
    lcdStart                                 0x00000bf1   Thumb Code   118  lcdconfig.o(.text.lcdStart)
    main                                     0x00000c69   Thumb Code   172  main.o(.text.main)
    print                                    0x00000d59   Thumb Code    28  main.o(.text.print)
    printchar                                0x00000d75   Thumb Code    18  main.o(.text.printchar)
    pvPortMalloc                             0x00001735   Thumb Code   106  heap_1.o(.text.pvPortMalloc)
    pxPortInitialiseStack                    0x000017a1   Thumb Code    40  port.o(.text.pxPortInitialiseStack)
    toString                                 0x000017c9   Thumb Code    60  main.o(.text.toString)
    uxListRemove                             0x00001805   Thumb Code    36  list.o(.text.uxListRemove)
    vListInitialise                          0x00001829   Thumb Code    22  list.o(.text.vListInitialise)
    vListInitialiseItem                      0x00001841   Thumb Code     6  list.o(.text.vListInitialiseItem)
    vListInsert                              0x00001849   Thumb Code    58  list.o(.text.vListInsert)
    vPortEnterCritical                       0x00001899   Thumb Code    70  port.o(.text.vPortEnterCritical)
    vPortExitCritical                        0x000018e1   Thumb Code    46  port.o(.text.vPortExitCritical)
    vPortFree                                0x00001911   Thumb Code    26  heap_1.o(.text.vPortFree)
    vPortSetupTimerInterrupt                 0x0000192d   Thumb Code   100  port.o(.text.vPortSetupTimerInterrupt)
    vPortSuppressTicksAndSleep               0x00001991   Thumb Code   276  port.o(.text.vPortSuppressTicksAndSleep)
    vQueueWaitForMessageRestricted           0x00001aa5   Thumb Code    68  queue.o(.text.vQueueWaitForMessageRestricted)
    vTaskDelay                               0x00001ae9   Thumb Code    84  tasks.o(.text.vTaskDelay)
    vTaskInternalSetTimeOutState             0x00001b3d   Thumb Code    26  tasks.o(.text.vTaskInternalSetTimeOutState)
    vTaskMissedYield                         0x00001b59   Thumb Code    14  tasks.o(.text.vTaskMissedYield)
    vTaskPlaceOnEventList                    0x00001b69   Thumb Code    50  tasks.o(.text.vTaskPlaceOnEventList)
    vTaskPlaceOnEventListRestricted          0x00001b9d   Thumb Code   110  tasks.o(.text.vTaskPlaceOnEventListRestricted)
    vTaskStartScheduler                      0x00001c0d   Thumb Code   148  tasks.o(.text.vTaskStartScheduler)
    vTaskStepTick                            0x00001ca9   Thumb Code    54  tasks.o(.text.vTaskStepTick)
    vTaskSuspendAll                          0x00001ce1   Thumb Code    16  tasks.o(.text.vTaskSuspendAll)
    vTaskSwitchContext                       0x00001cf1   Thumb Code   134  tasks.o(.text.vTaskSwitchContext)
    xPortStartScheduler                      0x00001d79   Thumb Code   274  port.o(.text.xPortStartScheduler)
    xQueueGenericCreate                      0x00001e8d   Thumb Code    82  queue.o(.text.xQueueGenericCreate)
    xQueueGenericReset                       0x00001ee1   Thumb Code   178  queue.o(.text.xQueueGenericReset)
    xQueueGenericSend                        0x00001f95   Thumb Code   464  queue.o(.text.xQueueGenericSend)
    xQueueReceive                            0x00002165   Thumb Code   388  queue.o(.text.xQueueReceive)
    xTaskCheckForTimeOut                     0x000022e9   Thumb Code   166  tasks.o(.text.xTaskCheckForTimeOut)
    xTaskCreate                              0x00002391   Thumb Code    96  tasks.o(.text.xTaskCreate)
    xTaskGetSchedulerState                   0x000023f1   Thumb Code    38  tasks.o(.text.xTaskGetSchedulerState)
    xTaskGetTickCount                        0x00002419   Thumb Code    12  tasks.o(.text.xTaskGetTickCount)
    xTaskIncrementTick                       0x00002425   Thumb Code   426  tasks.o(.text.xTaskIncrementTick)
    xTaskPriorityDisinherit                  0x000025d1   Thumb Code   194  tasks.o(.text.xTaskPriorityDisinherit)
    xTaskRemoveFromEventList                 0x00002695   Thumb Code   246  tasks.o(.text.xTaskRemoveFromEventList)
    xTaskResumeAll                           0x0000278d   Thumb Code   364  tasks.o(.text.xTaskResumeAll)
    xTimerCreateTimerTask                    0x000028f9   Thumb Code    88  timers.o(.text.xTimerCreateTimerTask)
    _fp_init                                 0x00002959   Thumb Code    26  fpinit.o(x$fpl$fpinit)
    __fplib_config_fpu_vfp                   0x00002971   Thumb Code     0  fpinit.o(x$fpl$fpinit)
    __fplib_config_pureend_doubles           0x00002971   Thumb Code     0  fpinit.o(x$fpl$fpinit)
    uxTopUsedPriority                        0x00002974   Data           4  tasks.o(.rodata.uxTopUsedPriority)
    Region$$Table$$Base                      0x00002978   Number         0  anon$$obj.o(Region$$Table)
    Region$$Table$$Limit                     0x00002998   Number         0  anon$$obj.o(Region$$Table)
    SystemCoreClock                          0x20000000   Data           4  system_tm4c123.o(.data.SystemCoreClock)
    __libspace_start                         0x20000008   Data          96  libspace.o(.bss)
    __temporary_stack_top$libspace           0x20000068   Data           0  libspace.o(.bss)
    pxCurrentTCB                             0x20000070   Data           4  tasks.o(.bss.pxCurrentTCB)
    xBuzzerQueue                             0x20007664   Data           4  main.o(.bss.xBuzzerQueue)
    xLCDQueue                                0x20007694   Data           4  main.o(.bss.xLCDQueue)
    xUARTQueue                               0x200076f8   Data           4  main.o(.bss.xUARTQueue)



==============================================================================

Memory Map of the image

  Image Entry point : 0x0000030d

  Load Region LR_1 (Base: 0x00000000, Size: 0x000029a0, Max: 0xffffffff, ABSOLUTE)

    Execution Region ER_RO (Exec base: 0x00000000, Load base: 0x00000000, Size: 0x00002998, Max: 0xffffffff, ABSOLUTE)

    Exec Addr    Load Addr    Size         Type   Attr      Idx    E Section Name        Object

    0x00000000   0x00000000   0x0000026c   Data   RO           69    RESET               startup_tm4c123.o
    0x0000026c   0x0000026c   0x00000008   Code   RO          507  * !!!main             c_w.l(__main.o)
    0x00000274   0x00000274   0x00000034   Code   RO          674    !!!scatter          c_w.l(__scatter.o)
    0x000002a8   0x000002a8   0x0000001a   Code   RO          676    !!handler_copy      c_w.l(__scatter_copy.o)
    0x000002c2   0x000002c2   0x00000002   PAD
    0x000002c4   0x000002c4   0x0000001c   Code   RO          678    !!handler_zi        c_w.l(__scatter_zi.o)
    0x000002e0   0x000002e0   0x00000002   Code   RO          538    .ARM.Collect$$libinit$$00000000  c_w.l(libinit.o)
    0x000002e2   0x000002e2   0x00000004   Code   RO          544    .ARM.Collect$$libinit$$00000001  c_w.l(libinit2.o)
    0x000002e6   0x000002e6   0x00000000   Code   RO          547    .ARM.Collect$$libinit$$00000004  c_w.l(libinit2.o)
    0x000002e6   0x000002e6   0x00000000   Code   RO          550    .ARM.Collect$$libinit$$0000000A  c_w.l(libinit2.o)
    0x000002e6   0x000002e6   0x00000000   Code   RO          552    .ARM.Collect$$libinit$$0000000C  c_w.l(libinit2.o)
    0x000002e6   0x000002e6   0x00000000   Code   RO          554    .ARM.Collect$$libinit$$0000000E  c_w.l(libinit2.o)
    0x000002e6   0x000002e6   0x00000000   Code   RO          557    .ARM.Collect$$libinit$$00000011  c_w.l(libinit2.o)
    0x000002e6   0x000002e6   0x00000000   Code   RO          559    .ARM.Collect$$libinit$$00000013  c_w.l(libinit2.o)
    0x000002e6   0x000002e6   0x00000000   Code   RO          561    .ARM.Collect$$libinit$$00000015  c_w.l(libinit2.o)
    0x000002e6   0x000002e6   0x00000000   Code   RO          563    .ARM.Collect$$libinit$$00000017  c_w.l(libinit2.o)
    0x000002e6   0x000002e6   0x00000000   Code   RO          565    .ARM.Collect$$libinit$$00000019  c_w.l(libinit2.o)
    0x000002e6   0x000002e6   0x00000000   Code   RO          567    .ARM.Collect$$libinit$$0000001B  c_w.l(libinit2.o)
    0x000002e6   0x000002e6   0x00000000   Code   RO          569    .ARM.Collect$$libinit$$0000001D  c_w.l(libinit2.o)
    0x000002e6   0x000002e6   0x00000000   Code   RO          571    .ARM.Collect$$libinit$$0000001F  c_w.l(libinit2.o)
    0x000002e6   0x000002e6   0x00000000   Code   RO          573    .ARM.Collect$$libinit$$00000021  c_w.l(libinit2.o)
    0x000002e6   0x000002e6   0x00000000   Code   RO          575    .ARM.Collect$$libinit$$00000023  c_w.l(libinit2.o)
    0x000002e6   0x000002e6   0x00000000   Code   RO          577    .ARM.Collect$$libinit$$00000025  c_w.l(libinit2.o)
    0x000002e6   0x000002e6   0x00000000   Code   RO          581    .ARM.Collect$$libinit$$0000002C  c_w.l(libinit2.o)
    0x000002e6   0x000002e6   0x00000000   Code   RO          583    .ARM.Collect$$libinit$$0000002E  c_w.l(libinit2.o)
    0x000002e6   0x000002e6   0x00000000   Code   RO          585    .ARM.Collect$$libinit$$00000030  c_w.l(libinit2.o)
    0x000002e6   0x000002e6   0x00000000   Code   RO          587    .ARM.Collect$$libinit$$00000032  c_w.l(libinit2.o)
    0x000002e6   0x000002e6   0x00000002   Code   RO          588    .ARM.Collect$$libinit$$00000033  c_w.l(libinit2.o)
    0x000002e8   0x000002e8   0x00000002   Code   RO          610    .ARM.Collect$$libshutdown$$00000000  c_w.l(libshutdown.o)
    0x000002ea   0x000002ea   0x00000000   Code   RO          625    .ARM.Collect$$libshutdown$$00000002  c_w.l(libshutdown2.o)
    0x000002ea   0x000002ea   0x00000000   Code   RO          627    .ARM.Collect$$libshutdown$$00000004  c_w.l(libshutdown2.o)
    0x000002ea   0x000002ea   0x00000000   Code   RO          630    .ARM.Collect$$libshutdown$$00000007  c_w.l(libshutdown2.o)
    0x000002ea   0x000002ea   0x00000000   Code   RO          633    .ARM.Collect$$libshutdown$$0000000A  c_w.l(libshutdown2.o)
    0x000002ea   0x000002ea   0x00000000   Code   RO          635    .ARM.Collect$$libshutdown$$0000000C  c_w.l(libshutdown2.o)
    0x000002ea   0x000002ea   0x00000000   Code   RO          638    .ARM.Collect$$libshutdown$$0000000F  c_w.l(libshutdown2.o)
    0x000002ea   0x000002ea   0x00000002   Code   RO          639    .ARM.Collect$$libshutdown$$00000010  c_w.l(libshutdown2.o)
    0x000002ec   0x000002ec   0x00000000   Code   RO          509    .ARM.Collect$$rtentry$$00000000  c_w.l(__rtentry.o)
    0x000002ec   0x000002ec   0x00000000   Code   RO          515    .ARM.Collect$$rtentry$$00000002  c_w.l(__rtentry2.o)
    0x000002ec   0x000002ec   0x00000006   Code   RO          527    .ARM.Collect$$rtentry$$00000004  c_w.l(__rtentry4.o)
    0x000002f2   0x000002f2   0x00000000   Code   RO          517    .ARM.Collect$$rtentry$$00000009  c_w.l(__rtentry2.o)
    0x000002f2   0x000002f2   0x00000004   Code   RO          518    .ARM.Collect$$rtentry$$0000000A  c_w.l(__rtentry2.o)
    0x000002f6   0x000002f6   0x00000000   Code   RO          520    .ARM.Collect$$rtentry$$0000000C  c_w.l(__rtentry2.o)
    0x000002f6   0x000002f6   0x00000008   Code   RO          521    .ARM.Collect$$rtentry$$0000000D  c_w.l(__rtentry2.o)
    0x000002fe   0x000002fe   0x00000002   Code   RO          542    .ARM.Collect$$rtexit$$00000000  c_w.l(rtexit.o)
    0x00000300   0x00000300   0x00000000   Code   RO          590    .ARM.Collect$$rtexit$$00000002  c_w.l(rtexit2.o)
    0x00000300   0x00000300   0x00000004   Code   RO          591    .ARM.Collect$$rtexit$$00000003  c_w.l(rtexit2.o)
    0x00000304   0x00000304   0x00000006   Code   RO          592    .ARM.Collect$$rtexit$$00000004  c_w.l(rtexit2.o)
    0x0000030a   0x0000030a   0x00000002   PAD
    0x0000030c   0x0000030c   0x00000114   Code   RO           70  * .text               startup_tm4c123.o
    0x00000420   0x00000420   0x0000003e   Code   RO          499    .text               c_w.l(strlen.o)
    0x0000045e   0x0000045e   0x0000008a   Code   RO          501    .text               c_w.l(rt_memcpy_v6.o)
    0x000004e8   0x000004e8   0x00000010   Code   RO          503    .text               c_w.l(aeabi_memset4.o)
    0x000004f8   0x000004f8   0x00000006   Code   RO          505    .text               c_w.l(heapauxi.o)
    0x000004fe   0x000004fe   0x00000064   Code   RO          510    .text               c_w.l(rt_memcpy_w.o)
    0x00000562   0x00000562   0x0000004e   Code   RO          512    .text               c_w.l(rt_memclr_w.o)
    0x000005b0   0x000005b0   0x0000004a   Code   RO          529    .text               c_w.l(sys_stackheap_outer.o)
    0x000005fa   0x000005fa   0x00000012   Code   RO          531    .text               c_w.l(exit.o)
    0x0000060c   0x0000060c   0x00000008   Code   RO          539    .text               c_w.l(libspace.o)
    0x00000614   0x00000614   0x0000000c   Code   RO          600    .text               c_w.l(sys_exit.o)
    0x00000620   0x00000620   0x00000002   Code   RO          615    .text               c_w.l(use_no_semi.o)
    0x00000622   0x00000622   0x00000000   Code   RO          617    .text               c_w.l(indicate_semi.o)
    0x00000622   0x00000622   0x0000000e   PAD
    0x00000630   0x00000630   0x00000064   Code   RO          132    .text.PendSV_Handler  port.o
    0x00000694   0x00000694   0x0000000c   PAD
    0x000006a0   0x000006a0   0x00000024   Code   RO          116    .text.SVC_Handler   port.o
    0x000006c4   0x000006c4   0x0000002e   Code   RO          134    .text.SysTick_Handler  port.o
    0x000006f2   0x000006f2   0x00000002   PAD
    0x000006f4   0x000006f4   0x00000012   Code   RO           81    .text.SystemInit    system_tm4c123.o
    0x00000706   0x00000706   0x00000002   PAD
    0x00000708   0x00000708   0x000000b4   Code   RO           10    .text.TASK1         main.o
    0x000007bc   0x000007bc   0x000000c0   Code   RO           12    .text.TASK2         main.o
    0x0000087c   0x0000087c   0x0000006c   Code   RO           14    .text.TASK3         main.o
    0x000008e8   0x000008e8   0x0000003a   Code   RO           16    .text.TASK4         main.o
    0x00000922   0x00000922   0x00000002   PAD
    0x00000924   0x00000924   0x00000074   Code   RO           56    .text.adc_init      adcconfig.o
    0x00000998   0x00000998   0x00000024   Code   RO           58    .text.adc_read      adcconfig.o
    0x000009bc   0x000009bc   0x00000024   Code   RO           34    .text.delayMs       lcdconfig.o
    0x000009e0   0x000009e0   0x0000001c   Code   RO           32    .text.delayUs       lcdconfig.o
    0x000009fc   0x000009fc   0x00000048   Code   RO          355    .text.eTaskConfirmSleepModeStatus  tasks.o
    0x00000a44   0x00000a44   0x00000100   Code   RO            8    .text.gpiosInit     main.o
    0x00000b44   0x00000b44   0x0000000a   Code   RO           42    .text.lcdClear      lcdconfig.o
    0x00000b4e   0x00000b4e   0x00000002   PAD
    0x00000b50   0x00000b50   0x00000034   Code   RO           36    .text.lcdCmd        lcdconfig.o
    0x00000b84   0x00000b84   0x0000002a   Code   RO           40    .text.lcdData       lcdconfig.o
    0x00000bae   0x00000bae   0x00000002   PAD
    0x00000bb0   0x00000bb0   0x00000024   Code   RO           46    .text.lcdDisplay    lcdconfig.o
    0x00000bd4   0x00000bd4   0x0000001c   Code   RO           44    .text.lcdLine       lcdconfig.o
    0x00000bf0   0x00000bf0   0x00000076   Code   RO           38    .text.lcdStart      lcdconfig.o
    0x00000c66   0x00000c66   0x00000002   PAD
    0x00000c68   0x00000c68   0x000000f0   Code   RO           18    .text.main          main.o
    0x00000d58   0x00000d58   0x0000001c   Code   RO            6    .text.print         main.o
    0x00000d74   0x00000d74   0x00000012   Code   RO            4    .text.printchar     main.o
    0x00000d86   0x00000d86   0x00000002   PAD
    0x00000d88   0x00000d88   0x000000c6   Code   RO          277    .text.prvAddCurrentTaskToDelayedList  tasks.o
    0x00000e4e   0x00000e4e   0x00000002   PAD
    0x00000e50   0x00000e50   0x000000ce   Code   RO          265    .text.prvAddNewTaskToReadyList  tasks.o
    0x00000f1e   0x00000f1e   0x00000002   PAD
    0x00000f20   0x00000f20   0x0000005a   Code   RO          431    .text.prvCheckForValidListAndQueue  timers.o
    0x00000f7a   0x00000f7a   0x00000002   PAD
    0x00000f7c   0x00000f7c   0x0000004e   Code   RO          395    .text.prvCheckTasksWaitingTermination  tasks.o
    0x00000fca   0x00000fca   0x00000002   PAD
    0x00000fcc   0x00000fcc   0x00000026   Code   RO          211    .text.prvCopyDataFromQueue  queue.o
    0x00000ff2   0x00000ff2   0x00000002   PAD
    0x00000ff4   0x00000ff4   0x0000007a   Code   RO          197    .text.prvCopyDataToQueue  queue.o
    0x0000106e   0x0000106e   0x00000002   PAD
    0x00001070   0x00001070   0x00000012   Code   RO          271    .text.prvDeleteTCB  tasks.o
    0x00001082   0x00001082   0x00000002   PAD
    0x00001084   0x00001084   0x00000044   Code   RO          397    .text.prvGetExpectedIdleTime  tasks.o
    0x000010c8   0x000010c8   0x00000020   Code   RO          467    .text.prvGetNextExpireTime  timers.o
    0x000010e8   0x000010e8   0x00000072   Code   RO          303    .text.prvIdleTask   tasks.o
    0x0000115a   0x0000115a   0x00000002   PAD
    0x0000115c   0x0000115c   0x00000024   Code   RO          177    .text.prvInitialiseNewQueue  queue.o
    0x00001180   0x00001180   0x000000aa   Code   RO          263    .text.prvInitialiseNewTask  tasks.o
    0x0000122a   0x0000122a   0x00000002   PAD
    0x0000122c   0x0000122c   0x0000006e   Code   RO          393    .text.prvInitialiseTaskLists  tasks.o
    0x0000129a   0x0000129a   0x00000002   PAD
    0x0000129c   0x0000129c   0x00000040   Code   RO          481    .text.prvInsertTimerInActiveList  timers.o
    0x000012dc   0x000012dc   0x00000018   Code   RO          213    .text.prvIsQueueEmpty  queue.o
    0x000012f4   0x000012f4   0x0000001c   Code   RO          201    .text.prvIsQueueFull  queue.o
    0x00001310   0x00001310   0x0000008e   Code   RO          199    .text.prvNotifyQueueSetContainer  queue.o
    0x0000139e   0x0000139e   0x00000002   PAD
    0x000013a0   0x000013a0   0x00000028   Code   RO          124    .text.prvPortStartFirstTask  port.o
    0x000013c8   0x000013c8   0x0000003e   Code   RO          475    .text.prvProcessExpiredTimer  timers.o
    0x00001406   0x00001406   0x00000002   PAD
    0x00001408   0x00001408   0x00000112   Code   RO          471    .text.prvProcessReceivedCommands  timers.o
    0x0000151a   0x0000151a   0x00000002   PAD
    0x0000151c   0x0000151c   0x00000080   Code   RO          469    .text.prvProcessTimerOrBlockTask  timers.o
    0x0000159c   0x0000159c   0x0000003a   Code   RO          479    .text.prvReloadTimer  timers.o
    0x000015d6   0x000015d6   0x00000002   PAD
    0x000015d8   0x000015d8   0x00000026   Code   RO          269    .text.prvResetNextTaskUnblockTime  tasks.o
    0x000015fe   0x000015fe   0x00000002   PAD
    0x00001600   0x00001600   0x0000002a   Code   RO          473    .text.prvSampleTimeNow  timers.o
    0x0000162a   0x0000162a   0x00000002   PAD
    0x0000162c   0x0000162c   0x00000034   Code   RO          477    .text.prvSwitchTimerLists  timers.o
    0x00001660   0x00001660   0x00000032   Code   RO          114    .text.prvTaskExitError  port.o
    0x00001692   0x00001692   0x00000002   PAD
    0x00001694   0x00001694   0x00000016   Code   RO          433    .text.prvTimerTask  timers.o
    0x000016aa   0x000016aa   0x00000002   PAD
    0x000016ac   0x000016ac   0x00000086   Code   RO          203    .text.prvUnlockQueue  queue.o
    0x00001732   0x00001732   0x00000002   PAD
    0x00001734   0x00001734   0x0000006a   Code   RO          154    .text.pvPortMalloc  heap_1.o
    0x0000179e   0x0000179e   0x00000002   PAD
    0x000017a0   0x000017a0   0x00000028   Code   RO          112    .text.pxPortInitialiseStack  port.o
    0x000017c8   0x000017c8   0x0000003c   Code   RO            2    .text.toString      main.o
    0x00001804   0x00001804   0x00000024   Code   RO          102    .text.uxListRemove  list.o
    0x00001828   0x00001828   0x00000016   Code   RO           94    .text.vListInitialise  list.o
    0x0000183e   0x0000183e   0x00000002   PAD
    0x00001840   0x00001840   0x00000006   Code   RO           96    .text.vListInitialiseItem  list.o
    0x00001846   0x00001846   0x00000002   PAD
    0x00001848   0x00001848   0x0000003a   Code   RO          100    .text.vListInsert   list.o
    0x00001882   0x00001882   0x00000002   PAD
    0x00001884   0x00001884   0x00000014   Code   RO          122    .text.vPortEnableVFP  port.o
    0x00001898   0x00001898   0x00000046   Code   RO          128    .text.vPortEnterCritical  port.o
    0x000018de   0x000018de   0x00000002   PAD
    0x000018e0   0x000018e0   0x0000002e   Code   RO          130    .text.vPortExitCritical  port.o
    0x0000190e   0x0000190e   0x00000002   PAD
    0x00001910   0x00001910   0x0000001a   Code   RO          156    .text.vPortFree     heap_1.o
    0x0000192a   0x0000192a   0x00000002   PAD
    0x0000192c   0x0000192c   0x00000064   Code   RO          120    .text.vPortSetupTimerInterrupt  port.o
    0x00001990   0x00001990   0x00000114   Code   RO          136    .text.vPortSuppressTicksAndSleep  port.o
    0x00001aa4   0x00001aa4   0x00000044   Code   RO          241    .text.vQueueWaitForMessageRestricted  queue.o
    0x00001ae8   0x00001ae8   0x00000054   Code   RO          281    .text.vTaskDelay    tasks.o
    0x00001b3c   0x00001b3c   0x0000001a   Code   RO          345    .text.vTaskInternalSetTimeOutState  tasks.o
    0x00001b56   0x00001b56   0x00000002   PAD
    0x00001b58   0x00001b58   0x0000000e   Code   RO          349    .text.vTaskMissedYield  tasks.o
    0x00001b66   0x00001b66   0x00000002   PAD
    0x00001b68   0x00001b68   0x00000032   Code   RO          333    .text.vTaskPlaceOnEventList  tasks.o
    0x00001b9a   0x00001b9a   0x00000002   PAD
    0x00001b9c   0x00001b9c   0x0000006e   Code   RO          337    .text.vTaskPlaceOnEventListRestricted  tasks.o
    0x00001c0a   0x00001c0a   0x00000002   PAD
    0x00001c0c   0x00001c0c   0x0000009c   Code   RO          301    .text.vTaskStartScheduler  tasks.o
    0x00001ca8   0x00001ca8   0x00000036   Code   RO          327    .text.vTaskStepTick  tasks.o
    0x00001cde   0x00001cde   0x00000002   PAD
    0x00001ce0   0x00001ce0   0x00000010   Code   RO          275    .text.vTaskSuspendAll  tasks.o
    0x00001cf0   0x00001cf0   0x00000086   Code   RO          293    .text.vTaskSwitchContext  tasks.o
    0x00001d76   0x00001d76   0x00000002   PAD
    0x00001d78   0x00001d78   0x00000112   Code   RO          118    .text.xPortStartScheduler  port.o
    0x00001e8a   0x00001e8a   0x00000002   PAD
    0x00001e8c   0x00001e8c   0x00000052   Code   RO          175    .text.xQueueGenericCreate  queue.o
    0x00001ede   0x00001ede   0x00000002   PAD
    0x00001ee0   0x00001ee0   0x000000b2   Code   RO          173    .text.xQueueGenericReset  queue.o
    0x00001f92   0x00001f92   0x00000002   PAD
    0x00001f94   0x00001f94   0x000001d0   Code   RO          189    .text.xQueueGenericSend  queue.o
    0x00002164   0x00002164   0x00000184   Code   RO          209    .text.xQueueReceive  queue.o
    0x000022e8   0x000022e8   0x000000a6   Code   RO          347    .text.xTaskCheckForTimeOut  tasks.o
    0x0000238e   0x0000238e   0x00000002   PAD
    0x00002390   0x00002390   0x00000060   Code   RO          261    .text.xTaskCreate   tasks.o
    0x000023f0   0x000023f0   0x00000026   Code   RO          367    .text.xTaskGetSchedulerState  tasks.o
    0x00002416   0x00002416   0x00000002   PAD
    0x00002418   0x00002418   0x0000000c   Code   RO          309    .text.xTaskGetTickCount  tasks.o
    0x00002424   0x00002424   0x000001aa   Code   RO          307    .text.xTaskIncrementTick  tasks.o
    0x000025ce   0x000025ce   0x00000002   PAD
    0x000025d0   0x000025d0   0x000000c2   Code   RO          371    .text.xTaskPriorityDisinherit  tasks.o
    0x00002692   0x00002692   0x00000002   PAD
    0x00002694   0x00002694   0x000000f6   Code   RO          339    .text.xTaskRemoveFromEventList  tasks.o
    0x0000278a   0x0000278a   0x00000002   PAD
    0x0000278c   0x0000278c   0x0000016c   Code   RO          279    .text.xTaskResumeAll  tasks.o
    0x000028f8   0x000028f8   0x00000060   Code   RO          429    .text.xTimerCreateTimerTask  timers.o
    0x00002958   0x00002958   0x0000001a   Code   RO          598    x$fpl$fpinit        fz_wm.l(fpinit.o)
    0x00002972   0x00002972   0x00000002   PAD
    0x00002974   0x00002974   0x00000004   Data   RO          400    .rodata.uxTopUsedPriority  tasks.o
    0x00002978   0x00002978   0x00000020   Data   RO          673    Region$$Table       anon$$obj.o


    Execution Region ER_RW (Exec base: 0x20000000, Load base: 0x00002998, Size: 0x00000008, Max: 0xffffffff, ABSOLUTE)

    Exec Addr    Load Addr    Size         Type   Attr      Idx    E Section Name        Object

    0x20000000   0x00002998   0x00000004   Data   RW           83    .data.SystemCoreClock  system_tm4c123.o
    0x20000004   0x0000299c   0x00000004   Data   RW          142    .data.uxCriticalNesting  port.o


    Execution Region ER_ZI (Exec base: 0x20000008, Load base: 0x000029a0, Size: 0x000078f8, Max: 0xffffffff, ABSOLUTE)

    Exec Addr    Load Addr    Size         Type   Attr      Idx    E Section Name        Object

    0x20000008        -       0x00000060   Zero   RW          540    .bss                c_w.l(libspace.o)
    0x20000068        -       0x00000004   Zero   RW          487    .bss.prvSampleTimeNow.xLastTime  timers.o
    0x2000006c        -       0x00000004   Zero   RW          162    .bss.pvPortMalloc.pucAlignedHeap  heap_1.o
    0x20000070        -       0x00000004   Zero   RW          399    .bss.pxCurrentTCB   tasks.o
    0x20000074        -       0x00000004   Zero   RW          485    .bss.pxCurrentTimerList  timers.o
    0x20000078        -       0x00000004   Zero   RW          410    .bss.pxDelayedTaskList  tasks.o
    0x2000007c        -       0x00000004   Zero   RW          411    .bss.pxOverflowDelayedTaskList  tasks.o
    0x20000080        -       0x00000004   Zero   RW          486    .bss.pxOverflowTimerList  timers.o
    0x20000084        -       0x00000064   Zero   RW          401    .bss.pxReadyTasksLists  tasks.o
    0x200000e8        -       0x00007530   Zero   RW          163    .bss.ucHeap         heap_1.o
    0x20007618        -       0x00000001   Zero   RW          140    .bss.ucMaxSysCallPriority  port.o
    0x20007619   0x000029a0   0x00000003   PAD
    0x2000761c        -       0x00000004   Zero   RW          141    .bss.ulMaxPRIGROUPValue  port.o
    0x20007620        -       0x00000001   Zero   RW          145    .bss.ulStoppedTimerCompensation  port.o
    0x20007621   0x000029a0   0x00000003   PAD
    0x20007624        -       0x00000004   Zero   RW          144    .bss.ulTimerCountsForOneTick  port.o
    0x20007628        -       0x00000004   Zero   RW          406    .bss.uxCurrentNumberOfTasks  tasks.o
    0x2000762c        -       0x00000004   Zero   RW          405    .bss.uxDeletedTasksWaitingCleanUp  tasks.o
    0x20007630        -       0x00000004   Zero   RW          408    .bss.uxSchedulerSuspended  tasks.o
    0x20007634        -       0x00000004   Zero   RW          403    .bss.uxTaskNumber   tasks.o
    0x20007638        -       0x00000004   Zero   RW          402    .bss.uxTopReadyPriority  tasks.o
    0x2000763c        -       0x00000014   Zero   RW          488    .bss.xActiveTimerList1  timers.o
    0x20007650        -       0x00000014   Zero   RW          489    .bss.xActiveTimerList2  timers.o
    0x20007664        -       0x00000004   Zero   RW           22    .bss.xBuzzerQueue   main.o
    0x20007668        -       0x00000014   Zero   RW          419    .bss.xDelayedTaskList1  tasks.o
    0x2000767c        -       0x00000014   Zero   RW          420    .bss.xDelayedTaskList2  tasks.o
    0x20007690        -       0x00000004   Zero   RW          415    .bss.xIdleTaskHandle  tasks.o
    0x20007694        -       0x00000004   Zero   RW           21    .bss.xLCDQueue      main.o
    0x20007698        -       0x00000004   Zero   RW          143    .bss.xMaximumPossibleSuppressedTicks  port.o
    0x2000769c        -       0x00000004   Zero   RW          164    .bss.xNextFreeByte  heap_1.o
    0x200076a0        -       0x00000004   Zero   RW          416    .bss.xNextTaskUnblockTime  tasks.o
    0x200076a4        -       0x00000004   Zero   RW          418    .bss.xNumOfOverflows  tasks.o
    0x200076a8        -       0x00000004   Zero   RW          417    .bss.xPendedTicks   tasks.o
    0x200076ac        -       0x00000014   Zero   RW          414    .bss.xPendingReadyList  tasks.o
    0x200076c0        -       0x00000004   Zero   RW          407    .bss.xSchedulerRunning  tasks.o
    0x200076c4        -       0x00000014   Zero   RW          412    .bss.xSuspendedTaskList  tasks.o
    0x200076d8        -       0x00000014   Zero   RW          404    .bss.xTasksWaitingTermination  tasks.o
    0x200076ec        -       0x00000004   Zero   RW          409    .bss.xTickCount     tasks.o
    0x200076f0        -       0x00000004   Zero   RW          483    .bss.xTimerQueue    timers.o
    0x200076f4        -       0x00000004   Zero   RW          484    .bss.xTimerTaskHandle  timers.o
    0x200076f8        -       0x00000004   Zero   RW           20    .bss.xUARTQueue     main.o
    0x200076fc        -       0x00000004   Zero   RW          413    .bss.xYieldPending  tasks.o
    0x20007700        -       0x00000000   Zero   RW           68    HEAP                startup_tm4c123.o
    0x20007700        -       0x00000200   Zero   RW           67    STACK               startup_tm4c123.o


==============================================================================

Image component sizes


      Code (inc. data)   RO Data    RW Data    ZI Data      Debug   Object Name

       152          0          0          0          0        777   adcconfig.o
       132          0          0          0      30008       1915   heap_1.o
       350          0          0          0          0       1884   lcdconfig.o
       122          0          0          0          0       2404   list.o
      1140        172          0          0         12       3545   main.o
      1098         16          0          4         14       5188   port.o
      1704          0          0          0          0      22920   queue.o
       276         24        620          0        512       5548   startup_tm4c123.o
        18          0          0          4          0       6564   system_tm4c123.o
      3258          8          4          0        260      34547   tasks.o
       920         18          0          0         60      12417   timers.o

    ----------------------------------------------------------------------
      9276        250        656          8      30872      97709   Object Totals
         0          0         32          0          0          0   (incl. Generated)
       106         12          0          0          6          0   (incl. Padding)

    ----------------------------------------------------------------------

      Code (inc. data)   RO Data    RW Data    ZI Data      Debug   Library Member Name

         8          0          0          0          0         68   __main.o
         0          0          0          0          0          0   __rtentry.o
        12          0          0          0          0          0   __rtentry2.o
         6          0          0          0          0          0   __rtentry4.o
        52          8          0          0          0          0   __scatter.o
        26          0          0          0          0          0   __scatter_copy.o
        28          0          0          0          0          0   __scatter_zi.o
        16          0          0          0          0         68   aeabi_memset4.o
        18          0          0          0          0         80   exit.o
         6          0          0          0          0        152   heapauxi.o
         0          0          0          0          0          0   indicate_semi.o
         2          0          0          0          0          0   libinit.o
         6          0          0          0          0          0   libinit2.o
         2          0          0          0          0          0   libshutdown.o
         2          0          0          0          0          0   libshutdown2.o
         8          4          0          0         96         68   libspace.o
        78          0          0          0          0         80   rt_memclr_w.o
       138          0          0          0          0         68   rt_memcpy_v6.o
       100          0          0          0          0         80   rt_memcpy_w.o
         2          0          0          0          0          0   rtexit.o
        10          0          0          0          0          0   rtexit2.o
        62          0          0          0          0         76   strlen.o
        12          4          0          0          0         68   sys_exit.o
        74          0          0          0          0         80   sys_stackheap_outer.o
         2          0          0          0          0         68   use_no_semi.o
        26          0          0          0          0        116   fpinit.o

    ----------------------------------------------------------------------
       716         16          0          0         96       1072   Library Totals
        20          0          0          0          0          0   (incl. Padding)

    ----------------------------------------------------------------------

      Code (inc. data)   RO Data    RW Data    ZI Data      Debug   Library Name

       670         16          0          0         96        956   c_w.l
        26          0          0          0          0        116   fz_wm.l

    ----------------------------------------------------------------------
       716         16          0          0         96       1072   Library Totals

    ----------------------------------------------------------------------

==============================================================================


      Code (inc. data)   RO Data    RW Data    ZI Data      Debug   

      9992        266        656          8      30968      98185   Grand Totals
      9992        266        656          8      30968      98185   ELF Image Totals
      9992        266        656          8          0          0   ROM Totals

==============================================================================

    Total RO  Size (Code + RO Data)                10648 (  10.40kB)
    Total RW  Size (RW Data + ZI Data)             30976 (  30.25kB)
    Total ROM Size (Code + RO Data + RW Data)      10656 (  10.41kB)

==============================================================================

