<html>
<body>
<pre>
<h1>µVision Build Log</h1>
<h2>Tool Versions:</h2>
IDE-Version: µVision V5.36.0.0
Copyright (C) 2021 ARM Ltd and ARM Germany GmbH. All rights reserved.
License Information: Omar Hussein, ASU, LIC=----
 
Tool Versions:
Toolchain:       MDK-Lite  Version: 5.36.0.0
Toolchain Path:  C:\Keil_v5\ARM\ARMCLANG\Bin
C Compiler:      ArmClang.exe V6.16
Assembler:       Armasm.exe V6.16
Linker/Locator:  ArmLink.exe V6.16
Library Manager: ArmAr.exe V6.16
Hex Converter:   FromElf.exe V6.16
CPU DLL:         SARMCM3.DLL V5.36.0.0
Dialog DLL:      DCM.DLL V1.17.3.0
Target DLL:      lmidk-agdi.dll V???
Dialog DLL:      TCM.DLL V1.53.0.0
 
<h2>Project:</h2>
C:\Users\Omar\Desktop\Lab5\Lab3\lab3.uvprojx
Project File Date:  03/20/2022

<h2>Output:</h2>
*** Using Compiler 'V6.16', folder: 'C:\Keil_v5\ARM\ARMCLANG\Bin'
Rebuild target 'Target 1'
C:/Users/Omar/AppData/Local/Arm/Packs/ARM/CMSIS-FreeRTOS/10.4.6/Source/portable/MemMang/heap_1.c(139): warning: empty expression statement has no effect; remove unnecessary ';' to silence this warning [-Wextra-semi-stmt]
    configASSERT( pv == NULL );
                              ^
1 warning generated.
compiling heap_1.c...
compiling freertos_evr.c...
assembling startup_TM4C123.s...
compiling list.c...
main.c(41): warning: empty expression statement has no effect; remove unnecessary ';' to silence this warning [-Wextra-semi-stmt]
                vTaskDelayUntil(&xLastWakeTime,(1000/portTICK_RATE_MS));
                                                                       ^
main.c(30): warning: unused parameter 'pvParameters' [-Wunused-parameter]
static void vTask1( void *pvParameters )
                          ^
main.c(31): warning: function 'vTask1' could be declared with attribute 'noreturn' [-Wmissing-noreturn]
{
^
main.c(82): warning: empty expression statement has no effect; remove unnecessary ';' to silence this warning [-Wextra-semi-stmt]
                vTaskDelayUntil(&xLastWakeTime,(2000/portTICK_RATE_MS));
                                                                       ^
main.c(70): warning: unused parameter 'pvParameters' [-Wunused-parameter]
static void vTask3( void *pvParameters )
                          ^
main.c(71): warning: function 'vTask3' could be declared with attribute 'noreturn' [-Wmissing-noreturn]
{
^
main.c(93): warning: no newline at end of file [-Wnewline-eof]
}
 ^
7 warnings generated.
compiling main.c...
RTE/Device/TM4C123GH6PM/system_TM4C123.c(13): warning: In file included from...
C:/Users/Omar/AppData/Local/Arm/Packs/Keil/TM4C_DFP/1.1.0/Device/Include/TM4C123\TM4C123.h(98): warning: In file included from...
C:/Users/Omar/AppData/Local/Arm/Packs/Keil/TM4C_DFP/1.1.0/Device/Include/TM4C123/TM4C123GH6PM.h(298): warning: anonymous unions are a C11 extension [-Wc11-extensions]
  union {
  ^
C:/Users/Omar/AppData/Local/Arm/Packs/Keil/TM4C_DFP/1.1.0/Device/Include/TM4C123/TM4C123GH6PM.h(338): warning: anonymous unions are a C11 extension [-Wc11-extensions]
  union {
  ^
C:/Users/Omar/AppData/Local/Arm/Packs/Keil/TM4C_DFP/1.1.0/Device/Include/TM4C123/TM4C123GH6PM.h(357): warning: anonymous unions are a C11 extension [-Wc11-extensions]
  union {
  ^
C:/Users/Omar/AppData/Local/Arm/Packs/Keil/TM4C_DFP/1.1.0/Device/Include/TM4C123/TM4C123GH6PM.h(713): warning: anonymous unions are a C11 extension [-Wc11-extensions]
  union {
  ^
C:/Users/Omar/AppData/Local/Arm/Packs/Keil/TM4C_DFP/1.1.0/Device/Include/TM4C123/TM4C123GH6PM.h(729): warning: anonymous unions are a C11 extension [-Wc11-extensions]
  union {
  ^
C:/Users/Omar/AppData/Local/Arm/Packs/Keil/TM4C_DFP/1.1.0/Device/Include/TM4C123/TM4C123GH6PM.h(774): warning: anonymous unions are a C11 extension [-Wc11-extensions]
  union {
  ^
C:/Users/Omar/AppData/Local/Arm/Packs/Keil/TM4C_DFP/1.1.0/Device/Include/TM4C123/TM4C123GH6PM.h(779): warning: anonymous unions are a C11 extension [-Wc11-extensions]
  union {
  ^
C:/Users/Omar/AppData/Local/Arm/Packs/Keil/TM4C_DFP/1.1.0/Device/Include/TM4C123/TM4C123GH6PM.h(872): warning: anonymous unions are a C11 extension [-Wc11-extensions]
  union {
  ^
C:/Users/Omar/AppData/Local/Arm/Packs/Keil/TM4C_DFP/1.1.0/Device/Include/TM4C123/TM4C123GH6PM.h(885): warning: anonymous unions are a C11 extension [-Wc11-extensions]
  union {
  ^
C:/Users/Omar/AppData/Local/Arm/Packs/Keil/TM4C_DFP/1.1.0/Device/Include/TM4C123/TM4C123GH6PM.h(892): warning: anonymous unions are a C11 extension [-Wc11-extensions]
  union {
  ^
C:/Users/Omar/AppData/Local/Arm/Packs/Keil/TM4C_DFP/1.1.0/Device/Include/TM4C123/TM4C123GH6PM.h(897): warning: anonymous unions are a C11 extension [-Wc11-extensions]
  union {
  ^
C:/Users/Omar/AppData/Local/Arm/Packs/Keil/TM4C_DFP/1.1.0/Device/Include/TM4C123/TM4C123GH6PM.h(904): warning: anonymous unions are a C11 extension [-Wc11-extensions]
  union {
  ^
C:/Users/Omar/AppData/Local/Arm/Packs/Keil/TM4C_DFP/1.1.0/Device/Include/TM4C123/TM4C123GH6PM.h(910): warning: anonymous unions are a C11 extension [-Wc11-extensions]
  union {
  ^
C:/Users/Omar/AppData/Local/Arm/Packs/Keil/TM4C_DFP/1.1.0/Device/Include/TM4C123/TM4C123GH6PM.h(917): warning: anonymous unions are a C11 extension [-Wc11-extensions]
  union {
  ^
C:/Users/Omar/AppData/Local/Arm/Packs/Keil/TM4C_DFP/1.1.0/Device/Include/TM4C123/TM4C123GH6PM.h(924): warning: anonymous unions are a C11 extension [-Wc11-extensions]
  union {
  ^
C:/Users/Omar/AppData/Local/Arm/Packs/Keil/TM4C_DFP/1.1.0/Device/Include/TM4C123/TM4C123GH6PM.h(929): warning: anonymous unions are a C11 extension [-Wc11-extensions]
  union {
  ^
C:/Users/Omar/AppData/Local/Arm/Packs/Keil/TM4C_DFP/1.1.0/Device/Include/TM4C123/TM4C123GH6PM.h(936): warning: anonymous unions are a C11 extension [-Wc11-extensions]
  union {
  ^
C:/Users/Omar/AppData/Local/Arm/Packs/Keil/TM4C_DFP/1.1.0/Device/Include/TM4C123/TM4C123GH6PM.h(942): warning: anonymous unions are a C11 extension [-Wc11-extensions]
  union {
  ^
C:/Users/Omar/AppData/Local/Arm/Packs/Keil/TM4C_DFP/1.1.0/Device/Include/TM4C123/TM4C123GH6PM.h(949): warning: anonymous unions are a C11 extension [-Wc11-extensions]
  union {
  ^
C:/Users/Omar/AppData/Local/Arm/Packs/Keil/TM4C_DFP/1.1.0/Device/Include/TM4C123/TM4C123GH6PM.h(956): warning: anonymous unions are a C11 extension [-Wc11-extensions]
  union {
  ^
C:/Users/Omar/AppData/Local/Arm/Packs/Keil/TM4C_DFP/1.1.0/Device/Include/TM4C123/TM4C123GH6PM.h(961): warning: anonymous unions are a C11 extension [-Wc11-extensions]
  union {
  ^
C:/Users/Omar/AppData/Local/Arm/Packs/Keil/TM4C_DFP/1.1.0/Device/Include/TM4C123/TM4C123GH6PM.h(968): warning: anonymous unions are a C11 extension [-Wc11-extensions]
  union {
  ^
C:/Users/Omar/AppData/Local/Arm/Packs/Keil/TM4C_DFP/1.1.0/Device/Include/TM4C123/TM4C123GH6PM.h(974): warning: anonymous unions are a C11 extension [-Wc11-extensions]
  union {
  ^
C:/Users/Omar/AppData/Local/Arm/Packs/Keil/TM4C_DFP/1.1.0/Device/Include/TM4C123/TM4C123GH6PM.h(981): warning: anonymous unions are a C11 extension [-Wc11-extensions]
  union {
  ^
C:/Users/Omar/AppData/Local/Arm/Packs/Keil/TM4C_DFP/1.1.0/Device/Include/TM4C123/TM4C123GH6PM.h(988): warning: anonymous unions are a C11 extension [-Wc11-extensions]
  union {
  ^
C:/Users/Omar/AppData/Local/Arm/Packs/Keil/TM4C_DFP/1.1.0/Device/Include/TM4C123/TM4C123GH6PM.h(993): warning: anonymous unions are a C11 extension [-Wc11-extensions]
  union {
  ^
C:/Users/Omar/AppData/Local/Arm/Packs/Keil/TM4C_DFP/1.1.0/Device/Include/TM4C123/TM4C123GH6PM.h(1000): warning: anonymous unions are a C11 extension [-Wc11-extensions]
  union {
  ^
C:/Users/Omar/AppData/Local/Arm/Packs/Keil/TM4C_DFP/1.1.0/Device/Include/TM4C123/TM4C123GH6PM.h(1006): warning: anonymous unions are a C11 extension [-Wc11-extensions]
  union {
  ^
C:/Users/Omar/AppData/Local/Arm/Packs/Keil/TM4C_DFP/1.1.0/Device/Include/TM4C123/TM4C123GH6PM.h(1013): warning: anonymous unions are a C11 extension [-Wc11-extensions]
  union {
  ^
C:/Users/Omar/AppData/Local/Arm/Packs/Keil/TM4C_DFP/1.1.0/Device/Include/TM4C123/TM4C123GH6PM.h(1020): warning: anonymous unions are a C11 extension [-Wc11-extensions]
  union {
  ^
C:/Users/Omar/AppData/Local/Arm/Packs/Keil/TM4C_DFP/1.1.0/Device/Include/TM4C123/TM4C123GH6PM.h(1025): warning: anonymous unions are a C11 extension [-Wc11-extensions]
  union {
  ^
C:/Users/Omar/AppData/Local/Arm/Packs/Keil/TM4C_DFP/1.1.0/Device/Include/TM4C123/TM4C123GH6PM.h(1032): warning: anonymous unions are a C11 extension [-Wc11-extensions]
  union {
  ^
C:/Users/Omar/AppData/Local/Arm/Packs/Keil/TM4C_DFP/1.1.0/Device/Include/TM4C123/TM4C123GH6PM.h(1038): warning: anonymous unions are a C11 extension [-Wc11-extensions]
  union {
  ^
C:/Users/Omar/AppData/Local/Arm/Packs/Keil/TM4C_DFP/1.1.0/Device/Include/TM4C123/TM4C123GH6PM.h(1045): warning: anonymous unions are a C11 extension [-Wc11-extensions]
  union {
  ^
C:/Users/Omar/AppData/Local/Arm/Packs/Keil/TM4C_DFP/1.1.0/Device/Include/TM4C123/TM4C123GH6PM.h(1052): warning: anonymous unions are a C11 extension [-Wc11-extensions]
  union {
  ^
C:/Users/Omar/AppData/Local/Arm/Packs/Keil/TM4C_DFP/1.1.0/Device/Include/TM4C123/TM4C123GH6PM.h(1057): warning: anonymous unions are a C11 extension [-Wc11-extensions]
  union {
  ^
C:/Users/Omar/AppData/Local/Arm/Packs/Keil/TM4C_DFP/1.1.0/Device/Include/TM4C123/TM4C123GH6PM.h(1064): warning: anonymous unions are a C11 extension [-Wc11-extensions]
  union {
  ^
C:/Users/Omar/AppData/Local/Arm/Packs/Keil/TM4C_DFP/1.1.0/Device/Include/TM4C123/TM4C123GH6PM.h(1070): warning: anonymous unions are a C11 extension [-Wc11-extensions]
  union {
  ^
C:/Users/Omar/AppData/Local/Arm/Packs/Keil/TM4C_DFP/1.1.0/Device/Include/TM4C123/TM4C123GH6PM.h(1077): warning: anonymous unions are a C11 extension [-Wc11-extensions]
  union {
  ^
C:/Users/Omar/AppData/Local/Arm/Packs/Keil/TM4C_DFP/1.1.0/Device/Include/TM4C123/TM4C123GH6PM.h(1084): warning: anonymous unions are a C11 extension [-Wc11-extensions]
  union {
  ^
C:/Users/Omar/AppData/Local/Arm/Packs/Keil/TM4C_DFP/1.1.0/Device/Include/TM4C123/TM4C123GH6PM.h(1089): warning: anonymous unions are a C11 extension [-Wc11-extensions]
  union {
  ^
C:/Users/Omar/AppData/Local/Arm/Packs/Keil/TM4C_DFP/1.1.0/Device/Include/TM4C123/TM4C123GH6PM.h(1096): warning: anonymous unions are a C11 extension [-Wc11-extensions]
  union {
  ^
C:/Users/Omar/AppData/Local/Arm/Packs/Keil/TM4C_DFP/1.1.0/Device/Include/TM4C123/TM4C123GH6PM.h(1102): warning: anonymous unions are a C11 extension [-Wc11-extensions]
  union {
  ^
C:/Users/Omar/AppData/Local/Arm/Packs/Keil/TM4C_DFP/1.1.0/Device/Include/TM4C123/TM4C123GH6PM.h(1251): warning: anonymous unions are a C11 extension [-Wc11-extensions]
  union {
  ^
44 warnings generated.
compiling system_TM4C123.c...
C:/Users/Omar/AppData/Local/Arm/Packs/ARM/CMSIS-FreeRTOS/10.4.6/Source/portable/GCC/ARM_CM4F/port.c(231): warning: empty expression statement has no effect; remove unnecessary ';' to silence this warning [-Wextra-semi-stmt]
    configASSERT( uxCriticalNesting == ~0UL );
                                             ^
C:/Users/Omar/AppData/Local/Arm/Packs/ARM/CMSIS-FreeRTOS/10.4.6/Source/portable/GCC/ARM_CM4F/port.c(297): warning: empty expression statement has no effect; remove unnecessary ';' to silence this warning [-Wextra-semi-stmt]
    configASSERT( configMAX_SYSCALL_INTERRUPT_PRIORITY );
                                                        ^
C:/Users/Omar/AppData/Local/Arm/Packs/ARM/CMSIS-FreeRTOS/10.4.6/Source/portable/GCC/ARM_CM4F/port.c(302): warning: empty expression statement has no effect; remove unnecessary ';' to silence this warning [-Wextra-semi-stmt]
    configASSERT( portCPUID != portCORTEX_M7_r0p1_ID );
                                                      ^
C:/Users/Omar/AppData/Local/Arm/Packs/ARM/CMSIS-FreeRTOS/10.4.6/Source/portable/GCC/ARM_CM4F/port.c(303): warning: empty expression statement has no effect; remove unnecessary ';' to silence this warning [-Wextra-semi-stmt]
    configASSERT( portCPUID != portCORTEX_M7_r0p0_ID );
                                                      ^
C:/Users/Omar/AppData/Local/Arm/Packs/ARM/CMSIS-FreeRTOS/10.4.6/Source/portable/GCC/ARM_CM4F/port.c(353): warning: empty expression statement has no effect; remove unnecessary ';' to silence this warning [-Wextra-semi-stmt]
                    configASSERT( ( portMAX_PRIGROUP_BITS - ulMaxPRIGROUPValue ) == configPRIO_BITS );
                                                                                                     ^
C:/Users/Omar/AppData/Local/Arm/Packs/ARM/CMSIS-FreeRTOS/10.4.6/Source/portable/GCC/ARM_CM4F/port.c(364): warning: implicit conversion loses integer precision: 'volatile uint32_t' (aka 'volatile unsigned int') to 'uint8_t' (aka 'unsigned char') [-Wimplicit-int-conversion]
            *pucFirstUserPriorityRegister = ulOriginalPriority;
                                          ~ ^~~~~~~~~~~~~~~~~~
C:/Users/Omar/AppData/Local/Arm/Packs/ARM/CMSIS-FreeRTOS/10.4.6/Source/portable/GCC/ARM_CM4F/port.c(406): warning: empty expression statement has no effect; remove unnecessary ';' to silence this warning [-Wextra-semi-stmt]
    configASSERT( uxCriticalNesting == 1000UL );
                                               ^
C:/Users/Omar/AppData/Local/Arm/Packs/ARM/CMSIS-FreeRTOS/10.4.6/Source/portable/GCC/ARM_CM4F/port.c(422): warning: empty expression statement has no effect; remove unnecessary ';' to silence this warning [-Wextra-semi-stmt]
        configASSERT( ( portNVIC_INT_CTRL_REG & portVECTACTIVE_MASK ) == 0 );
                                                                            ^
C:/Users/Omar/AppData/Local/Arm/Packs/ARM/CMSIS-FreeRTOS/10.4.6/Source/portable/GCC/ARM_CM4F/port.c(429): warning: empty expression statement has no effect; remove unnecessary ';' to silence this warning [-Wextra-semi-stmt]
    configASSERT( uxCriticalNesting );
                                     ^
C:/Users/Omar/AppData/Local/Arm/Packs/ARM/CMSIS-FreeRTOS/10.4.6/Source/portable/GCC/ARM_CM4F/port.c(766): warning: empty expression statement has no effect; remove unnecessary ';' to silence this warning [-Wextra-semi-stmt]
            configASSERT( ucCurrentPriority >= ucMaxSysCallPriority );
                                                                     ^
C:/Users/Omar/AppData/Local/Arm/Packs/ARM/CMSIS-FreeRTOS/10.4.6/Source/portable/GCC/ARM_CM4F/port.c(782): warning: empty expression statement has no effect; remove unnecessary ';' to silence this warning [-Wextra-semi-stmt]
        configASSERT( ( portAIRCR_REG & portPRIORITY_GROUP_MASK ) <= ulMaxPRIGROUPValue );
                                                                                         ^
11 warnings generated.
compiling port.c...
C:/Users/Omar/AppData/Local/Arm/Packs/ARM/CMSIS-FreeRTOS/10.4.6/Source/timers.c(281): warning: empty expression statement has no effect; remove unnecessary ';' to silence this warning [-Wextra-semi-stmt]
        configASSERT( xReturn );
                               ^
C:/Users/Omar/AppData/Local/Arm/Packs/ARM/CMSIS-FreeRTOS/10.4.6/Source/timers.c(75): warning: padding size of 'struct tmrTimerControl' with 3 bytes to alignment boundary [-Wpadded]
    typedef struct tmrTimerControl                  /* The old naming convention is used to prevent breaking kernel aware debuggers. */
                   ^
C:/Users/Omar/AppData/Local/Arm/Packs/ARM/CMSIS-FreeRTOS/10.4.6/Source/timers.c(363): warning: empty expression statement has no effect; remove unnecessary ';' to silence this warning [-Wextra-semi-stmt]
        configASSERT( ( xTimerPeriodInTicks > 0 ) );
                                                   ^
C:/Users/Omar/AppData/Local/Arm/Packs/ARM/CMSIS-FreeRTOS/10.4.6/Source/timers.c(395): warning: empty expression statement has no effect; remove unnecessary ';' to silence this warning [-Wextra-semi-stmt]
        configASSERT( xTimer );
                              ^
C:/Users/Omar/AppData/Local/Arm/Packs/ARM/CMSIS-FreeRTOS/10.4.6/Source/timers.c(437): warning: empty expression statement has no effect; remove unnecessary ';' to silence this warning [-Wextra-semi-stmt]
        configASSERT( ( xTimerTaskHandle != NULL ) );
                                                    ^
C:/Users/Omar/AppData/Local/Arm/Packs/ARM/CMSIS-FreeRTOS/10.4.6/Source/timers.c(446): warning: empty expression statement has no effect; remove unnecessary ';' to silence this warning [-Wextra-semi-stmt]
        configASSERT( xTimer );
                              ^
C:/Users/Omar/AppData/Local/Arm/Packs/ARM/CMSIS-FreeRTOS/10.4.6/Source/timers.c(456): warning: empty expression statement has no effect; remove unnecessary ';' to silence this warning [-Wextra-semi-stmt]
        configASSERT( xTimer );
                              ^
C:/Users/Omar/AppData/Local/Arm/Packs/ARM/CMSIS-FreeRTOS/10.4.6/Source/timers.c(477): warning: empty expression statement has no effect; remove unnecessary ';' to silence this warning [-Wextra-semi-stmt]
        configASSERT( xTimer );
                              ^
C:/Users/Omar/AppData/Local/Arm/Packs/ARM/CMSIS-FreeRTOS/10.4.6/Source/timers.c(502): warning: empty expression statement has no effect; remove unnecessary ';' to silence this warning [-Wextra-semi-stmt]
        configASSERT( xTimer );
                              ^
C:/Users/Omar/AppData/Local/Arm/Packs/ARM/CMSIS-FreeRTOS/10.4.6/Source/timers.c(512): warning: empty expression statement has no effect; remove unnecessary ';' to silence this warning [-Wextra-semi-stmt]
        configASSERT( xTimer );
                              ^
C:/Users/Omar/AppData/Local/Arm/Packs/ARM/CMSIS-FreeRTOS/10.4.6/Source/timers.c(564): warning: function 'prvTimerTask' could be declared with attribute 'noreturn' [-Wmissing-noreturn]
    {
    ^
C:/Users/Omar/AppData/Local/Arm/Packs/ARM/CMSIS-FreeRTOS/10.4.6/Source/timers.c(645): warning: empty expression statement has no effect; remove unnecessary ';' to silence this warning [-Wextra-semi-stmt]
                        portYIELD_WITHIN_API();
                                              ^
C:/Users/Omar/AppData/Local/Arm/Packs/ARM/CMSIS-FreeRTOS/10.4.6/Source/timers.c(774): warning: empty expression statement has no effect; remove unnecessary ';' to silence this warning [-Wextra-semi-stmt]
                        configASSERT( pxCallback );
                                                  ^
C:/Users/Omar/AppData/Local/Arm/Packs/ARM/CMSIS-FreeRTOS/10.4.6/Source/timers.c(857): warning: empty expression statement has no effect; remove unnecessary ';' to silence this warning [-Wextra-semi-stmt]
                        configASSERT( ( pxTimer->xTimerPeriodInTicks > 0 ) );
                                                                            ^
C:/Users/Omar/AppData/Local/Arm/Packs/ARM/CMSIS-FreeRTOS/10.4.6/Source/timers.c(984): warning: empty expression statement has no effect; remove unnecessary ';' to silence this warning [-Wextra-semi-stmt]
        configASSERT( xTimer );
                              ^
C:/Users/Omar/AppData/Local/Arm/Packs/ARM/CMSIS-FreeRTOS/10.4.6/Source/timers.c(1009): warning: empty expression statement has no effect; remove unnecessary ';' to silence this warning [-Wextra-semi-stmt]
        configASSERT( xTimer );
                              ^
C:/Users/Omar/AppData/Local/Arm/Packs/ARM/CMSIS-FreeRTOS/10.4.6/Source/timers.c(1026): warning: empty expression statement has no effect; remove unnecessary ';' to silence this warning [-Wextra-semi-stmt]
        configASSERT( xTimer );
                              ^
C:/Users/Omar/AppData/Local/Arm/Packs/ARM/CMSIS-FreeRTOS/10.4.6/Source/timers.c(1076): warning: empty expression statement has no effect; remove unnecessary ';' to silence this warning [-Wextra-semi-stmt]
            configASSERT( xTimerQueue );
                                       ^
18 warnings generated.
compiling timers.c...
C:/Users/Omar/AppData/Local/Arm/Packs/ARM/CMSIS-FreeRTOS/10.4.6/Source/queue.c(272): warning: empty expression statement has no effect; remove unnecessary ';' to silence this warning [-Wextra-semi-stmt]
    configASSERT( pxQueue );
                           ^
C:/Users/Omar/AppData/Local/Arm/Packs/ARM/CMSIS-FreeRTOS/10.4.6/Source/queue.c(299): warning: empty expression statement has no effect; remove unnecessary ';' to silence this warning [-Wextra-semi-stmt]
                        queueYIELD_IF_USING_PREEMPTION();
                                                        ^
C:/Users/Omar/AppData/Local/Arm/Packs/ARM/CMSIS-FreeRTOS/10.4.6/Source/queue.c(325): warning: empty expression statement has no effect; remove unnecessary ';' to silence this warning [-Wextra-semi-stmt]
    configASSERT( xReturn != pdFAIL );
                                     ^
C:/Users/Omar/AppData/Local/Arm/Packs/ARM/CMSIS-FreeRTOS/10.4.6/Source/queue.c(126): warning: padding struct 'struct QueueDefinition' with 2 bytes to align 'pxQueueSetContainer' [-Wpadded]
        struct QueueDefinition * pxQueueSetContainer;
                                 ^
C:/Users/Omar/AppData/Local/Arm/Packs/ARM/CMSIS-FreeRTOS/10.4.6/Source/queue.c(100): warning: padding size of 'struct QueueDefinition' with 3 bytes to alignment boundary [-Wpadded]
typedef struct QueueDefinition /* The old naming convention is used to prevent breaking kernel aware debuggers. */
               ^
C:/Users/Omar/AppData/Local/Arm/Packs/ARM/CMSIS-FreeRTOS/10.4.6/Source/queue.c(454): warning: empty expression statement has no effect; remove unnecessary ';' to silence this warning [-Wextra-semi-stmt]
            configASSERT( pxNewQueue );
                                      ^
C:/Users/Omar/AppData/Local/Arm/Packs/ARM/CMSIS-FreeRTOS/10.4.6/Source/queue.c(584): warning: empty expression statement has no effect; remove unnecessary ';' to silence this warning [-Wextra-semi-stmt]
        configASSERT( xSemaphore );
                                  ^
C:/Users/Omar/AppData/Local/Arm/Packs/ARM/CMSIS-FreeRTOS/10.4.6/Source/queue.c(616): warning: empty expression statement has no effect; remove unnecessary ';' to silence this warning [-Wextra-semi-stmt]
        configASSERT( xSemaphore );
                                  ^
C:/Users/Omar/AppData/Local/Arm/Packs/ARM/CMSIS-FreeRTOS/10.4.6/Source/queue.c(643): warning: empty expression statement has no effect; remove unnecessary ';' to silence this warning [-Wextra-semi-stmt]
        configASSERT( pxMutex );
                               ^
C:/Users/Omar/AppData/Local/Arm/Packs/ARM/CMSIS-FreeRTOS/10.4.6/Source/queue.c(699): warning: empty expression statement has no effect; remove unnecessary ';' to silence this warning [-Wextra-semi-stmt]
        configASSERT( pxMutex );
                               ^
C:/Users/Omar/AppData/Local/Arm/Packs/ARM/CMSIS-FreeRTOS/10.4.6/Source/queue.c(795): warning: empty expression statement has no effect; remove unnecessary ';' to silence this warning [-Wextra-semi-stmt]
            configASSERT( xHandle );
                                   ^
C:/Users/Omar/AppData/Local/Arm/Packs/ARM/CMSIS-FreeRTOS/10.4.6/Source/queue.c(814): warning: empty expression statement has no effect; remove unnecessary ';' to silence this warning [-Wextra-semi-stmt]
    configASSERT( pxQueue );
                           ^
C:/Users/Omar/AppData/Local/Arm/Packs/ARM/CMSIS-FreeRTOS/10.4.6/Source/queue.c(815): warning: empty expression statement has no effect; remove unnecessary ';' to silence this warning [-Wextra-semi-stmt]
    configASSERT( !( ( pvItemToQueue == NULL ) && ( pxQueue->uxItemSize != ( UBaseType_t ) 0U ) ) );
                                                                                                   ^
C:/Users/Omar/AppData/Local/Arm/Packs/ARM/CMSIS-FreeRTOS/10.4.6/Source/queue.c(816): warning: empty expression statement has no effect; remove unnecessary ';' to silence this warning [-Wextra-semi-stmt]
    configASSERT( !( ( xCopyPosition == queueOVERWRITE ) && ( pxQueue->uxLength != 1 ) ) );
                                                                                          ^
C:/Users/Omar/AppData/Local/Arm/Packs/ARM/CMSIS-FreeRTOS/10.4.6/Source/queue.c(819): warning: empty expression statement has no effect; remove unnecessary ';' to silence this warning [-Wextra-semi-stmt]
            configASSERT( !( ( xTaskGetSchedulerState() == taskSCHEDULER_SUSPENDED ) && ( xTicksToWait != 0 ) ) );
                                                                                                                 ^
C:/Users/Omar/AppData/Local/Arm/Packs/ARM/CMSIS-FreeRTOS/10.4.6/Source/queue.c(858): warning: empty expression statement has no effect; remove unnecessary ';' to silence this warning [-Wextra-semi-stmt]
                                queueYIELD_IF_USING_PREEMPTION();
                                                                ^
C:/Users/Omar/AppData/Local/Arm/Packs/ARM/CMSIS-FreeRTOS/10.4.6/Source/queue.c(877): warning: empty expression statement has no effect; remove unnecessary ';' to silence this warning [-Wextra-semi-stmt]
                                    queueYIELD_IF_USING_PREEMPTION();
                                                                    ^
C:/Users/Omar/AppData/Local/Arm/Packs/ARM/CMSIS-FreeRTOS/10.4.6/Source/queue.c(890): warning: empty expression statement has no effect; remove unnecessary ';' to silence this warning [-Wextra-semi-stmt]
                                queueYIELD_IF_USING_PREEMPTION();
                                                                ^
C:/Users/Omar/AppData/Local/Arm/Packs/ARM/CMSIS-FreeRTOS/10.4.6/Source/queue.c(994): warning: empty expression statement has no effect; remove unnecessary ';' to silence this warning [-Wextra-semi-stmt]
                    portYIELD_WITHIN_API();
                                          ^
C:/Users/Omar/AppData/Local/Arm/Packs/ARM/CMSIS-FreeRTOS/10.4.6/Source/queue.c(1026): warning: empty expression statement has no effect; remove unnecessary ';' to silence this warning [-Wextra-semi-stmt]
    configASSERT( pxQueue );
                           ^
C:/Users/Omar/AppData/Local/Arm/Packs/ARM/CMSIS-FreeRTOS/10.4.6/Source/queue.c(1027): warning: empty expression statement has no effect; remove unnecessary ';' to silence this warning [-Wextra-semi-stmt]
    configASSERT( !( ( pvItemToQueue == NULL ) && ( pxQueue->uxItemSize != ( UBaseType_t ) 0U ) ) );
                                                                                                   ^
C:/Users/Omar/AppData/Local/Arm/Packs/ARM/CMSIS-FreeRTOS/10.4.6/Source/queue.c(1028): warning: empty expression statement has no effect; remove unnecessary ';' to silence this warning [-Wextra-semi-stmt]
    configASSERT( !( ( xCopyPosition == queueOVERWRITE ) && ( pxQueue->uxLength != 1 ) ) );
                                                                                          ^
C:/Users/Omar/AppData/Local/Arm/Packs/ARM/CMSIS-FreeRTOS/10.4.6/Source/queue.c(1165): warning: empty expression statement has no effect; remove unnecessary ';' to silence this warning [-Wextra-semi-stmt]
                configASSERT( cTxLock != queueINT8_MAX );
                                                        ^
C:/Users/Omar/AppData/Local/Arm/Packs/ARM/CMSIS-FreeRTOS/10.4.6/Source/queue.c(1197): warning: empty expression statement has no effect; remove unnecessary ';' to silence this warning [-Wextra-semi-stmt]
    configASSERT( pxQueue );
                           ^
C:/Users/Omar/AppData/Local/Arm/Packs/ARM/CMSIS-FreeRTOS/10.4.6/Source/queue.c(1201): warning: empty expression statement has no effect; remove unnecessary ';' to silence this warning [-Wextra-semi-stmt]
    configASSERT( pxQueue->uxItemSize == 0 );
                                            ^
C:/Users/Omar/AppData/Local/Arm/Packs/ARM/CMSIS-FreeRTOS/10.4.6/Source/queue.c(1206): warning: empty expression statement has no effect; remove unnecessary ';' to silence this warning [-Wextra-semi-stmt]
    configASSERT( !( ( pxQueue->uxQueueType == queueQUEUE_IS_MUTEX ) && ( pxQueue->u.xSemaphore.xMutexHolder != NULL ) ) );
                                                                                                                          ^
C:/Users/Omar/AppData/Local/Arm/Packs/ARM/CMSIS-FreeRTOS/10.4.6/Source/queue.c(1333): warning: empty expression statement has no effect; remove unnecessary ';' to silence this warning [-Wextra-semi-stmt]
                configASSERT( cTxLock != queueINT8_MAX );
                                                        ^
C:/Users/Omar/AppData/Local/Arm/Packs/ARM/CMSIS-FreeRTOS/10.4.6/Source/queue.c(1361): warning: empty expression statement has no effect; remove unnecessary ';' to silence this warning [-Wextra-semi-stmt]
    configASSERT( ( pxQueue ) );
                               ^
C:/Users/Omar/AppData/Local/Arm/Packs/ARM/CMSIS-FreeRTOS/10.4.6/Source/queue.c(1365): warning: empty expression statement has no effect; remove unnecessary ';' to silence this warning [-Wextra-semi-stmt]
    configASSERT( !( ( ( pvBuffer ) == NULL ) && ( ( pxQueue )->uxItemSize != ( UBaseType_t ) 0U ) ) );
                                                                                                      ^
C:/Users/Omar/AppData/Local/Arm/Packs/ARM/CMSIS-FreeRTOS/10.4.6/Source/queue.c(1370): warning: empty expression statement has no effect; remove unnecessary ';' to silence this warning [-Wextra-semi-stmt]
            configASSERT( !( ( xTaskGetSchedulerState() == taskSCHEDULER_SUSPENDED ) && ( xTicksToWait != 0 ) ) );
                                                                                                                 ^
C:/Users/Omar/AppData/Local/Arm/Packs/ARM/CMSIS-FreeRTOS/10.4.6/Source/queue.c(1399): warning: empty expression statement has no effect; remove unnecessary ';' to silence this warning [-Wextra-semi-stmt]
                        queueYIELD_IF_USING_PREEMPTION();
                                                        ^
C:/Users/Omar/AppData/Local/Arm/Packs/ARM/CMSIS-FreeRTOS/10.4.6/Source/queue.c(1459): warning: empty expression statement has no effect; remove unnecessary ';' to silence this warning [-Wextra-semi-stmt]
                    portYIELD_WITHIN_API();
                                          ^
C:/Users/Omar/AppData/Local/Arm/Packs/ARM/CMSIS-FreeRTOS/10.4.6/Source/queue.c(1507): warning: empty expression statement has no effect; remove unnecessary ';' to silence this warning [-Wextra-semi-stmt]
    configASSERT( ( pxQueue ) );
                               ^
C:/Users/Omar/AppData/Local/Arm/Packs/ARM/CMSIS-FreeRTOS/10.4.6/Source/queue.c(1511): warning: empty expression statement has no effect; remove unnecessary ';' to silence this warning [-Wextra-semi-stmt]
    configASSERT( pxQueue->uxItemSize == 0 );
                                            ^
C:/Users/Omar/AppData/Local/Arm/Packs/ARM/CMSIS-FreeRTOS/10.4.6/Source/queue.c(1516): warning: empty expression statement has no effect; remove unnecessary ';' to silence this warning [-Wextra-semi-stmt]
            configASSERT( !( ( xTaskGetSchedulerState() == taskSCHEDULER_SUSPENDED ) && ( xTicksToWait != 0 ) ) );
                                                                                                                 ^
C:/Users/Omar/AppData/Local/Arm/Packs/ARM/CMSIS-FreeRTOS/10.4.6/Source/queue.c(1562): warning: empty expression statement has no effect; remove unnecessary ';' to silence this warning [-Wextra-semi-stmt]
                        queueYIELD_IF_USING_PREEMPTION();
                                                        ^
C:/Users/Omar/AppData/Local/Arm/Packs/ARM/CMSIS-FreeRTOS/10.4.6/Source/queue.c(1586): warning: empty expression statement has no effect; remove unnecessary ';' to silence this warning [-Wextra-semi-stmt]
                            configASSERT( xInheritanceOccurred == pdFALSE );
                                                                           ^
C:/Users/Omar/AppData/Local/Arm/Packs/ARM/CMSIS-FreeRTOS/10.4.6/Source/queue.c(1651): warning: empty expression statement has no effect; remove unnecessary ';' to silence this warning [-Wextra-semi-stmt]
                    portYIELD_WITHIN_API();
                                          ^
C:/Users/Omar/AppData/Local/Arm/Packs/ARM/CMSIS-FreeRTOS/10.4.6/Source/queue.c(1724): warning: empty expression statement has no effect; remove unnecessary ';' to silence this warning [-Wextra-semi-stmt]
    configASSERT( ( pxQueue ) );
                               ^
C:/Users/Omar/AppData/Local/Arm/Packs/ARM/CMSIS-FreeRTOS/10.4.6/Source/queue.c(1728): warning: empty expression statement has no effect; remove unnecessary ';' to silence this warning [-Wextra-semi-stmt]
    configASSERT( !( ( ( pvBuffer ) == NULL ) && ( ( pxQueue )->uxItemSize != ( UBaseType_t ) 0U ) ) );
                                                                                                      ^
C:/Users/Omar/AppData/Local/Arm/Packs/ARM/CMSIS-FreeRTOS/10.4.6/Source/queue.c(1733): warning: empty expression statement has no effect; remove unnecessary ';' to silence this warning [-Wextra-semi-stmt]
            configASSERT( !( ( xTaskGetSchedulerState() == taskSCHEDULER_SUSPENDED ) && ( xTicksToWait != 0 ) ) );
                                                                                                                 ^
C:/Users/Omar/AppData/Local/Arm/Packs/ARM/CMSIS-FreeRTOS/10.4.6/Source/queue.c(1768): warning: empty expression statement has no effect; remove unnecessary ';' to silence this warning [-Wextra-semi-stmt]
                        queueYIELD_IF_USING_PREEMPTION();
                                                        ^
C:/Users/Omar/AppData/Local/Arm/Packs/ARM/CMSIS-FreeRTOS/10.4.6/Source/queue.c(1829): warning: empty expression statement has no effect; remove unnecessary ';' to silence this warning [-Wextra-semi-stmt]
                    portYIELD_WITHIN_API();
                                          ^
C:/Users/Omar/AppData/Local/Arm/Packs/ARM/CMSIS-FreeRTOS/10.4.6/Source/queue.c(1873): warning: empty expression statement has no effect; remove unnecessary ';' to silence this warning [-Wextra-semi-stmt]
    configASSERT( pxQueue );
                           ^
C:/Users/Omar/AppData/Local/Arm/Packs/ARM/CMSIS-FreeRTOS/10.4.6/Source/queue.c(1874): warning: empty expression statement has no effect; remove unnecessary ';' to silence this warning [-Wextra-semi-stmt]
    configASSERT( !( ( pvBuffer == NULL ) && ( pxQueue->uxItemSize != ( UBaseType_t ) 0U ) ) );
                                                                                              ^
C:/Users/Omar/AppData/Local/Arm/Packs/ARM/CMSIS-FreeRTOS/10.4.6/Source/queue.c(1941): warning: empty expression statement has no effect; remove unnecessary ';' to silence this warning [-Wextra-semi-stmt]
                configASSERT( cRxLock != queueINT8_MAX );
                                                        ^
C:/Users/Omar/AppData/Local/Arm/Packs/ARM/CMSIS-FreeRTOS/10.4.6/Source/queue.c(1968): warning: empty expression statement has no effect; remove unnecessary ';' to silence this warning [-Wextra-semi-stmt]
    configASSERT( pxQueue );
                           ^
C:/Users/Omar/AppData/Local/Arm/Packs/ARM/CMSIS-FreeRTOS/10.4.6/Source/queue.c(1969): warning: empty expression statement has no effect; remove unnecessary ';' to silence this warning [-Wextra-semi-stmt]
    configASSERT( !( ( pvBuffer == NULL ) && ( pxQueue->uxItemSize != ( UBaseType_t ) 0U ) ) );
                                                                                              ^
C:/Users/Omar/AppData/Local/Arm/Packs/ARM/CMSIS-FreeRTOS/10.4.6/Source/queue.c(1970): warning: empty expression statement has no effect; remove unnecessary ';' to silence this warning [-Wextra-semi-stmt]
    configASSERT( pxQueue->uxItemSize != 0 ); /* Can't peek a semaphore. */
                                            ^
C:/Users/Omar/AppData/Local/Arm/Packs/ARM/CMSIS-FreeRTOS/10.4.6/Source/queue.c(2019): warning: empty expression statement has no effect; remove unnecessary ';' to silence this warning [-Wextra-semi-stmt]
    configASSERT( xQueue );
                          ^
C:/Users/Omar/AppData/Local/Arm/Packs/ARM/CMSIS-FreeRTOS/10.4.6/Source/queue.c(2036): warning: empty expression statement has no effect; remove unnecessary ';' to silence this warning [-Wextra-semi-stmt]
    configASSERT( pxQueue );
                           ^
C:/Users/Omar/AppData/Local/Arm/Packs/ARM/CMSIS-FreeRTOS/10.4.6/Source/queue.c(2053): warning: empty expression statement has no effect; remove unnecessary ';' to silence this warning [-Wextra-semi-stmt]
    configASSERT( pxQueue );
                           ^
C:/Users/Omar/AppData/Local/Arm/Packs/ARM/CMSIS-FreeRTOS/10.4.6/Source/queue.c(2064): warning: empty expression statement has no effect; remove unnecessary ';' to silence this warning [-Wextra-semi-stmt]
    configASSERT( pxQueue );
                           ^
C:/Users/Omar/AppData/Local/Arm/Packs/ARM/CMSIS-FreeRTOS/10.4.6/Source/queue.c(2410): warning: empty expression statement has no effect; remove unnecessary ';' to silence this warning [-Wextra-semi-stmt]
    configASSERT( pxQueue );
                           ^
C:/Users/Omar/AppData/Local/Arm/Packs/ARM/CMSIS-FreeRTOS/10.4.6/Source/queue.c(2451): warning: empty expression statement has no effect; remove unnecessary ';' to silence this warning [-Wextra-semi-stmt]
    configASSERT( pxQueue );
                           ^
C:/Users/Omar/AppData/Local/Arm/Packs/ARM/CMSIS-FreeRTOS/10.4.6/Source/queue.c(3029): warning: empty expression statement has no effect; remove unnecessary ';' to silence this warning [-Wextra-semi-stmt]
        configASSERT( pxQueueSetContainer ); /* LCOV_EXCL_BR_LINE */
                                           ^
C:/Users/Omar/AppData/Local/Arm/Packs/ARM/CMSIS-FreeRTOS/10.4.6/Source/queue.c(3030): warning: empty expression statement has no effect; remove unnecessary ';' to silence this warning [-Wextra-semi-stmt]
        configASSERT( pxQueueSetContainer->uxMessagesWaiting < pxQueueSetContainer->uxLength );
                                                                                              ^
C:/Users/Omar/AppData/Local/Arm/Packs/ARM/CMSIS-FreeRTOS/10.4.6/Source/queue.c(3062): warning: empty expression statement has no effect; remove unnecessary ';' to silence this warning [-Wextra-semi-stmt]
                configASSERT( cTxLock != queueINT8_MAX );
                                                        ^
58 warnings generated.
compiling queue.c...
C:/Users/Omar/AppData/Local/Arm/Packs/ARM/CMSIS-FreeRTOS/10.4.6/Source/tasks.c(340): warning: no previous extern declaration for non-static variable 'pxCurrentTCB' [-Wmissing-variable-declarations]
PRIVILEGED_DATA TCB_t * volatile pxCurrentTCB = NULL;
                                 ^
C:/Users/Omar/AppData/Local/Arm/Packs/ARM/CMSIS-FreeRTOS/10.4.6/Source/tasks.c(340): note: declare 'static' if the variable is not intended to be used outside of this translation unit
PRIVILEGED_DATA TCB_t * volatile pxCurrentTCB = NULL;
                ^
C:/Users/Omar/AppData/Local/Arm/Packs/ARM/CMSIS-FreeRTOS/10.4.6/Source/tasks.c(278): warning: padding struct 'struct tskTaskControlBlock' with 2 bytes to align 'uxTCBNumber' [-Wpadded]
        UBaseType_t uxTCBNumber;  /*< Stores a number that increments each time a TCB is created.  It allows debuggers to determine when a task has been deleted and then recreated. */
                    ^
C:/Users/Omar/AppData/Local/Arm/Packs/ARM/CMSIS-FreeRTOS/10.4.6/Source/tasks.c(255): warning: padding size of 'struct tskTaskControlBlock' with 2 bytes to alignment boundary [-Wpadded]
typedef struct tskTaskControlBlock       /* The old naming convention is used to prevent breaking kernel aware debuggers. */
               ^
C:/Users/Omar/AppData/Local/Arm/Packs/ARM/CMSIS-FreeRTOS/10.4.6/Source/tasks.c(387): warning: no previous extern declaration for non-static variable 'uxTopUsedPriority' [-Wmissing-variable-declarations]
const volatile UBaseType_t uxTopUsedPriority = configMAX_PRIORITIES - 1U;
                           ^
C:/Users/Omar/AppData/Local/Arm/Packs/ARM/CMSIS-FreeRTOS/10.4.6/Source/tasks.c(387): note: declare 'static' if the variable is not intended to be used outside of this translation unit
const volatile UBaseType_t uxTopUsedPriority = configMAX_PRIORITIES - 1U;
               ^
C:/Users/Omar/AppData/Local/Arm/Packs/ARM/CMSIS-FreeRTOS/10.4.6/Source/tasks.c(864): warning: empty expression statement has no effect; remove unnecessary ';' to silence this warning [-Wextra-semi-stmt]
            configASSERT( ( ( ( portPOINTER_SIZE_TYPE ) pxTopOfStack & ( portPOINTER_SIZE_TYPE ) portBYTE_ALIGNMENT_MASK ) == 0UL ) );
                                                                                                                                     ^
C:/Users/Omar/AppData/Local/Arm/Packs/ARM/CMSIS-FreeRTOS/10.4.6/Source/tasks.c(919): warning: empty expression statement has no effect; remove unnecessary ';' to silence this warning [-Wextra-semi-stmt]
    configASSERT( uxPriority < configMAX_PRIORITIES );
                                                     ^
C:/Users/Omar/AppData/Local/Arm/Packs/ARM/CMSIS-FreeRTOS/10.4.6/Source/tasks.c(986): warning: cast from 'volatile unsigned int *' to 'void *' drops volatile qualifier [-Wcast-qual]
            memset( ( void * ) &( pxNewTCB->ulNotifiedValue[ 0 ] ), 0x00, sizeof( pxNewTCB->ulNotifiedValue ) );
                               ^
C:/Users/Omar/AppData/Local/Arm/Packs/ARM/CMSIS-FreeRTOS/10.4.6/Source/tasks.c(987): warning: cast from 'volatile unsigned char *' to 'void *' drops volatile qualifier [-Wcast-qual]
            memset( ( void * ) &( pxNewTCB->ucNotifyState[ 0 ] ), 0x00, sizeof( pxNewTCB->ucNotifyState ) );
                               ^
C:/Users/Omar/AppData/Local/Arm/Packs/ARM/CMSIS-FreeRTOS/10.4.6/Source/tasks.c(1129): warning: empty expression statement has no effect; remove unnecessary ';' to silence this warning [-Wextra-semi-stmt]
        prvAddTaskToReadyList( pxNewTCB );
                                         ^
C:/Users/Omar/AppData/Local/Arm/Packs/ARM/CMSIS-FreeRTOS/10.4.6/Source/tasks.c(1141): warning: empty expression statement has no effect; remove unnecessary ';' to silence this warning [-Wextra-semi-stmt]
            taskYIELD_IF_USING_PREEMPTION();
                                           ^
C:/Users/Omar/AppData/Local/Arm/Packs/ARM/CMSIS-FreeRTOS/10.4.6/Source/tasks.c(1170): warning: empty expression statement has no effect; remove unnecessary ';' to silence this warning [-Wextra-semi-stmt]
                taskRESET_READY_PRIORITY( pxTCB->uxPriority );
                                                             ^
C:/Users/Omar/AppData/Local/Arm/Packs/ARM/CMSIS-FreeRTOS/10.4.6/Source/tasks.c(1244): warning: empty expression statement has no effect; remove unnecessary ';' to silence this warning [-Wextra-semi-stmt]
                configASSERT( uxSchedulerSuspended == 0 );
                                                         ^
C:/Users/Omar/AppData/Local/Arm/Packs/ARM/CMSIS-FreeRTOS/10.4.6/Source/tasks.c(1245): warning: empty expression statement has no effect; remove unnecessary ';' to silence this warning [-Wextra-semi-stmt]
                portYIELD_WITHIN_API();
                                      ^
C:/Users/Omar/AppData/Local/Arm/Packs/ARM/CMSIS-FreeRTOS/10.4.6/Source/tasks.c(1265): warning: empty expression statement has no effect; remove unnecessary ';' to silence this warning [-Wextra-semi-stmt]
        configASSERT( pxPreviousWakeTime );
                                          ^
C:/Users/Omar/AppData/Local/Arm/Packs/ARM/CMSIS-FreeRTOS/10.4.6/Source/tasks.c(1266): warning: empty expression statement has no effect; remove unnecessary ';' to silence this warning [-Wextra-semi-stmt]
        configASSERT( ( xTimeIncrement > 0U ) );
                                               ^
C:/Users/Omar/AppData/Local/Arm/Packs/ARM/CMSIS-FreeRTOS/10.4.6/Source/tasks.c(1267): warning: empty expression statement has no effect; remove unnecessary ';' to silence this warning [-Wextra-semi-stmt]
        configASSERT( uxSchedulerSuspended == 0 );
                                                 ^
C:/Users/Omar/AppData/Local/Arm/Packs/ARM/CMSIS-FreeRTOS/10.4.6/Source/tasks.c(1331): warning: empty expression statement has no effect; remove unnecessary ';' to silence this warning [-Wextra-semi-stmt]
            portYIELD_WITHIN_API();
                                  ^
C:/Users/Omar/AppData/Local/Arm/Packs/ARM/CMSIS-FreeRTOS/10.4.6/Source/tasks.c(1353): warning: empty expression statement has no effect; remove unnecessary ';' to silence this warning [-Wextra-semi-stmt]
            configASSERT( uxSchedulerSuspended == 0 );
                                                     ^
C:/Users/Omar/AppData/Local/Arm/Packs/ARM/CMSIS-FreeRTOS/10.4.6/Source/tasks.c(1378): warning: empty expression statement has no effect; remove unnecessary ';' to silence this warning [-Wextra-semi-stmt]
            portYIELD_WITHIN_API();
                                  ^
C:/Users/Omar/AppData/Local/Arm/Packs/ARM/CMSIS-FreeRTOS/10.4.6/Source/tasks.c(1397): warning: empty expression statement has no effect; remove unnecessary ';' to silence this warning [-Wextra-semi-stmt]
        configASSERT( pxTCB );
                             ^
C:/Users/Omar/AppData/Local/Arm/Packs/ARM/CMSIS-FreeRTOS/10.4.6/Source/tasks.c(1557): warning: empty expression statement has no effect; remove unnecessary ';' to silence this warning [-Wextra-semi-stmt]
        configASSERT( uxNewPriority < configMAX_PRIORITIES );
                                                            ^
C:/Users/Omar/AppData/Local/Arm/Packs/ARM/CMSIS-FreeRTOS/10.4.6/Source/tasks.c(1687): warning: empty expression statement has no effect; remove unnecessary ';' to silence this warning [-Wextra-semi-stmt]
                    prvAddTaskToReadyList( pxTCB );
                                                  ^
C:/Users/Omar/AppData/Local/Arm/Packs/ARM/CMSIS-FreeRTOS/10.4.6/Source/tasks.c(1696): warning: empty expression statement has no effect; remove unnecessary ';' to silence this warning [-Wextra-semi-stmt]
                    taskYIELD_IF_USING_PREEMPTION();
                                                   ^
C:/Users/Omar/AppData/Local/Arm/Packs/ARM/CMSIS-FreeRTOS/10.4.6/Source/tasks.c(1732): warning: empty expression statement has no effect; remove unnecessary ';' to silence this warning [-Wextra-semi-stmt]
                taskRESET_READY_PRIORITY( pxTCB->uxPriority );
                                                             ^
C:/Users/Omar/AppData/Local/Arm/Packs/ARM/CMSIS-FreeRTOS/10.4.6/Source/tasks.c(1789): warning: empty expression statement has no effect; remove unnecessary ';' to silence this warning [-Wextra-semi-stmt]
                configASSERT( uxSchedulerSuspended == 0 );
                                                         ^
C:/Users/Omar/AppData/Local/Arm/Packs/ARM/CMSIS-FreeRTOS/10.4.6/Source/tasks.c(1790): warning: empty expression statement has no effect; remove unnecessary ';' to silence this warning [-Wextra-semi-stmt]
                portYIELD_WITHIN_API();
                                      ^
C:/Users/Omar/AppData/Local/Arm/Packs/ARM/CMSIS-FreeRTOS/10.4.6/Source/tasks.c(1831): warning: empty expression statement has no effect; remove unnecessary ';' to silence this warning [-Wextra-semi-stmt]
        configASSERT( xTask );
                             ^
C:/Users/Omar/AppData/Local/Arm/Packs/ARM/CMSIS-FreeRTOS/10.4.6/Source/tasks.c(1873): warning: empty expression statement has no effect; remove unnecessary ';' to silence this warning [-Wextra-semi-stmt]
        configASSERT( xTaskToResume );
                                     ^
C:/Users/Omar/AppData/Local/Arm/Packs/ARM/CMSIS-FreeRTOS/10.4.6/Source/tasks.c(1888): warning: empty expression statement has no effect; remove unnecessary ';' to silence this warning [-Wextra-semi-stmt]
                    prvAddTaskToReadyList( pxTCB );
                                                  ^
C:/Users/Omar/AppData/Local/Arm/Packs/ARM/CMSIS-FreeRTOS/10.4.6/Source/tasks.c(1896): warning: empty expression statement has no effect; remove unnecessary ';' to silence this warning [-Wextra-semi-stmt]
                        taskYIELD_IF_USING_PREEMPTION();
                                                       ^
C:/Users/Omar/AppData/Local/Arm/Packs/ARM/CMSIS-FreeRTOS/10.4.6/Source/tasks.c(1928): warning: empty expression statement has no effect; remove unnecessary ';' to silence this warning [-Wextra-semi-stmt]
        configASSERT( xTaskToResume );
                                     ^
C:/Users/Omar/AppData/Local/Arm/Packs/ARM/CMSIS-FreeRTOS/10.4.6/Source/tasks.c(1974): warning: empty expression statement has no effect; remove unnecessary ';' to silence this warning [-Wextra-semi-stmt]
                    prvAddTaskToReadyList( pxTCB );
                                                  ^
C:/Users/Omar/AppData/Local/Arm/Packs/ARM/CMSIS-FreeRTOS/10.4.6/Source/tasks.c(2112): warning: empty expression statement has no effect; remove unnecessary ';' to silence this warning [-Wextra-semi-stmt]
        configASSERT( xReturn != errCOULD_NOT_ALLOCATE_REQUIRED_MEMORY );
                                                                        ^
C:/Users/Omar/AppData/Local/Arm/Packs/ARM/CMSIS-FreeRTOS/10.4.6/Source/tasks.c(2227): warning: empty expression statement has no effect; remove unnecessary ';' to silence this warning [-Wextra-semi-stmt]
    configASSERT( uxSchedulerSuspended );
                                        ^
C:/Users/Omar/AppData/Local/Arm/Packs/ARM/CMSIS-FreeRTOS/10.4.6/Source/tasks.c(2247): warning: empty expression statement has no effect; remove unnecessary ';' to silence this warning [-Wextra-semi-stmt]
                    listREMOVE_ITEM( &( pxTCB->xEventListItem ) );
                                                                 ^
C:/Users/Omar/AppData/Local/Arm/Packs/ARM/CMSIS-FreeRTOS/10.4.6/Source/tasks.c(2249): warning: empty expression statement has no effect; remove unnecessary ';' to silence this warning [-Wextra-semi-stmt]
                    listREMOVE_ITEM( &( pxTCB->xStateListItem ) );
                                                                 ^
C:/Users/Omar/AppData/Local/Arm/Packs/ARM/CMSIS-FreeRTOS/10.4.6/Source/tasks.c(2250): warning: empty expression statement has no effect; remove unnecessary ';' to silence this warning [-Wextra-semi-stmt]
                    prvAddTaskToReadyList( pxTCB );
                                                  ^
C:/Users/Omar/AppData/Local/Arm/Packs/ARM/CMSIS-FreeRTOS/10.4.6/Source/tasks.c(2313): warning: empty expression statement has no effect; remove unnecessary ';' to silence this warning [-Wextra-semi-stmt]
                    taskYIELD_IF_USING_PREEMPTION();
                                                   ^
C:/Users/Omar/AppData/Local/Arm/Packs/ARM/CMSIS-FreeRTOS/10.4.6/Source/tasks.c(2393): warning: empty expression statement has no effect; remove unnecessary ';' to silence this warning [-Wextra-semi-stmt]
    configASSERT( pxTCB );
                         ^
C:/Users/Omar/AppData/Local/Arm/Packs/ARM/CMSIS-FreeRTOS/10.4.6/Source/tasks.c(2412): warning: empty expression statement has no effect; remove unnecessary ';' to silence this warning [-Wextra-semi-stmt]
            listGET_OWNER_OF_NEXT_ENTRY( pxFirstTCB, pxList ); /*lint !e9079 void * is used as this macro is used with timers and co-routines too.  Alignment is known to be fine as the type of the pointer stored and retrieved is the same. */
                                                             ^
C:/Users/Omar/AppData/Local/Arm/Packs/ARM/CMSIS-FreeRTOS/10.4.6/Source/tasks.c(2416): warning: empty expression statement has no effect; remove unnecessary ';' to silence this warning [-Wextra-semi-stmt]
                listGET_OWNER_OF_NEXT_ENTRY( pxNextTCB, pxList ); /*lint !e9079 void * is used as this macro is used with timers and co-routines too.  Alignment is known to be fine as the type of the pointer stored and retrieved is the same. */
                                                                ^
C:/Users/Omar/AppData/Local/Arm/Packs/ARM/CMSIS-FreeRTOS/10.4.6/Source/tasks.c(2475): warning: empty expression statement has no effect; remove unnecessary ';' to silence this warning [-Wextra-semi-stmt]
        configASSERT( strlen( pcNameToQuery ) < configMAX_TASK_NAME_LEN );
                                                                         ^
C:/Users/Omar/AppData/Local/Arm/Packs/ARM/CMSIS-FreeRTOS/10.4.6/Source/tasks.c(40): warning: In file included from...
C:/Users/Omar/AppData/Local/Arm/Packs/ARM/CMSIS-FreeRTOS/10.4.6/Source/include/task.h(160): warning: padding struct 'struct xTASK_STATUS' with 3 bytes to align 'uxCurrentPriority' [-Wpadded]
    UBaseType_t uxCurrentPriority;                /* The priority at which the task was running (may be inherited) when the structure was populated. */
                ^
C:/Users/Omar/AppData/Local/Arm/Packs/ARM/CMSIS-FreeRTOS/10.4.6/Source/include/task.h(154): warning: padding size of 'struct xTASK_STATUS' with 2 bytes to alignment boundary [-Wpadded]
typedef struct xTASK_STATUS
               ^
C:/Users/Omar/AppData/Local/Arm/Packs/ARM/CMSIS-FreeRTOS/10.4.6/Source/tasks.c(2612): warning: empty expression statement has no effect; remove unnecessary ';' to silence this warning [-Wextra-semi-stmt]
        configASSERT( ( xIdleTaskHandle != NULL ) );
                                                   ^
C:/Users/Omar/AppData/Local/Arm/Packs/ARM/CMSIS-FreeRTOS/10.4.6/Source/tasks.c(2644): warning: empty expression statement has no effect; remove unnecessary ';' to silence this warning [-Wextra-semi-stmt]
    configASSERT( uxSchedulerSuspended == 0 );
                                             ^
C:/Users/Omar/AppData/Local/Arm/Packs/ARM/CMSIS-FreeRTOS/10.4.6/Source/tasks.c(2663): warning: empty expression statement has no effect; remove unnecessary ';' to silence this warning [-Wextra-semi-stmt]
        configASSERT( pxTCB );
                             ^
C:/Users/Omar/AppData/Local/Arm/Packs/ARM/CMSIS-FreeRTOS/10.4.6/Source/tasks.c(2701): warning: empty expression statement has no effect; remove unnecessary ';' to silence this warning [-Wextra-semi-stmt]
                prvAddTaskToReadyList( pxTCB );
                                              ^
C:/Users/Omar/AppData/Local/Arm/Packs/ARM/CMSIS-FreeRTOS/10.4.6/Source/tasks.c(2759): warning: empty expression statement has no effect; remove unnecessary ';' to silence this warning [-Wextra-semi-stmt]
            taskSWITCH_DELAYED_LISTS();
                                      ^
C:/Users/Omar/AppData/Local/Arm/Packs/ARM/CMSIS-FreeRTOS/10.4.6/Source/tasks.c(2809): warning: empty expression statement has no effect; remove unnecessary ';' to silence this warning [-Wextra-semi-stmt]
                    listREMOVE_ITEM( &( pxTCB->xStateListItem ) );
                                                                 ^
C:/Users/Omar/AppData/Local/Arm/Packs/ARM/CMSIS-FreeRTOS/10.4.6/Source/tasks.c(2815): warning: empty expression statement has no effect; remove unnecessary ';' to silence this warning [-Wextra-semi-stmt]
                        listREMOVE_ITEM( &( pxTCB->xEventListItem ) );
                                                                     ^
C:/Users/Omar/AppData/Local/Arm/Packs/ARM/CMSIS-FreeRTOS/10.4.6/Source/tasks.c(2824): warning: empty expression statement has no effect; remove unnecessary ';' to silence this warning [-Wextra-semi-stmt]
                    prvAddTaskToReadyList( pxTCB );
                                                  ^
C:/Users/Omar/AppData/Local/Arm/Packs/ARM/CMSIS-FreeRTOS/10.4.6/Source/tasks.c(3074): warning: empty expression statement has no effect; remove unnecessary ';' to silence this warning [-Wextra-semi-stmt]
        taskSELECT_HIGHEST_PRIORITY_TASK(); /*lint !e9079 void * is used as this macro is used with timers and co-routines too.  Alignment is known to be fine as the type of the pointer stored and retrieved is the same. */
                                          ^
C:/Users/Omar/AppData/Local/Arm/Packs/ARM/CMSIS-FreeRTOS/10.4.6/Source/tasks.c(3100): warning: empty expression statement has no effect; remove unnecessary ';' to silence this warning [-Wextra-semi-stmt]
    configASSERT( pxEventList );
                               ^
C:/Users/Omar/AppData/Local/Arm/Packs/ARM/CMSIS-FreeRTOS/10.4.6/Source/tasks.c(3126): warning: empty expression statement has no effect; remove unnecessary ';' to silence this warning [-Wextra-semi-stmt]
    configASSERT( pxEventList );
                               ^
C:/Users/Omar/AppData/Local/Arm/Packs/ARM/CMSIS-FreeRTOS/10.4.6/Source/tasks.c(3130): warning: empty expression statement has no effect; remove unnecessary ';' to silence this warning [-Wextra-semi-stmt]
    configASSERT( uxSchedulerSuspended != 0 );
                                             ^
C:/Users/Omar/AppData/Local/Arm/Packs/ARM/CMSIS-FreeRTOS/10.4.6/Source/tasks.c(3142): warning: empty expression statement has no effect; remove unnecessary ';' to silence this warning [-Wextra-semi-stmt]
    listINSERT_END( pxEventList, &( pxCurrentTCB->xEventListItem ) );
                                                                    ^
C:/Users/Omar/AppData/Local/Arm/Packs/ARM/CMSIS-FreeRTOS/10.4.6/Source/tasks.c(3154): warning: empty expression statement has no effect; remove unnecessary ';' to silence this warning [-Wextra-semi-stmt]
        configASSERT( pxEventList );
                                   ^
C:/Users/Omar/AppData/Local/Arm/Packs/ARM/CMSIS-FreeRTOS/10.4.6/Source/tasks.c(3166): warning: empty expression statement has no effect; remove unnecessary ';' to silence this warning [-Wextra-semi-stmt]
        listINSERT_END( pxEventList, &( pxCurrentTCB->xEventListItem ) );
                                                                        ^
C:/Users/Omar/AppData/Local/Arm/Packs/ARM/CMSIS-FreeRTOS/10.4.6/Source/tasks.c(3202): warning: empty expression statement has no effect; remove unnecessary ';' to silence this warning [-Wextra-semi-stmt]
    configASSERT( pxUnblockedTCB );
                                  ^
C:/Users/Omar/AppData/Local/Arm/Packs/ARM/CMSIS-FreeRTOS/10.4.6/Source/tasks.c(3203): warning: empty expression statement has no effect; remove unnecessary ';' to silence this warning [-Wextra-semi-stmt]
    listREMOVE_ITEM( &( pxUnblockedTCB->xEventListItem ) );
                                                          ^
C:/Users/Omar/AppData/Local/Arm/Packs/ARM/CMSIS-FreeRTOS/10.4.6/Source/tasks.c(3207): warning: empty expression statement has no effect; remove unnecessary ';' to silence this warning [-Wextra-semi-stmt]
        listREMOVE_ITEM( &( pxUnblockedTCB->xStateListItem ) );
                                                              ^
C:/Users/Omar/AppData/Local/Arm/Packs/ARM/CMSIS-FreeRTOS/10.4.6/Source/tasks.c(3208): warning: empty expression statement has no effect; remove unnecessary ';' to silence this warning [-Wextra-semi-stmt]
        prvAddTaskToReadyList( pxUnblockedTCB );
                                               ^
C:/Users/Omar/AppData/Local/Arm/Packs/ARM/CMSIS-FreeRTOS/10.4.6/Source/tasks.c(3228): warning: empty expression statement has no effect; remove unnecessary ';' to silence this warning [-Wextra-semi-stmt]
        listINSERT_END( &( xPendingReadyList ), &( pxUnblockedTCB->xEventListItem ) );
                                                                                     ^
C:/Users/Omar/AppData/Local/Arm/Packs/ARM/CMSIS-FreeRTOS/10.4.6/Source/tasks.c(3258): warning: empty expression statement has no effect; remove unnecessary ';' to silence this warning [-Wextra-semi-stmt]
    configASSERT( uxSchedulerSuspended != pdFALSE );
                                                   ^
C:/Users/Omar/AppData/Local/Arm/Packs/ARM/CMSIS-FreeRTOS/10.4.6/Source/tasks.c(3266): warning: empty expression statement has no effect; remove unnecessary ';' to silence this warning [-Wextra-semi-stmt]
    configASSERT( pxUnblockedTCB );
                                  ^
C:/Users/Omar/AppData/Local/Arm/Packs/ARM/CMSIS-FreeRTOS/10.4.6/Source/tasks.c(3267): warning: empty expression statement has no effect; remove unnecessary ';' to silence this warning [-Wextra-semi-stmt]
    listREMOVE_ITEM( pxEventListItem );
                                      ^
C:/Users/Omar/AppData/Local/Arm/Packs/ARM/CMSIS-FreeRTOS/10.4.6/Source/tasks.c(3286): warning: empty expression statement has no effect; remove unnecessary ';' to silence this warning [-Wextra-semi-stmt]
    listREMOVE_ITEM( &( pxUnblockedTCB->xStateListItem ) );
                                                          ^
C:/Users/Omar/AppData/Local/Arm/Packs/ARM/CMSIS-FreeRTOS/10.4.6/Source/tasks.c(3287): warning: empty expression statement has no effect; remove unnecessary ';' to silence this warning [-Wextra-semi-stmt]
    prvAddTaskToReadyList( pxUnblockedTCB );
                                           ^
C:/Users/Omar/AppData/Local/Arm/Packs/ARM/CMSIS-FreeRTOS/10.4.6/Source/tasks.c(3302): warning: empty expression statement has no effect; remove unnecessary ';' to silence this warning [-Wextra-semi-stmt]
    configASSERT( pxTimeOut );
                             ^
C:/Users/Omar/AppData/Local/Arm/Packs/ARM/CMSIS-FreeRTOS/10.4.6/Source/tasks.c(3325): warning: empty expression statement has no effect; remove unnecessary ';' to silence this warning [-Wextra-semi-stmt]
    configASSERT( pxTimeOut );
                             ^
C:/Users/Omar/AppData/Local/Arm/Packs/ARM/CMSIS-FreeRTOS/10.4.6/Source/tasks.c(3326): warning: empty expression statement has no effect; remove unnecessary ';' to silence this warning [-Wextra-semi-stmt]
    configASSERT( pxTicksToWait );
                                 ^
C:/Users/Omar/AppData/Local/Arm/Packs/ARM/CMSIS-FreeRTOS/10.4.6/Source/tasks.c(3483): warning: empty expression statement has no effect; remove unnecessary ';' to silence this warning [-Wextra-semi-stmt]
                    taskYIELD();
                               ^
C:/Users/Omar/AppData/Local/Arm/Packs/ARM/CMSIS-FreeRTOS/10.4.6/Source/tasks.c(3442): warning: function 'prvIdleTask' could be declared with attribute 'noreturn' [-Wmissing-noreturn]
{
^
C:/Users/Omar/AppData/Local/Arm/Packs/ARM/CMSIS-FreeRTOS/10.4.6/Source/tasks.c(3836): warning: empty expression statement has no effect; remove unnecessary ';' to silence this warning [-Wextra-semi-stmt]
            listGET_OWNER_OF_NEXT_ENTRY( pxFirstTCB, pxList ); /*lint !e9079 void * is used as this macro is used with timers and co-routines too.  Alignment is known to be fine as the type of the pointer stored and retrieved is the same. */
                                                             ^
C:/Users/Omar/AppData/Local/Arm/Packs/ARM/CMSIS-FreeRTOS/10.4.6/Source/tasks.c(3844): warning: empty expression statement has no effect; remove unnecessary ';' to silence this warning [-Wextra-semi-stmt]
                listGET_OWNER_OF_NEXT_ENTRY( pxNextTCB, pxList ); /*lint !e9079 void * is used as this macro is used with timers and co-routines too.  Alignment is known to be fine as the type of the pointer stored and retrieved is the same. */
                                                                ^
C:/Users/Omar/AppData/Local/Arm/Packs/ARM/CMSIS-FreeRTOS/10.4.6/Source/tasks.c(4119): warning: empty expression statement has no effect; remove unnecessary ';' to silence this warning [-Wextra-semi-stmt]
                    prvAddTaskToReadyList( pxMutexHolderTCB );
                                                             ^
C:/Users/Omar/AppData/Local/Arm/Packs/ARM/CMSIS-FreeRTOS/10.4.6/Source/tasks.c(4175): warning: empty expression statement has no effect; remove unnecessary ';' to silence this warning [-Wextra-semi-stmt]
            configASSERT( pxTCB == pxCurrentTCB );
                                                 ^
C:/Users/Omar/AppData/Local/Arm/Packs/ARM/CMSIS-FreeRTOS/10.4.6/Source/tasks.c(4176): warning: empty expression statement has no effect; remove unnecessary ';' to silence this warning [-Wextra-semi-stmt]
            configASSERT( pxTCB->uxMutexesHeld );
                                                ^
C:/Users/Omar/AppData/Local/Arm/Packs/ARM/CMSIS-FreeRTOS/10.4.6/Source/tasks.c(4209): warning: empty expression statement has no effect; remove unnecessary ';' to silence this warning [-Wextra-semi-stmt]
                    prvAddTaskToReadyList( pxTCB );
                                                  ^
C:/Users/Omar/AppData/Local/Arm/Packs/ARM/CMSIS-FreeRTOS/10.4.6/Source/tasks.c(4255): warning: empty expression statement has no effect; remove unnecessary ';' to silence this warning [-Wextra-semi-stmt]
            configASSERT( pxTCB->uxMutexesHeld );
                                                ^
C:/Users/Omar/AppData/Local/Arm/Packs/ARM/CMSIS-FreeRTOS/10.4.6/Source/tasks.c(4282): warning: empty expression statement has no effect; remove unnecessary ';' to silence this warning [-Wextra-semi-stmt]
                    configASSERT( pxTCB != pxCurrentTCB );
                                                         ^
C:/Users/Omar/AppData/Local/Arm/Packs/ARM/CMSIS-FreeRTOS/10.4.6/Source/tasks.c(4322): warning: empty expression statement has no effect; remove unnecessary ';' to silence this warning [-Wextra-semi-stmt]
                        prvAddTaskToReadyList( pxTCB );
                                                      ^
C:/Users/Omar/AppData/Local/Arm/Packs/ARM/CMSIS-FreeRTOS/10.4.6/Source/tasks.c(4710): warning: empty expression statement has no effect; remove unnecessary ';' to silence this warning [-Wextra-semi-stmt]
        configASSERT( uxIndexToWait < configTASK_NOTIFICATION_ARRAY_ENTRIES );
                                                                             ^
C:/Users/Omar/AppData/Local/Arm/Packs/ARM/CMSIS-FreeRTOS/10.4.6/Source/tasks.c(4729): warning: empty expression statement has no effect; remove unnecessary ';' to silence this warning [-Wextra-semi-stmt]
                    portYIELD_WITHIN_API();
                                          ^
C:/Users/Omar/AppData/Local/Arm/Packs/ARM/CMSIS-FreeRTOS/10.4.6/Source/tasks.c(4784): warning: empty expression statement has no effect; remove unnecessary ';' to silence this warning [-Wextra-semi-stmt]
        configASSERT( uxIndexToWait < configTASK_NOTIFICATION_ARRAY_ENTRIES );
                                                                             ^
C:/Users/Omar/AppData/Local/Arm/Packs/ARM/CMSIS-FreeRTOS/10.4.6/Source/tasks.c(4808): warning: empty expression statement has no effect; remove unnecessary ';' to silence this warning [-Wextra-semi-stmt]
                    portYIELD_WITHIN_API();
                                          ^
C:/Users/Omar/AppData/Local/Arm/Packs/ARM/CMSIS-FreeRTOS/10.4.6/Source/tasks.c(4872): warning: empty expression statement has no effect; remove unnecessary ';' to silence this warning [-Wextra-semi-stmt]
        configASSERT( uxIndexToNotify < configTASK_NOTIFICATION_ARRAY_ENTRIES );
                                                                               ^
C:/Users/Omar/AppData/Local/Arm/Packs/ARM/CMSIS-FreeRTOS/10.4.6/Source/tasks.c(4873): warning: empty expression statement has no effect; remove unnecessary ';' to silence this warning [-Wextra-semi-stmt]
        configASSERT( xTaskToNotify );
                                     ^
C:/Users/Omar/AppData/Local/Arm/Packs/ARM/CMSIS-FreeRTOS/10.4.6/Source/tasks.c(4926): warning: empty expression statement has no effect; remove unnecessary ';' to silence this warning [-Wextra-semi-stmt]
                    configASSERT( xTickCount == ( TickType_t ) 0 );
                                                                  ^
C:/Users/Omar/AppData/Local/Arm/Packs/ARM/CMSIS-FreeRTOS/10.4.6/Source/tasks.c(4921): warning: default label in switch which covers all enumeration values [-Wcovered-switch-default]
                default:
                ^
C:/Users/Omar/AppData/Local/Arm/Packs/ARM/CMSIS-FreeRTOS/10.4.6/Source/tasks.c(4937): warning: empty expression statement has no effect; remove unnecessary ';' to silence this warning [-Wextra-semi-stmt]
                listREMOVE_ITEM( &( pxTCB->xStateListItem ) );
                                                             ^
C:/Users/Omar/AppData/Local/Arm/Packs/ARM/CMSIS-FreeRTOS/10.4.6/Source/tasks.c(4938): warning: empty expression statement has no effect; remove unnecessary ';' to silence this warning [-Wextra-semi-stmt]
                prvAddTaskToReadyList( pxTCB );
                                              ^
C:/Users/Omar/AppData/Local/Arm/Packs/ARM/CMSIS-FreeRTOS/10.4.6/Source/tasks.c(4941): warning: empty expression statement has no effect; remove unnecessary ';' to silence this warning [-Wextra-semi-stmt]
                configASSERT( listLIST_ITEM_CONTAINER( &( pxTCB->xEventListItem ) ) == NULL );
                                                                                             ^
C:/Users/Omar/AppData/Local/Arm/Packs/ARM/CMSIS-FreeRTOS/10.4.6/Source/tasks.c(4963): warning: empty expression statement has no effect; remove unnecessary ';' to silence this warning [-Wextra-semi-stmt]
                    taskYIELD_IF_USING_PREEMPTION();
                                                   ^
C:/Users/Omar/AppData/Local/Arm/Packs/ARM/CMSIS-FreeRTOS/10.4.6/Source/tasks.c(4997): warning: empty expression statement has no effect; remove unnecessary ';' to silence this warning [-Wextra-semi-stmt]
        configASSERT( xTaskToNotify );
                                     ^
C:/Users/Omar/AppData/Local/Arm/Packs/ARM/CMSIS-FreeRTOS/10.4.6/Source/tasks.c(4998): warning: empty expression statement has no effect; remove unnecessary ';' to silence this warning [-Wextra-semi-stmt]
        configASSERT( uxIndexToNotify < configTASK_NOTIFICATION_ARRAY_ENTRIES );
                                                                               ^
C:/Users/Omar/AppData/Local/Arm/Packs/ARM/CMSIS-FreeRTOS/10.4.6/Source/tasks.c(5069): warning: empty expression statement has no effect; remove unnecessary ';' to silence this warning [-Wextra-semi-stmt]
                    configASSERT( xTickCount == ( TickType_t ) 0 );
                                                                  ^
C:/Users/Omar/AppData/Local/Arm/Packs/ARM/CMSIS-FreeRTOS/10.4.6/Source/tasks.c(5064): warning: default label in switch which covers all enumeration values [-Wcovered-switch-default]
                default:
                ^
C:/Users/Omar/AppData/Local/Arm/Packs/ARM/CMSIS-FreeRTOS/10.4.6/Source/tasks.c(5080): warning: empty expression statement has no effect; remove unnecessary ';' to silence this warning [-Wextra-semi-stmt]
                configASSERT( listLIST_ITEM_CONTAINER( &( pxTCB->xEventListItem ) ) == NULL );
                                                                                             ^
C:/Users/Omar/AppData/Local/Arm/Packs/ARM/CMSIS-FreeRTOS/10.4.6/Source/tasks.c(5084): warning: empty expression statement has no effect; remove unnecessary ';' to silence this warning [-Wextra-semi-stmt]
                    listREMOVE_ITEM( &( pxTCB->xStateListItem ) );
                                                                 ^
C:/Users/Omar/AppData/Local/Arm/Packs/ARM/CMSIS-FreeRTOS/10.4.6/Source/tasks.c(5085): warning: empty expression statement has no effect; remove unnecessary ';' to silence this warning [-Wextra-semi-stmt]
                    prvAddTaskToReadyList( pxTCB );
                                                  ^
C:/Users/Omar/AppData/Local/Arm/Packs/ARM/CMSIS-FreeRTOS/10.4.6/Source/tasks.c(5091): warning: empty expression statement has no effect; remove unnecessary ';' to silence this warning [-Wextra-semi-stmt]
                    listINSERT_END( &( xPendingReadyList ), &( pxTCB->xEventListItem ) );
                                                                                        ^
C:/Users/Omar/AppData/Local/Arm/Packs/ARM/CMSIS-FreeRTOS/10.4.6/Source/tasks.c(5132): warning: empty expression statement has no effect; remove unnecessary ';' to silence this warning [-Wextra-semi-stmt]
        configASSERT( xTaskToNotify );
                                     ^
C:/Users/Omar/AppData/Local/Arm/Packs/ARM/CMSIS-FreeRTOS/10.4.6/Source/tasks.c(5133): warning: empty expression statement has no effect; remove unnecessary ';' to silence this warning [-Wextra-semi-stmt]
        configASSERT( uxIndexToNotify < configTASK_NOTIFICATION_ARRAY_ENTRIES );
                                                                               ^
C:/Users/Omar/AppData/Local/Arm/Packs/ARM/CMSIS-FreeRTOS/10.4.6/Source/tasks.c(5171): warning: empty expression statement has no effect; remove unnecessary ';' to silence this warning [-Wextra-semi-stmt]
                configASSERT( listLIST_ITEM_CONTAINER( &( pxTCB->xEventListItem ) ) == NULL );
                                                                                             ^
C:/Users/Omar/AppData/Local/Arm/Packs/ARM/CMSIS-FreeRTOS/10.4.6/Source/tasks.c(5175): warning: empty expression statement has no effect; remove unnecessary ';' to silence this warning [-Wextra-semi-stmt]
                    listREMOVE_ITEM( &( pxTCB->xStateListItem ) );
                                                                 ^
C:/Users/Omar/AppData/Local/Arm/Packs/ARM/CMSIS-FreeRTOS/10.4.6/Source/tasks.c(5176): warning: empty expression statement has no effect; remove unnecessary ';' to silence this warning [-Wextra-semi-stmt]
                    prvAddTaskToReadyList( pxTCB );
                                                  ^
C:/Users/Omar/AppData/Local/Arm/Packs/ARM/CMSIS-FreeRTOS/10.4.6/Source/tasks.c(5182): warning: empty expression statement has no effect; remove unnecessary ';' to silence this warning [-Wextra-semi-stmt]
                    listINSERT_END( &( xPendingReadyList ), &( pxTCB->xEventListItem ) );
                                                                                        ^
C:/Users/Omar/AppData/Local/Arm/Packs/ARM/CMSIS-FreeRTOS/10.4.6/Source/tasks.c(5219): warning: empty expression statement has no effect; remove unnecessary ';' to silence this warning [-Wextra-semi-stmt]
        configASSERT( uxIndexToClear < configTASK_NOTIFICATION_ARRAY_ENTRIES );
                                                                              ^
C:/Users/Omar/AppData/Local/Arm/Packs/ARM/CMSIS-FreeRTOS/10.4.6/Source/tasks.c(5345): warning: empty expression statement has no effect; remove unnecessary ';' to silence this warning [-Wextra-semi-stmt]
                listINSERT_END( &xSuspendedTaskList, &( pxCurrentTCB->xStateListItem ) );
                                                                                        ^
111 warnings generated.
compiling tasks.c...
linking...
Program Size: Code=7604 RO-data=656 RW-data=8 ZI-data=5040  
".\Objects\lab3.axf" - 0 Error(s), 250 Warning(s).

<h2>Software Packages used:</h2>

Package Vendor: ARM
                http://www.keil.com/pack/ARM.CMSIS.5.8.0.pack
                ARM.CMSIS.5.8.0
                CMSIS (Common Microcontroller Software Interface Standard)
   * Component: CORE Version: 5.5.0

Package Vendor: ARM
                http://www.keil.com/pack/ARM.CMSIS-FreeRTOS.10.4.6.pack
                ARM.CMSIS-FreeRTOS.10.4.6
                Bundle of FreeRTOS for Cortex-M and Cortex-A
   * Component: Config Variant: FreeRTOS Version: 10.4.6
   * Component: Core Variant: Cortex-M Version: 10.4.6
   * Component: Heap Variant: Heap_1 Version: 10.4.6
   * Component: Timers Version: 10.4.6

Package Vendor: Keil
                http://www.keil.com/pack/Keil.TM4C_DFP.1.1.0.pack
                Keil.TM4C_DFP.1.1.0
                Texas Instruments Tiva C Series Device Support and Examples
   * Component: Startup Version: 1.0.1

<h2>Collection of Component include folders:</h2>
  .\RTE\RTOS
  .\RTE\_Target_1
  C:\Users\Omar\AppData\Local\Arm\Packs\ARM\CMSIS-FreeRTOS\10.4.6\CMSIS\RTOS2\FreeRTOS\Include
  C:\Users\Omar\AppData\Local\Arm\Packs\ARM\CMSIS-FreeRTOS\10.4.6\Source\include
  C:\Users\Omar\AppData\Local\Arm\Packs\ARM\CMSIS-FreeRTOS\10.4.6\Source\portable\GCC\ARM_CM4F
  C:\Users\Omar\AppData\Local\Arm\Packs\ARM\CMSIS\5.8.0\CMSIS\Core\Include
  C:\Users\Omar\AppData\Local\Arm\Packs\Keil\TM4C_DFP\1.1.0\Device\Include\TM4C123

<h2>Collection of Component Files used:</h2>

   * Component: ARM.FreeRTOS::RTOS:Config:FreeRTOS:10.4.6
      Include file:  Config\ARMCM\FreeRTOSConfig.h

   * Component: ARM.FreeRTOS::RTOS:Core:Cortex-M:10.4.6
      Include file:  Source\include\task.h
      Include file:  Source\include\semphr.h
      Source file:   Source\list.c
      Include file:  Source\include\FreeRTOS.h
      Source file:   Source\tasks.c
      Include file:  Source\include\queue.h
      Source file:   Source\queue.c
      Source file:   Source\portable\GCC\ARM_CM4F\port.c
      Source file:   CMSIS\RTOS2\FreeRTOS\Source\freertos_evr.c

   * Component: ARM.FreeRTOS::RTOS:Heap:Heap_1:10.4.6
      Source file:   Source\portable\MemMang\heap_1.c

   * Component: ARM.FreeRTOS::RTOS:Timers:10.4.6
      Include file:  Source\include\timers.h
      Source file:   Source\timers.c

   * Component: ARM::CMSIS:CORE:5.5.0

   * Component: Keil::Device:Startup:1.0.1
      Source file:   Device\Source\system_TM4C123.c
      Include file:  Device\Include\TM4C123\TM4C123.h
      Source file:   Device\Source\ARM\startup_TM4C123.s
Build Time Elapsed:  00:00:02
</pre>
</body>
</html>
