ARM Linker, 5.03 [Build 76] [MDK-ARM Lite]

==============================================================================

Section Cross References

    queue.o(.text) refers to heap_1.o(.text) for pvPortMalloc
    queue.o(.text) refers to list.o(.text) for vListInitialise
    queue.o(.text) refers to port.o(.text) for vPortEnterCritical
    queue.o(.text) refers to tasks.o(.text) for xTaskRemoveFromEventList
    queue.o(.text) refers to memcpya.o(.text) for __aeabi_memcpy
    queue.o(.text) refers to port.o(.emb_text) for vPortSetInterruptMask
    tasks.o(.text) refers to list.o(.text) for vListInitialise
    tasks.o(.text) refers to strncpy.o(.text) for strncpy
    tasks.o(.text) refers to heap_1.o(.text) for pvPortMalloc
    tasks.o(.text) refers to memseta.o(.text) for __aeabi_memset
    tasks.o(.text) refers to port.o(.text) for pxPortInitialiseStack
    tasks.o(.text) refers to tasks.o(.bss) for pxReadyTasksLists
    tasks.o(.text) refers to tasks.o(.data) for pxDelayedTaskList
    tasks.o(.text) refers to port.o(.emb_text) for vPortSetInterruptMask
    heap_1.o(.text) refers to tasks.o(.text) for vTaskSuspendAll
    heap_1.o(.text) refers to heap_1.o(.data) for xNextFreeByte
    heap_1.o(.text) refers to heap_1.o(.bss) for xHeap
    port.o(.emb_text) refers to tasks.o(.text) for vTaskSwitchContext
    port.o(.emb_text) refers to tasks.o(.data) for pxCurrentTCB
    port.o(.text) refers to port.o(.emb_text) for vPortStartFirstTask
    port.o(.text) refers to tasks.o(.text) for vTaskIncrementTick
    port.o(.text) refers to port.o(.data) for uxCriticalNesting
    main.o(.text) refers to tasks.o(.text) for vTaskDelay
    main.o(.text) refers to basic_io.o(.text) for vPrintString
    main.o(.text) refers to queue.o(.text) for xQueueGenericReceive
    main.o(.text) refers to port.o(.text) for vPortYieldFromISR
    main.o(.text) refers to main.o(.data) for xBinarySemaphore
    basic_io.o(.text) refers to tasks.o(.text) for vTaskSuspendAll
    basic_io.o(.text) refers to printf3.o(i.__0printf$3) for __2printf
    startup_mps_cm3.o(RESET) refers to startup_mps_cm3.o(STACK) for __initial_sp
    startup_mps_cm3.o(RESET) refers to startup_mps_cm3.o(.text) for Reset_Handler
    startup_mps_cm3.o(RESET) refers to port.o(.emb_text) for vPortSVCHandler
    startup_mps_cm3.o(RESET) refers to port.o(.text) for xPortSysTickHandler
    startup_mps_cm3.o(RESET) refers to main.o(.text) for vSoftwareInterruptHandler
    startup_mps_cm3.o(.text) refers to entry.o(.ARM.Collect$$$$00000000) for __main
    entry.o(.ARM.Collect$$$$00000000) refers (Special) to entry10a.o(.ARM.Collect$$$$0000000D) for __rt_final_cpp
    entry.o(.ARM.Collect$$$$00000000) refers (Special) to entry11a.o(.ARM.Collect$$$$0000000F) for __rt_final_exit
    entry.o(.ARM.Collect$$$$00000000) refers (Special) to entry7b.o(.ARM.Collect$$$$00000008) for _main_clock
    entry.o(.ARM.Collect$$$$00000000) refers (Special) to entry8b.o(.ARM.Collect$$$$0000000A) for _main_cpp_init
    entry.o(.ARM.Collect$$$$00000000) refers (Special) to entry9a.o(.ARM.Collect$$$$0000000B) for _main_init
    entry.o(.ARM.Collect$$$$00000000) refers (Special) to entry5.o(.ARM.Collect$$$$00000004) for _main_scatterload
    entry.o(.ARM.Collect$$$$00000000) refers (Special) to entry2.o(.ARM.Collect$$$$00000001) for _main_stk
    printfb.o(i.__0fprintf$bare) refers to printfb.o(i._printf_core) for _printf_core
    printfb.o(i.__0fprintf$bare) refers to basic_io.o(.text) for fputc
    printfb.o(i.__0printf$bare) refers to printfb.o(i._printf_core) for _printf_core
    printfb.o(i.__0printf$bare) refers to basic_io.o(.text) for fputc
    printfb.o(i.__0printf$bare) refers to stdout.o(.data) for __stdout
    printfb.o(i.__0snprintf$bare) refers to printfb.o(i._printf_core) for _printf_core
    printfb.o(i.__0snprintf$bare) refers to printfb.o(i._snputc) for _snputc
    printfb.o(i.__0sprintf$bare) refers to printfb.o(i._printf_core) for _printf_core
    printfb.o(i.__0sprintf$bare) refers to printfb.o(i._sputc) for _sputc
    printfb.o(i.__0vfprintf$bare) refers to printfb.o(i._printf_core) for _printf_core
    printfb.o(i.__0vfprintf$bare) refers to basic_io.o(.text) for fputc
    printfb.o(i.__0vprintf$bare) refers to printfb.o(i._printf_core) for _printf_core
    printfb.o(i.__0vprintf$bare) refers to basic_io.o(.text) for fputc
    printfb.o(i.__0vprintf$bare) refers to stdout.o(.data) for __stdout
    printfb.o(i.__0vsnprintf$bare) refers to printfb.o(i._printf_core) for _printf_core
    printfb.o(i.__0vsnprintf$bare) refers to printfb.o(i._snputc) for _snputc
    printfb.o(i.__0vsprintf$bare) refers to printfb.o(i._printf_core) for _printf_core
    printfb.o(i.__0vsprintf$bare) refers to printfb.o(i._sputc) for _sputc
    printf0.o(i.__0fprintf$0) refers to printf0.o(i._printf_core) for _printf_core
    printf0.o(i.__0fprintf$0) refers to basic_io.o(.text) for fputc
    printf0.o(i.__0printf$0) refers to printf0.o(i._printf_core) for _printf_core
    printf0.o(i.__0printf$0) refers to basic_io.o(.text) for fputc
    printf0.o(i.__0printf$0) refers to stdout.o(.data) for __stdout
    printf0.o(i.__0snprintf$0) refers to printf0.o(i._printf_core) for _printf_core
    printf0.o(i.__0snprintf$0) refers to printf0.o(i._snputc) for _snputc
    printf0.o(i.__0sprintf$0) refers to printf0.o(i._printf_core) for _printf_core
    printf0.o(i.__0sprintf$0) refers to printf0.o(i._sputc) for _sputc
    printf0.o(i.__0vfprintf$0) refers to printf0.o(i._printf_core) for _printf_core
    printf0.o(i.__0vfprintf$0) refers to basic_io.o(.text) for fputc
    printf0.o(i.__0vprintf$0) refers to printf0.o(i._printf_core) for _printf_core
    printf0.o(i.__0vprintf$0) refers to basic_io.o(.text) for fputc
    printf0.o(i.__0vprintf$0) refers to stdout.o(.data) for __stdout
    printf0.o(i.__0vsnprintf$0) refers to printf0.o(i._printf_core) for _printf_core
    printf0.o(i.__0vsnprintf$0) refers to printf0.o(i._snputc) for _snputc
    printf0.o(i.__0vsprintf$0) refers to printf0.o(i._printf_core) for _printf_core
    printf0.o(i.__0vsprintf$0) refers to printf0.o(i._sputc) for _sputc
    printf1.o(i.__0fprintf$1) refers to printf1.o(i._printf_core) for _printf_core
    printf1.o(i.__0fprintf$1) refers to basic_io.o(.text) for fputc
    printf1.o(i.__0printf$1) refers to printf1.o(i._printf_core) for _printf_core
    printf1.o(i.__0printf$1) refers to basic_io.o(.text) for fputc
    printf1.o(i.__0printf$1) refers to stdout.o(.data) for __stdout
    printf1.o(i.__0snprintf$1) refers to printf1.o(i._printf_core) for _printf_core
    printf1.o(i.__0snprintf$1) refers to printf1.o(i._snputc) for _snputc
    printf1.o(i.__0sprintf$1) refers to printf1.o(i._printf_core) for _printf_core
    printf1.o(i.__0sprintf$1) refers to printf1.o(i._sputc) for _sputc
    printf1.o(i.__0vfprintf$1) refers to printf1.o(i._printf_core) for _printf_core
    printf1.o(i.__0vfprintf$1) refers to basic_io.o(.text) for fputc
    printf1.o(i.__0vprintf$1) refers to printf1.o(i._printf_core) for _printf_core
    printf1.o(i.__0vprintf$1) refers to basic_io.o(.text) for fputc
    printf1.o(i.__0vprintf$1) refers to stdout.o(.data) for __stdout
    printf1.o(i.__0vsnprintf$1) refers to printf1.o(i._printf_core) for _printf_core
    printf1.o(i.__0vsnprintf$1) refers to printf1.o(i._snputc) for _snputc
    printf1.o(i.__0vsprintf$1) refers to printf1.o(i._printf_core) for _printf_core
    printf1.o(i.__0vsprintf$1) refers to printf1.o(i._sputc) for _sputc
    printf1.o(i._printf_core) refers to uidiv.o(.text) for __aeabi_uidivmod
    printf2.o(i.__0fprintf$2) refers to printf2.o(i._printf_core) for _printf_core
    printf2.o(i.__0fprintf$2) refers to basic_io.o(.text) for fputc
    printf2.o(i.__0printf$2) refers to printf2.o(i._printf_core) for _printf_core
    printf2.o(i.__0printf$2) refers to basic_io.o(.text) for fputc
    printf2.o(i.__0printf$2) refers to stdout.o(.data) for __stdout
    printf2.o(i.__0snprintf$2) refers to printf2.o(i._printf_core) for _printf_core
    printf2.o(i.__0snprintf$2) refers to printf2.o(i._snputc) for _snputc
    printf2.o(i.__0sprintf$2) refers to printf2.o(i._printf_core) for _printf_core
    printf2.o(i.__0sprintf$2) refers to printf2.o(i._sputc) for _sputc
    printf2.o(i.__0vfprintf$2) refers to printf2.o(i._printf_core) for _printf_core
    printf2.o(i.__0vfprintf$2) refers to basic_io.o(.text) for fputc
    printf2.o(i.__0vprintf$2) refers to printf2.o(i._printf_core) for _printf_core
    printf2.o(i.__0vprintf$2) refers to basic_io.o(.text) for fputc
    printf2.o(i.__0vprintf$2) refers to stdout.o(.data) for __stdout
    printf2.o(i.__0vsnprintf$2) refers to printf2.o(i._printf_core) for _printf_core
    printf2.o(i.__0vsnprintf$2) refers to printf2.o(i._snputc) for _snputc
    printf2.o(i.__0vsprintf$2) refers to printf2.o(i._printf_core) for _printf_core
    printf2.o(i.__0vsprintf$2) refers to printf2.o(i._sputc) for _sputc
    printf3.o(i.__0fprintf$3) refers to printf3.o(i._printf_core) for _printf_core
    printf3.o(i.__0fprintf$3) refers to basic_io.o(.text) for fputc
    printf3.o(i.__0printf$3) refers to printf3.o(i._printf_core) for _printf_core
    printf3.o(i.__0printf$3) refers to basic_io.o(.text) for fputc
    printf3.o(i.__0printf$3) refers to stdout.o(.data) for __stdout
    printf3.o(i.__0snprintf$3) refers to printf3.o(i._printf_core) for _printf_core
    printf3.o(i.__0snprintf$3) refers to printf3.o(i._snputc) for _snputc
    printf3.o(i.__0sprintf$3) refers to printf3.o(i._printf_core) for _printf_core
    printf3.o(i.__0sprintf$3) refers to printf3.o(i._sputc) for _sputc
    printf3.o(i.__0vfprintf$3) refers to printf3.o(i._printf_core) for _printf_core
    printf3.o(i.__0vfprintf$3) refers to basic_io.o(.text) for fputc
    printf3.o(i.__0vprintf$3) refers to printf3.o(i._printf_core) for _printf_core
    printf3.o(i.__0vprintf$3) refers to basic_io.o(.text) for fputc
    printf3.o(i.__0vprintf$3) refers to stdout.o(.data) for __stdout
    printf3.o(i.__0vsnprintf$3) refers to printf3.o(i._printf_core) for _printf_core
    printf3.o(i.__0vsnprintf$3) refers to printf3.o(i._snputc) for _snputc
    printf3.o(i.__0vsprintf$3) refers to printf3.o(i._printf_core) for _printf_core
    printf3.o(i.__0vsprintf$3) refers to printf3.o(i._sputc) for _sputc
    printf3.o(i._printf_core) refers to uidiv.o(.text) for __aeabi_uidivmod
    printf4.o(i.__0fprintf$4) refers to printf4.o(i._printf_core) for _printf_core
    printf4.o(i.__0fprintf$4) refers to basic_io.o(.text) for fputc
    printf4.o(i.__0printf$4) refers to printf4.o(i._printf_core) for _printf_core
    printf4.o(i.__0printf$4) refers to basic_io.o(.text) for fputc
    printf4.o(i.__0printf$4) refers to stdout.o(.data) for __stdout
    printf4.o(i.__0snprintf$4) refers to printf4.o(i._printf_core) for _printf_core
    printf4.o(i.__0snprintf$4) refers to printf4.o(i._snputc) for _snputc
    printf4.o(i.__0sprintf$4) refers to printf4.o(i._printf_core) for _printf_core
    printf4.o(i.__0sprintf$4) refers to printf4.o(i._sputc) for _sputc
    printf4.o(i.__0vfprintf$4) refers to printf4.o(i._printf_core) for _printf_core
    printf4.o(i.__0vfprintf$4) refers to basic_io.o(.text) for fputc
    printf4.o(i.__0vprintf$4) refers to printf4.o(i._printf_core) for _printf_core
    printf4.o(i.__0vprintf$4) refers to basic_io.o(.text) for fputc
    printf4.o(i.__0vprintf$4) refers to stdout.o(.data) for __stdout
    printf4.o(i.__0vsnprintf$4) refers to printf4.o(i._printf_core) for _printf_core
    printf4.o(i.__0vsnprintf$4) refers to printf4.o(i._snputc) for _snputc
    printf4.o(i.__0vsprintf$4) refers to printf4.o(i._printf_core) for _printf_core
    printf4.o(i.__0vsprintf$4) refers to printf4.o(i._sputc) for _sputc
    printf4.o(i._printf_core) refers to uldiv.o(.text) for __aeabi_uldivmod
    printf5.o(i.__0fprintf$5) refers to printf5.o(i._printf_core) for _printf_core
    printf5.o(i.__0fprintf$5) refers to basic_io.o(.text) for fputc
    printf5.o(i.__0printf$5) refers to printf5.o(i._printf_core) for _printf_core
    printf5.o(i.__0printf$5) refers to basic_io.o(.text) for fputc
    printf5.o(i.__0printf$5) refers to stdout.o(.data) for __stdout
    printf5.o(i.__0snprintf$5) refers to printf5.o(i._printf_core) for _printf_core
    printf5.o(i.__0snprintf$5) refers to printf5.o(i._snputc) for _snputc
    printf5.o(i.__0sprintf$5) refers to printf5.o(i._printf_core) for _printf_core
    printf5.o(i.__0sprintf$5) refers to printf5.o(i._sputc) for _sputc
    printf5.o(i.__0vfprintf$5) refers to printf5.o(i._printf_core) for _printf_core
    printf5.o(i.__0vfprintf$5) refers to basic_io.o(.text) for fputc
    printf5.o(i.__0vprintf$5) refers to printf5.o(i._printf_core) for _printf_core
    printf5.o(i.__0vprintf$5) refers to basic_io.o(.text) for fputc
    printf5.o(i.__0vprintf$5) refers to stdout.o(.data) for __stdout
    printf5.o(i.__0vsnprintf$5) refers to printf5.o(i._printf_core) for _printf_core
    printf5.o(i.__0vsnprintf$5) refers to printf5.o(i._snputc) for _snputc
    printf5.o(i.__0vsprintf$5) refers to printf5.o(i._printf_core) for _printf_core
    printf5.o(i.__0vsprintf$5) refers to printf5.o(i._sputc) for _sputc
    printf5.o(i._printf_core) refers to uldiv.o(.text) for __aeabi_uldivmod
    printf6.o(i.__0fprintf$6) refers to printf6.o(i._printf_core) for _printf_core
    printf6.o(i.__0fprintf$6) refers to basic_io.o(.text) for fputc
    printf6.o(i.__0printf$6) refers to printf6.o(i._printf_core) for _printf_core
    printf6.o(i.__0printf$6) refers to basic_io.o(.text) for fputc
    printf6.o(i.__0printf$6) refers to stdout.o(.data) for __stdout
    printf6.o(i.__0snprintf$6) refers to printf6.o(i._printf_core) for _printf_core
    printf6.o(i.__0snprintf$6) refers to printf6.o(i._snputc) for _snputc
    printf6.o(i.__0sprintf$6) refers to printf6.o(i._printf_core) for _printf_core
    printf6.o(i.__0sprintf$6) refers to printf6.o(i._sputc) for _sputc
    printf6.o(i.__0vfprintf$6) refers to printf6.o(i._printf_core) for _printf_core
    printf6.o(i.__0vfprintf$6) refers to basic_io.o(.text) for fputc
    printf6.o(i.__0vprintf$6) refers to printf6.o(i._printf_core) for _printf_core
    printf6.o(i.__0vprintf$6) refers to basic_io.o(.text) for fputc
    printf6.o(i.__0vprintf$6) refers to stdout.o(.data) for __stdout
    printf6.o(i.__0vsnprintf$6) refers to printf6.o(i._printf_core) for _printf_core
    printf6.o(i.__0vsnprintf$6) refers to printf6.o(i._snputc) for _snputc
    printf6.o(i.__0vsprintf$6) refers to printf6.o(i._printf_core) for _printf_core
    printf6.o(i.__0vsprintf$6) refers to printf6.o(i._sputc) for _sputc
    printf6.o(i._printf_core) refers to printf6.o(i._printf_pre_padding) for _printf_pre_padding
    printf6.o(i._printf_core) refers to uidiv.o(.text) for __aeabi_uidivmod
    printf6.o(i._printf_core) refers to printf6.o(i._printf_post_padding) for _printf_post_padding
    printf7.o(i.__0fprintf$7) refers to printf7.o(i._printf_core) for _printf_core
    printf7.o(i.__0fprintf$7) refers to basic_io.o(.text) for fputc
    printf7.o(i.__0printf$7) refers to printf7.o(i._printf_core) for _printf_core
    printf7.o(i.__0printf$7) refers to basic_io.o(.text) for fputc
    printf7.o(i.__0printf$7) refers to stdout.o(.data) for __stdout
    printf7.o(i.__0snprintf$7) refers to printf7.o(i._printf_core) for _printf_core
    printf7.o(i.__0snprintf$7) refers to printf7.o(i._snputc) for _snputc
    printf7.o(i.__0sprintf$7) refers to printf7.o(i._printf_core) for _printf_core
    printf7.o(i.__0sprintf$7) refers to printf7.o(i._sputc) for _sputc
    printf7.o(i.__0vfprintf$7) refers to printf7.o(i._printf_core) for _printf_core
    printf7.o(i.__0vfprintf$7) refers to basic_io.o(.text) for fputc
    printf7.o(i.__0vprintf$7) refers to printf7.o(i._printf_core) for _printf_core
    printf7.o(i.__0vprintf$7) refers to basic_io.o(.text) for fputc
    printf7.o(i.__0vprintf$7) refers to stdout.o(.data) for __stdout
    printf7.o(i.__0vsnprintf$7) refers to printf7.o(i._printf_core) for _printf_core
    printf7.o(i.__0vsnprintf$7) refers to printf7.o(i._snputc) for _snputc
    printf7.o(i.__0vsprintf$7) refers to printf7.o(i._printf_core) for _printf_core
    printf7.o(i.__0vsprintf$7) refers to printf7.o(i._sputc) for _sputc
    printf7.o(i._printf_core) refers to printf7.o(i._printf_pre_padding) for _printf_pre_padding
    printf7.o(i._printf_core) refers to uldiv.o(.text) for __aeabi_uldivmod
    printf7.o(i._printf_core) refers to printf7.o(i._printf_post_padding) for _printf_post_padding
    printf8.o(i.__0fprintf$8) refers to printf8.o(i._printf_core) for _printf_core
    printf8.o(i.__0fprintf$8) refers to basic_io.o(.text) for fputc
    printf8.o(i.__0printf$8) refers to printf8.o(i._printf_core) for _printf_core
    printf8.o(i.__0printf$8) refers to basic_io.o(.text) for fputc
    printf8.o(i.__0printf$8) refers to stdout.o(.data) for __stdout
    printf8.o(i.__0snprintf$8) refers to printf8.o(i._printf_core) for _printf_core
    printf8.o(i.__0snprintf$8) refers to printf8.o(i._snputc) for _snputc
    printf8.o(i.__0sprintf$8) refers to printf8.o(i._printf_core) for _printf_core
    printf8.o(i.__0sprintf$8) refers to printf8.o(i._sputc) for _sputc
    printf8.o(i.__0vfprintf$8) refers to printf8.o(i._printf_core) for _printf_core
    printf8.o(i.__0vfprintf$8) refers to basic_io.o(.text) for fputc
    printf8.o(i.__0vprintf$8) refers to printf8.o(i._printf_core) for _printf_core
    printf8.o(i.__0vprintf$8) refers to basic_io.o(.text) for fputc
    printf8.o(i.__0vprintf$8) refers to stdout.o(.data) for __stdout
    printf8.o(i.__0vsnprintf$8) refers to printf8.o(i._printf_core) for _printf_core
    printf8.o(i.__0vsnprintf$8) refers to printf8.o(i._snputc) for _snputc
    printf8.o(i.__0vsprintf$8) refers to printf8.o(i._printf_core) for _printf_core
    printf8.o(i.__0vsprintf$8) refers to printf8.o(i._sputc) for _sputc
    printf8.o(i._printf_core) refers to printf8.o(i._printf_pre_padding) for _printf_pre_padding
    printf8.o(i._printf_core) refers to uldiv.o(.text) for __aeabi_uldivmod
    printf8.o(i._printf_core) refers to printf8.o(i._printf_post_padding) for _printf_post_padding
    printfa.o(i.__0fprintf) refers (Special) to iusefp.o(.text) for __I$use$fp
    printfa.o(i.__0fprintf) refers to printfa.o(i._printf_core) for _printf_core
    printfa.o(i.__0fprintf) refers to basic_io.o(.text) for fputc
    printfa.o(i.__0printf) refers (Special) to iusefp.o(.text) for __I$use$fp
    printfa.o(i.__0printf) refers to printfa.o(i._printf_core) for _printf_core
    printfa.o(i.__0printf) refers to basic_io.o(.text) for fputc
    printfa.o(i.__0printf) refers to stdout.o(.data) for __stdout
    printfa.o(i.__0snprintf) refers (Special) to iusefp.o(.text) for __I$use$fp
    printfa.o(i.__0snprintf) refers to printfa.o(i._printf_core) for _printf_core
    printfa.o(i.__0snprintf) refers to printfa.o(i._snputc) for _snputc
    printfa.o(i.__0sprintf) refers (Special) to iusefp.o(.text) for __I$use$fp
    printfa.o(i.__0sprintf) refers to printfa.o(i._printf_core) for _printf_core
    printfa.o(i.__0sprintf) refers to printfa.o(i._sputc) for _sputc
    printfa.o(i.__0vfprintf) refers (Special) to iusefp.o(.text) for __I$use$fp
    printfa.o(i.__0vfprintf) refers to printfa.o(i._printf_core) for _printf_core
    printfa.o(i.__0vfprintf) refers to basic_io.o(.text) for fputc
    printfa.o(i.__0vprintf) refers (Special) to iusefp.o(.text) for __I$use$fp
    printfa.o(i.__0vprintf) refers to printfa.o(i._printf_core) for _printf_core
    printfa.o(i.__0vprintf) refers to basic_io.o(.text) for fputc
    printfa.o(i.__0vprintf) refers to stdout.o(.data) for __stdout
    printfa.o(i.__0vsnprintf) refers (Special) to iusefp.o(.text) for __I$use$fp
    printfa.o(i.__0vsnprintf) refers to printfa.o(i._printf_core) for _printf_core
    printfa.o(i.__0vsnprintf) refers to printfa.o(i._snputc) for _snputc
    printfa.o(i.__0vsprintf) refers (Special) to iusefp.o(.text) for __I$use$fp
    printfa.o(i.__0vsprintf) refers to printfa.o(i._printf_core) for _printf_core
    printfa.o(i.__0vsprintf) refers to printfa.o(i._sputc) for _sputc
    printfa.o(i._fp_digits) refers (Special) to iusefp.o(.text) for __I$use$fp
    printfa.o(i._fp_digits) refers to dmul.o(.text) for __aeabi_dmul
    printfa.o(i._fp_digits) refers to ddiv.o(.text) for __aeabi_ddiv
    printfa.o(i._fp_digits) refers to cdrcmple.o(.text) for __aeabi_cdrcmple
    printfa.o(i._fp_digits) refers to dadd.o(.text) for __aeabi_dadd
    printfa.o(i._fp_digits) refers to dfixul.o(.text) for __aeabi_d2ulz
    printfa.o(i._fp_digits) refers to uldiv.o(.text) for __aeabi_uldivmod
    printfa.o(i._printf_core) refers (Special) to iusefp.o(.text) for __I$use$fp
    printfa.o(i._printf_core) refers to printfa.o(i._printf_pre_padding) for _printf_pre_padding
    printfa.o(i._printf_core) refers to uldiv.o(.text) for __aeabi_uldivmod
    printfa.o(i._printf_core) refers to printfa.o(i._printf_post_padding) for _printf_post_padding
    printfa.o(i._printf_core) refers to printfa.o(i._fp_digits) for _fp_digits
    printfa.o(i._printf_core) refers to uidiv.o(.text) for __aeabi_uidivmod
    printfa.o(i._printf_post_padding) refers (Special) to iusefp.o(.text) for __I$use$fp
    printfa.o(i._printf_pre_padding) refers (Special) to iusefp.o(.text) for __I$use$fp
    printfa.o(i._snputc) refers (Special) to iusefp.o(.text) for __I$use$fp
    printfa.o(i._sputc) refers (Special) to iusefp.o(.text) for __I$use$fp
    entry2.o(.ARM.Collect$$$$00000001) refers to entry2.o(.ARM.Collect$$$$00002712) for __lit__00000000
    entry2.o(.ARM.Collect$$$$00002712) refers to startup_mps_cm3.o(STACK) for __initial_sp
    entry2.o(__vectab_stack_and_reset_area) refers to startup_mps_cm3.o(STACK) for __initial_sp
    entry2.o(__vectab_stack_and_reset_area) refers to entry.o(.ARM.Collect$$$$00000000) for __main
    entry5.o(.ARM.Collect$$$$00000004) refers to init.o(.text) for __scatterload
    entry9a.o(.ARM.Collect$$$$0000000B) refers to main.o(.text) for main
    entry9b.o(.ARM.Collect$$$$0000000C) refers to main.o(.text) for main
    uldiv.o(.text) refers to llushr.o(.text) for __aeabi_llsr
    uldiv.o(.text) refers to llshl.o(.text) for __aeabi_llsl
    dadd.o(.text) refers to llshl.o(.text) for __aeabi_llsl
    dadd.o(.text) refers to llsshr.o(.text) for __aeabi_lasr
    dadd.o(.text) refers to depilogue.o(.text) for _double_epilogue
    dmul.o(.text) refers to depilogue.o(.text) for _double_epilogue
    ddiv.o(.text) refers to depilogue.o(.text) for _double_round
    dfixul.o(.text) refers to llushr.o(.text) for __aeabi_llsr
    dfixul.o(.text) refers to llshl.o(.text) for __aeabi_llsl
    init.o(.text) refers to entry5.o(.ARM.Collect$$$$00000004) for __main_after_scatterload
    depilogue.o(.text) refers to llshl.o(.text) for __aeabi_llsl
    depilogue.o(.text) refers to llushr.o(.text) for __aeabi_llsr


==============================================================================

Removing Unused input sections from the image.

    Removing main.o(.rev16_text), (4 bytes).
    Removing main.o(.revsh_text), (4 bytes).
    Removing startup_mps_cm3.o(HEAP), (0 bytes).
    Removing dadd.o(.text), (334 bytes).
    Removing dmul.o(.text), (228 bytes).
    Removing ddiv.o(.text), (222 bytes).
    Removing dfixul.o(.text), (48 bytes).
    Removing cdrcmple.o(.text), (40 bytes).
    Removing depilogue.o(.text), (190 bytes).

9 unused section(s) (total 1070 bytes) removed from the image.

==============================================================================

Image Symbol Table

    Local Symbols

    Symbol Name                              Value     Ov Type        Size  Object(Section)

    RESET                                    0x00000000   Section      192  startup_mps_cm3.o(RESET)
    ../clib/microlib/division.c              0x00000000   Number         0  uldiv.o ABSOLUTE
    ../clib/microlib/division.c              0x00000000   Number         0  uidiv.o ABSOLUTE
    ../clib/microlib/init/entry.s            0x00000000   Number         0  entry11b.o ABSOLUTE
    ../clib/microlib/init/entry.s            0x00000000   Number         0  entry11a.o ABSOLUTE
    ../clib/microlib/init/entry.s            0x00000000   Number         0  entry10b.o ABSOLUTE
    ../clib/microlib/init/entry.s            0x00000000   Number         0  entry10a.o ABSOLUTE
    ../clib/microlib/init/entry.s            0x00000000   Number         0  entry9b.o ABSOLUTE
    ../clib/microlib/init/entry.s            0x00000000   Number         0  entry8a.o ABSOLUTE
    ../clib/microlib/init/entry.s            0x00000000   Number         0  entry8b.o ABSOLUTE
    ../clib/microlib/init/entry.s            0x00000000   Number         0  entry7b.o ABSOLUTE
    ../clib/microlib/init/entry.s            0x00000000   Number         0  entry9a.o ABSOLUTE
    ../clib/microlib/init/entry.s            0x00000000   Number         0  entry7a.o ABSOLUTE
    ../clib/microlib/init/entry.s            0x00000000   Number         0  entry5.o ABSOLUTE
    ../clib/microlib/init/entry.s            0x00000000   Number         0  entry2.o ABSOLUTE
    ../clib/microlib/init/entry.s            0x00000000   Number         0  entry.o ABSOLUTE
    ../clib/microlib/longlong.c              0x00000000   Number         0  llshl.o ABSOLUTE
    ../clib/microlib/longlong.c              0x00000000   Number         0  llushr.o ABSOLUTE
    ../clib/microlib/longlong.c              0x00000000   Number         0  llsshr.o ABSOLUTE
    ../clib/microlib/printf/printf.c         0x00000000   Number         0  printfa.o ABSOLUTE
    ../clib/microlib/printf/printf.c         0x00000000   Number         0  printf2.o ABSOLUTE
    ../clib/microlib/printf/printf.c         0x00000000   Number         0  printf3.o ABSOLUTE
    ../clib/microlib/printf/printf.c         0x00000000   Number         0  printf6.o ABSOLUTE
    ../clib/microlib/printf/printf.c         0x00000000   Number         0  printf4.o ABSOLUTE
    ../clib/microlib/printf/printf.c         0x00000000   Number         0  printf5.o ABSOLUTE
    ../clib/microlib/printf/printf.c         0x00000000   Number         0  printf1.o ABSOLUTE
    ../clib/microlib/printf/printf.c         0x00000000   Number         0  printf8.o ABSOLUTE
    ../clib/microlib/printf/printf.c         0x00000000   Number         0  printf7.o ABSOLUTE
    ../clib/microlib/printf/printf.c         0x00000000   Number         0  printf0.o ABSOLUTE
    ../clib/microlib/printf/printf.c         0x00000000   Number         0  printfb.o ABSOLUTE
    ../clib/microlib/printf/stubs.s          0x00000000   Number         0  stubs.o ABSOLUTE
    ../clib/microlib/stdio/streams.c         0x00000000   Number         0  stdout.o ABSOLUTE
    ../clib/microlib/string/memcpy.c         0x00000000   Number         0  memcpya.o ABSOLUTE
    ../clib/microlib/string/memcpy.c         0x00000000   Number         0  memcpyb.o ABSOLUTE
    ../clib/microlib/string/memset.c         0x00000000   Number         0  memseta.o ABSOLUTE
    ../clib/microlib/string/strncpy.c        0x00000000   Number         0  strncpy.o ABSOLUTE
    ../clib/microlib/stubs.s                 0x00000000   Number         0  iusefp.o ABSOLUTE
    ../fplib/microlib/fpadd.c                0x00000000   Number         0  dadd.o ABSOLUTE
    ../fplib/microlib/fpdiv.c                0x00000000   Number         0  ddiv.o ABSOLUTE
    ../fplib/microlib/fpepilogue.c           0x00000000   Number         0  depilogue.o ABSOLUTE
    ../fplib/microlib/fpfix.c                0x00000000   Number         0  dfixul.o ABSOLUTE
    ../fplib/microlib/fpmul.c                0x00000000   Number         0  dmul.o ABSOLUTE
    ..\..\FreeRTOS-Source\demo_code\basic_io.c 0x00000000   Number         0  basic_io.o ABSOLUTE
    ..\..\FreeRTOS-Source\list.c             0x00000000   Number         0  list.o ABSOLUTE
    ..\..\FreeRTOS-Source\portable\MemMang\heap_1.c 0x00000000   Number         0  heap_1.o ABSOLUTE
    ..\..\FreeRTOS-Source\portable\RVDS\ARM_CM3\port.c 0x00000000   Number         0  port.o ABSOLUTE
    ..\..\FreeRTOS-Source\queue.c            0x00000000   Number         0  queue.o ABSOLUTE
    ..\..\FreeRTOS-Source\tasks.c            0x00000000   Number         0  tasks.o ABSOLUTE
    ..\\..\\FreeRTOS-Source\\portable\\RVDS\\ARM_CM3\\port.c 0x00000000   Number         0  port.o ABSOLUTE
    cdrcmple.s                               0x00000000   Number         0  cdrcmple.o ABSOLUTE
    dc.s                                     0x00000000   Number         0  dc.o ABSOLUTE
    handlers.s                               0x00000000   Number         0  handlers.o ABSOLUTE
    init.s                                   0x00000000   Number         0  init.o ABSOLUTE
    main.c                                   0x00000000   Number         0  main.o ABSOLUTE
    main.c                                   0x00000000   Number         0  main.o ABSOLUTE
    startup_MPS_CM3.s                        0x00000000   Number         0  startup_mps_cm3.o ABSOLUTE
    .ARM.Collect$$$$00000000                 0x000000c0   Section        0  entry.o(.ARM.Collect$$$$00000000)
    .ARM.Collect$$$$00000001                 0x000000c0   Section        4  entry2.o(.ARM.Collect$$$$00000001)
    .ARM.Collect$$$$00000004                 0x000000c4   Section        4  entry5.o(.ARM.Collect$$$$00000004)
    .ARM.Collect$$$$00000008                 0x000000c8   Section        0  entry7b.o(.ARM.Collect$$$$00000008)
    .ARM.Collect$$$$0000000A                 0x000000c8   Section        0  entry8b.o(.ARM.Collect$$$$0000000A)
    .ARM.Collect$$$$0000000B                 0x000000c8   Section        8  entry9a.o(.ARM.Collect$$$$0000000B)
    .ARM.Collect$$$$0000000D                 0x000000d0   Section        0  entry10a.o(.ARM.Collect$$$$0000000D)
    .ARM.Collect$$$$0000000F                 0x000000d0   Section        0  entry11a.o(.ARM.Collect$$$$0000000F)
    .ARM.Collect$$$$00002712                 0x000000d0   Section        4  entry2.o(.ARM.Collect$$$$00002712)
    __lit__00000000                          0x000000d0   Data           4  entry2.o(.ARM.Collect$$$$00002712)
    .emb_text                                0x000000d4   Section      136  port.o(.emb_text)
    .text                                    0x0000015c   Section        0  list.o(.text)
    .text                                    0x000001f0   Section        0  queue.o(.text)
    prvUnlockQueue                           0x0000025d   Thumb Code   110  queue.o(.text)
    prvIsQueueFull                           0x000002cb   Thumb Code    32  queue.o(.text)
    prvCopyDataToQueue                       0x000002eb   Thumb Code    88  queue.o(.text)
    prvIsQueueEmpty                          0x00000463   Thumb Code    28  queue.o(.text)
    prvCopyDataFromQueue                     0x0000047f   Thumb Code    42  queue.o(.text)
    .text                                    0x0000063c   Section        0  tasks.o(.text)
    prvInitialiseTaskLists                   0x0000063d   Thumb Code    64  tasks.o(.text)
    prvInitialiseTCBVariables                0x0000067d   Thumb Code    68  tasks.o(.text)
    prvAllocateTCBAndStack                   0x000006c1   Thumb Code    58  tasks.o(.text)
    prvCheckTasksWaitingTermination          0x00000ba9   Thumb Code     2  tasks.o(.text)
    prvIdleTask                              0x00000bab   Thumb Code     8  tasks.o(.text)
    .text                                    0x00000d94   Section        0  heap_1.o(.text)
    .text                                    0x00000e00   Section        0  port.o(.text)
    prvSetupTimerInterrupt                   0x00000e1b   Thumb Code    16  port.o(.text)
    .text                                    0x00000eb0   Section        0  main.o(.text)
    __get_CONTROL                            0x00000eb1   Thumb Code     6  main.o(.text)
    __set_CONTROL                            0x00000eb7   Thumb Code     6  main.o(.text)
    __get_IPSR                               0x00000ebd   Thumb Code     6  main.o(.text)
    __get_APSR                               0x00000ec3   Thumb Code     6  main.o(.text)
    __get_xPSR                               0x00000ec9   Thumb Code     6  main.o(.text)
    __get_PSP                                0x00000ecf   Thumb Code     6  main.o(.text)
    __set_PSP                                0x00000ed5   Thumb Code     6  main.o(.text)
    __get_MSP                                0x00000edb   Thumb Code     6  main.o(.text)
    __set_MSP                                0x00000ee1   Thumb Code     6  main.o(.text)
    __get_PRIMASK                            0x00000ee7   Thumb Code     6  main.o(.text)
    __set_PRIMASK                            0x00000eed   Thumb Code     6  main.o(.text)
    __get_BASEPRI                            0x00000ef3   Thumb Code     6  main.o(.text)
    __set_BASEPRI                            0x00000ef9   Thumb Code     8  main.o(.text)
    __get_FAULTMASK                          0x00000f01   Thumb Code     6  main.o(.text)
    __set_FAULTMASK                          0x00000f07   Thumb Code    10  main.o(.text)
    vPeriodicTask                            0x00000f11   Thumb Code    40  main.o(.text)
    vHandlerTask                             0x00000f39   Thumb Code    38  main.o(.text)
    prvSetupSoftwareInterrupt                0x00000f5f   Thumb Code    60  main.o(.text)
    .text                                    0x000010e8   Section        0  basic_io.o(.text)
    .text                                    0x00001140   Section       28  startup_mps_cm3.o(.text)
    .text                                    0x0000115c   Section        0  memcpya.o(.text)
    .text                                    0x00001180   Section        0  memseta.o(.text)
    .text                                    0x000011a4   Section        0  strncpy.o(.text)
    .text                                    0x000011bc   Section        0  uidiv.o(.text)
    .text                                    0x000011e8   Section       36  init.o(.text)
    i.__0printf$3                            0x0000120c   Section        0  printf3.o(i.__0printf$3)
    i.__scatterload_copy                     0x0000122c   Section       14  handlers.o(i.__scatterload_copy)
    i.__scatterload_null                     0x0000123a   Section        2  handlers.o(i.__scatterload_null)
    i.__scatterload_zeroinit                 0x0000123c   Section       14  handlers.o(i.__scatterload_zeroinit)
    i._printf_core                           0x0000124c   Section        0  printf3.o(i._printf_core)
    _printf_core                             0x0000124d   Thumb Code   436  printf3.o(i._printf_core)
    .data                                    0x20000000   Section       52  tasks.o(.data)
    uxCurrentNumberOfTasks                   0x20000004   Data           4  tasks.o(.data)
    xTickCount                               0x20000008   Data           4  tasks.o(.data)
    uxTopUsedPriority                        0x2000000c   Data           4  tasks.o(.data)
    uxTopReadyPriority                       0x20000010   Data           4  tasks.o(.data)
    xSchedulerRunning                        0x20000014   Data           4  tasks.o(.data)
    uxSchedulerSuspended                     0x20000018   Data           4  tasks.o(.data)
    uxMissedTicks                            0x2000001c   Data           4  tasks.o(.data)
    xMissedYield                             0x20000020   Data           4  tasks.o(.data)
    xNumOfOverflows                          0x20000024   Data           4  tasks.o(.data)
    uxTaskNumber                             0x20000028   Data           4  tasks.o(.data)
    pxDelayedTaskList                        0x2000002c   Data           4  tasks.o(.data)
    pxOverflowDelayedTaskList                0x20000030   Data           4  tasks.o(.data)
    .data                                    0x20000034   Section        4  heap_1.o(.data)
    xNextFreeByte                            0x20000034   Data           4  heap_1.o(.data)
    .data                                    0x20000038   Section        4  port.o(.data)
    uxCriticalNesting                        0x20000038   Data           4  port.o(.data)
    .data                                    0x2000003c   Section        4  main.o(.data)
    .data                                    0x20000040   Section        4  stdout.o(.data)
    .bss                                     0x20000044   Section      180  tasks.o(.bss)
    pxReadyTasksLists                        0x20000044   Data         100  tasks.o(.bss)
    xDelayedTaskList1                        0x200000a8   Data          20  tasks.o(.bss)
    xDelayedTaskList2                        0x200000bc   Data          20  tasks.o(.bss)
    xPendingReadyList                        0x200000d0   Data          20  tasks.o(.bss)
    xSuspendedTaskList                       0x200000e4   Data          20  tasks.o(.bss)
    .bss                                     0x200000f8   Section     4096  heap_1.o(.bss)
    xHeap                                    0x200000f8   Data        4096  heap_1.o(.bss)
    STACK                                    0x200010f8   Section      512  startup_mps_cm3.o(STACK)

    Global Symbols

    Symbol Name                              Value     Ov Type        Size  Object(Section)

    BuildAttributes$$THM_ISAv4$P$D$K$B$S$PE$A:L22UL41UL21$X:L11$S22US41US21$IEEE1$IW$USESV6$~STKCKD$USESV7$~SHL$OSPACE$ROPI$EBA8$MICROLIB$REQ8$PRES8$EABIv2 0x00000000   Number         0  anon$$obj.o ABSOLUTE
    __ARM_use_no_argv                        0x00000000   Number         0  main.o ABSOLUTE
    __Vectors                                0x00000000   Data           4  startup_mps_cm3.o(RESET)
    _printf_a                                0x00000000   Number         0  stubs.o ABSOLUTE
    _printf_c                                0x00000000   Number         0  stubs.o ABSOLUTE
    _printf_charcount                        0x00000000   Number         0  stubs.o ABSOLUTE
    _printf_d                                0x00000000   Number         0  stubs.o ABSOLUTE
    _printf_e                                0x00000000   Number         0  stubs.o ABSOLUTE
    _printf_f                                0x00000000   Number         0  stubs.o ABSOLUTE
    _printf_flags                            0x00000000   Number         0  stubs.o ABSOLUTE
    _printf_fp_dec                           0x00000000   Number         0  stubs.o ABSOLUTE
    _printf_fp_hex                           0x00000000   Number         0  stubs.o ABSOLUTE
    _printf_g                                0x00000000   Number         0  stubs.o ABSOLUTE
    _printf_i                                0x00000000   Number         0  stubs.o ABSOLUTE
    _printf_int_dec                          0x00000000   Number         0  stubs.o ABSOLUTE
    _printf_l                                0x00000000   Number         0  stubs.o ABSOLUTE
    _printf_lc                               0x00000000   Number         0  stubs.o ABSOLUTE
    _printf_ll                               0x00000000   Number         0  stubs.o ABSOLUTE
    _printf_lld                              0x00000000   Number         0  stubs.o ABSOLUTE
    _printf_lli                              0x00000000   Number         0  stubs.o ABSOLUTE
    _printf_llo                              0x00000000   Number         0  stubs.o ABSOLUTE
    _printf_llu                              0x00000000   Number         0  stubs.o ABSOLUTE
    _printf_llx                              0x00000000   Number         0  stubs.o ABSOLUTE
    _printf_longlong_dec                     0x00000000   Number         0  stubs.o ABSOLUTE
    _printf_longlong_hex                     0x00000000   Number         0  stubs.o ABSOLUTE
    _printf_longlong_oct                     0x00000000   Number         0  stubs.o ABSOLUTE
    _printf_ls                               0x00000000   Number         0  stubs.o ABSOLUTE
    _printf_mbtowc                           0x00000000   Number         0  stubs.o ABSOLUTE
    _printf_n                                0x00000000   Number         0  stubs.o ABSOLUTE
    _printf_o                                0x00000000   Number         0  stubs.o ABSOLUTE
    _printf_p                                0x00000000   Number         0  stubs.o ABSOLUTE
    _printf_percent                          0x00000000   Number         0  stubs.o ABSOLUTE
    _printf_pre_padding                      0x00000000   Number         0  stubs.o ABSOLUTE
    _printf_return_value                     0x00000000   Number         0  stubs.o ABSOLUTE
    _printf_s                                0x00000000   Number         0  stubs.o ABSOLUTE
    _printf_sizespec                         0x00000000   Number         0  stubs.o ABSOLUTE
    _printf_str                              0x00000000   Number         0  stubs.o ABSOLUTE
    _printf_truncate_signed                  0x00000000   Number         0  stubs.o ABSOLUTE
    _printf_truncate_unsigned                0x00000000   Number         0  stubs.o ABSOLUTE
    _printf_u                                0x00000000   Number         0  stubs.o ABSOLUTE
    _printf_wc                               0x00000000   Number         0  stubs.o ABSOLUTE
    _printf_wctomb                           0x00000000   Number         0  stubs.o ABSOLUTE
    _printf_widthprec                        0x00000000   Number         0  stubs.o ABSOLUTE
    _printf_x                                0x00000000   Number         0  stubs.o ABSOLUTE
    __cpp_initialize__aeabi_                  - Undefined Weak Reference
    __cxa_finalize                            - Undefined Weak Reference
    __decompress                              - Undefined Weak Reference
    _clock_init                               - Undefined Weak Reference
    _microlib_exit                            - Undefined Weak Reference
    __main                                   0x000000c1   Thumb Code     0  entry.o(.ARM.Collect$$$$00000000)
    _main_stk                                0x000000c1   Thumb Code     0  entry2.o(.ARM.Collect$$$$00000001)
    _main_scatterload                        0x000000c5   Thumb Code     0  entry5.o(.ARM.Collect$$$$00000004)
    __main_after_scatterload                 0x000000c9   Thumb Code     0  entry5.o(.ARM.Collect$$$$00000004)
    _main_clock                              0x000000c9   Thumb Code     0  entry7b.o(.ARM.Collect$$$$00000008)
    _main_cpp_init                           0x000000c9   Thumb Code     0  entry8b.o(.ARM.Collect$$$$0000000A)
    _main_init                               0x000000c9   Thumb Code     0  entry9a.o(.ARM.Collect$$$$0000000B)
    __rt_final_cpp                           0x000000d1   Thumb Code     0  entry10a.o(.ARM.Collect$$$$0000000D)
    __rt_final_exit                          0x000000d1   Thumb Code     0  entry11a.o(.ARM.Collect$$$$0000000F)
    vPortSVCHandler                          0x000000d5   Thumb Code    28  port.o(.emb_text)
    vPortStartFirstTask                      0x000000f5   Thumb Code    12  port.o(.emb_text)
    xPortPendSVHandler                       0x00000105   Thumb Code    56  port.o(.emb_text)
    vPortSetInterruptMask                    0x00000141   Thumb Code    14  port.o(.emb_text)
    vPortClearInterruptMask                  0x0000014f   Thumb Code    14  port.o(.emb_text)
    vListInitialise                          0x0000015d   Thumb Code    26  list.o(.text)
    vListInitialiseItem                      0x00000177   Thumb Code     6  list.o(.text)
    vListInsertEnd                           0x0000017d   Thumb Code    28  list.o(.text)
    vListInsert                              0x00000199   Thumb Code    52  list.o(.text)
    vListRemove                              0x000001cd   Thumb Code    36  list.o(.text)
    xQueueCreate                             0x000001f1   Thumb Code   108  queue.o(.text)
    xQueueGenericSend                        0x00000343   Thumb Code   202  queue.o(.text)
    xQueueGenericSendFromISR                 0x0000040d   Thumb Code    86  queue.o(.text)
    xQueueGenericReceive                     0x000004a9   Thumb Code   240  queue.o(.text)
    xQueueReceiveFromISR                     0x00000599   Thumb Code    84  queue.o(.text)
    uxQueueMessagesWaiting                   0x000005ed   Thumb Code    18  queue.o(.text)
    uxQueueMessagesWaitingFromISR            0x000005ff   Thumb Code     6  queue.o(.text)
    vQueueDelete                             0x00000605   Thumb Code    18  queue.o(.text)
    xQueueIsQueueEmptyFromISR                0x00000617   Thumb Code    16  queue.o(.text)
    xQueueIsQueueFullFromISR                 0x00000627   Thumb Code    20  queue.o(.text)
    xTaskGenericCreate                       0x000006fb   Thumb Code   240  tasks.o(.text)
    vTaskIncrementTick                       0x000007eb   Thumb Code   160  tasks.o(.text)
    xTaskResumeAll                           0x0000088b   Thumb Code   186  tasks.o(.text)
    vTaskSuspendAll                          0x00000945   Thumb Code    12  tasks.o(.text)
    vTaskDelay                               0x00000951   Thumb Code    86  tasks.o(.text)
    vTaskSwitchContext                       0x000009a7   Thumb Code    92  tasks.o(.text)
    vTaskSuspend                             0x00000a03   Thumb Code   170  tasks.o(.text)
    xTaskIsTaskSuspended                     0x00000aad   Thumb Code    60  tasks.o(.text)
    vTaskResume                              0x00000ae9   Thumb Code    92  tasks.o(.text)
    xTaskResumeFromISR                       0x00000b45   Thumb Code   100  tasks.o(.text)
    vTaskStartScheduler                      0x00000bb3   Thumb Code    52  tasks.o(.text)
    vTaskEndScheduler                        0x00000be7   Thumb Code    18  tasks.o(.text)
    xTaskGetTickCount                        0x00000bf9   Thumb Code    18  tasks.o(.text)
    xTaskGetTickCountFromISR                 0x00000c0b   Thumb Code     6  tasks.o(.text)
    uxTaskGetNumberOfTasks                   0x00000c11   Thumb Code     6  tasks.o(.text)
    vTaskPlaceOnEventList                    0x00000c17   Thumb Code    98  tasks.o(.text)
    xTaskRemoveFromEventList                 0x00000c79   Thumb Code   106  tasks.o(.text)
    vTaskSetTimeOutState                     0x00000ce3   Thumb Code    14  tasks.o(.text)
    xTaskCheckForTimeOut                     0x00000cf1   Thumb Code    92  tasks.o(.text)
    vTaskMissedYield                         0x00000d4d   Thumb Code     8  tasks.o(.text)
    pvPortMalloc                             0x00000d95   Thumb Code    78  heap_1.o(.text)
    vPortFree                                0x00000de3   Thumb Code     2  heap_1.o(.text)
    vPortInitialiseBlocks                    0x00000de5   Thumb Code     8  heap_1.o(.text)
    xPortGetFreeHeapSize                     0x00000ded   Thumb Code    10  heap_1.o(.text)
    pxPortInitialiseStack                    0x00000e01   Thumb Code    26  port.o(.text)
    xPortStartScheduler                      0x00000e2b   Thumb Code    42  port.o(.text)
    vPortEndScheduler                        0x00000e55   Thumb Code     2  port.o(.text)
    vPortYieldFromISR                        0x00000e57   Thumb Code    12  port.o(.text)
    vPortEnterCritical                       0x00000e63   Thumb Code    18  port.o(.text)
    vPortExitCritical                        0x00000e75   Thumb Code    24  port.o(.text)
    xPortSysTickHandler                      0x00000e8d   Thumb Code    28  port.o(.text)
    main                                     0x00000f9b   Thumb Code   102  main.o(.text)
    vSoftwareInterruptHandler                0x00001001   Thumb Code    48  main.o(.text)
    vApplicationMallocFailedHook             0x00001031   Thumb Code     4  main.o(.text)
    vApplicationStackOverflowHook            0x00001035   Thumb Code     4  main.o(.text)
    vApplicationIdleHook                     0x00001039   Thumb Code     2  main.o(.text)
    vApplicationTickHook                     0x0000103b   Thumb Code     2  main.o(.text)
    vPrintString                             0x000010e9   Thumb Code    20  basic_io.o(.text)
    vPrintStringAndNumber                    0x000010fd   Thumb Code    26  basic_io.o(.text)
    fputc                                    0x00001117   Thumb Code    30  basic_io.o(.text)
    Reset_Handler                            0x00001141   Thumb Code     4  startup_mps_cm3.o(.text)
    NMI_Handler                              0x00001145   Thumb Code     2  startup_mps_cm3.o(.text)
    HardFault_Handler                        0x00001147   Thumb Code     2  startup_mps_cm3.o(.text)
    MemManage_Handler                        0x00001149   Thumb Code     2  startup_mps_cm3.o(.text)
    BusFault_Handler                         0x0000114b   Thumb Code     2  startup_mps_cm3.o(.text)
    UsageFault_Handler                       0x0000114d   Thumb Code     2  startup_mps_cm3.o(.text)
    SVC_Handler                              0x0000114f   Thumb Code     2  startup_mps_cm3.o(.text)
    DebugMon_Handler                         0x00001151   Thumb Code     2  startup_mps_cm3.o(.text)
    PendSV_Handler                           0x00001153   Thumb Code     2  startup_mps_cm3.o(.text)
    SysTick_Handler                          0x00001155   Thumb Code     2  startup_mps_cm3.o(.text)
    AACI_IRQHandler                          0x00001157   Thumb Code     0  startup_mps_cm3.o(.text)
    CAN_IRQHandler                           0x00001157   Thumb Code     0  startup_mps_cm3.o(.text)
    CHLCD_IRQHandler                         0x00001157   Thumb Code     0  startup_mps_cm3.o(.text)
    CLCD_IRQHandler                          0x00001157   Thumb Code     0  startup_mps_cm3.o(.text)
    CPU_CLCD_IRQHandler                      0x00001157   Thumb Code     0  startup_mps_cm3.o(.text)
    ENET_IRQHandler                          0x00001157   Thumb Code     0  startup_mps_cm3.o(.text)
    FLEXRAY_IRQHandler                       0x00001157   Thumb Code     0  startup_mps_cm3.o(.text)
    I2C_IRQHandler                           0x00001157   Thumb Code     0  startup_mps_cm3.o(.text)
    LIN_IRQHandler                           0x00001157   Thumb Code     0  startup_mps_cm3.o(.text)
    MCIA_IRQHandler                          0x00001157   Thumb Code     0  startup_mps_cm3.o(.text)
    MCIB_IRQHandler                          0x00001157   Thumb Code     0  startup_mps_cm3.o(.text)
    RTC_IRQHandler                           0x00001157   Thumb Code     0  startup_mps_cm3.o(.text)
    SPI_IRQHandler                           0x00001157   Thumb Code     0  startup_mps_cm3.o(.text)
    TIM0_IRQHandler                          0x00001157   Thumb Code     0  startup_mps_cm3.o(.text)
    TIM2_IRQHandler                          0x00001157   Thumb Code     0  startup_mps_cm3.o(.text)
    UART0_IRQHandler                         0x00001157   Thumb Code     0  startup_mps_cm3.o(.text)
    UART1_IRQHandler                         0x00001157   Thumb Code     0  startup_mps_cm3.o(.text)
    UART2_IRQHandler                         0x00001157   Thumb Code     0  startup_mps_cm3.o(.text)
    UART3_IRQHandler                         0x00001157   Thumb Code     0  startup_mps_cm3.o(.text)
    UART4_IRQHandler                         0x00001157   Thumb Code     0  startup_mps_cm3.o(.text)
    USBDC_IRQHandler                         0x00001157   Thumb Code     0  startup_mps_cm3.o(.text)
    USBHC_IRQHandler                         0x00001157   Thumb Code     0  startup_mps_cm3.o(.text)
    WDT_IRQHandler                           0x00001157   Thumb Code     0  startup_mps_cm3.o(.text)
    __aeabi_memcpy                           0x0000115d   Thumb Code    36  memcpya.o(.text)
    __aeabi_memcpy4                          0x0000115d   Thumb Code     0  memcpya.o(.text)
    __aeabi_memcpy8                          0x0000115d   Thumb Code     0  memcpya.o(.text)
    __aeabi_memset                           0x00001181   Thumb Code    14  memseta.o(.text)
    __aeabi_memset4                          0x00001181   Thumb Code     0  memseta.o(.text)
    __aeabi_memset8                          0x00001181   Thumb Code     0  memseta.o(.text)
    __aeabi_memclr                           0x0000118f   Thumb Code     4  memseta.o(.text)
    __aeabi_memclr4                          0x0000118f   Thumb Code     0  memseta.o(.text)
    __aeabi_memclr8                          0x0000118f   Thumb Code     0  memseta.o(.text)
    _memset$wrapper                          0x00001193   Thumb Code    18  memseta.o(.text)
    strncpy                                  0x000011a5   Thumb Code    24  strncpy.o(.text)
    __aeabi_uidiv                            0x000011bd   Thumb Code     0  uidiv.o(.text)
    __aeabi_uidivmod                         0x000011bd   Thumb Code    44  uidiv.o(.text)
    __scatterload                            0x000011e9   Thumb Code    28  init.o(.text)
    __scatterload_rt2                        0x000011e9   Thumb Code     0  init.o(.text)
    __0printf$3                              0x0000120d   Thumb Code    22  printf3.o(i.__0printf$3)
    __1printf$3                              0x0000120d   Thumb Code     0  printf3.o(i.__0printf$3)
    __2printf                                0x0000120d   Thumb Code     0  printf3.o(i.__0printf$3)
    __scatterload_copy                       0x0000122d   Thumb Code    14  handlers.o(i.__scatterload_copy)
    __scatterload_null                       0x0000123b   Thumb Code     2  handlers.o(i.__scatterload_null)
    __scatterload_zeroinit                   0x0000123d   Thumb Code    14  handlers.o(i.__scatterload_zeroinit)
    Region$$Table$$Base                      0x00001404   Number         0  anon$$obj.o(Region$$Table)
    Region$$Table$$Limit                     0x00001424   Number         0  anon$$obj.o(Region$$Table)
    pxCurrentTCB                             0x20000000   Data           4  tasks.o(.data)
    xBinarySemaphore                         0x2000003c   Data           4  main.o(.data)
    __stdout                                 0x20000040   Data           4  stdout.o(.data)
    __initial_sp                             0x200012f8   Data           0  startup_mps_cm3.o(STACK)



==============================================================================

Memory Map of the image

  Image Entry point : 0x000000c1

  Load Region LR_IROM1 (Base: 0x00000000, Size: 0x00001468, Max: 0x00040000, ABSOLUTE)

    Execution Region ER_IROM1 (Base: 0x00000000, Size: 0x00001424, Max: 0x00040000, ABSOLUTE)

    Base Addr    Size         Type   Attr      Idx    E Section Name        Object

    0x00000000   0x000000c0   Data   RO          201    RESET               startup_mps_cm3.o
    0x000000c0   0x00000000   Code   RO          206  * .ARM.Collect$$$$00000000  mc_w.l(entry.o)
    0x000000c0   0x00000004   Code   RO          478    .ARM.Collect$$$$00000001  mc_w.l(entry2.o)
    0x000000c4   0x00000004   Code   RO          481    .ARM.Collect$$$$00000004  mc_w.l(entry5.o)
    0x000000c8   0x00000000   Code   RO          483    .ARM.Collect$$$$00000008  mc_w.l(entry7b.o)
    0x000000c8   0x00000000   Code   RO          485    .ARM.Collect$$$$0000000A  mc_w.l(entry8b.o)
    0x000000c8   0x00000008   Code   RO          486    .ARM.Collect$$$$0000000B  mc_w.l(entry9a.o)
    0x000000d0   0x00000000   Code   RO          488    .ARM.Collect$$$$0000000D  mc_w.l(entry10a.o)
    0x000000d0   0x00000000   Code   RO          490    .ARM.Collect$$$$0000000F  mc_w.l(entry11a.o)
    0x000000d0   0x00000004   Code   RO          479    .ARM.Collect$$$$00002712  mc_w.l(entry2.o)
    0x000000d4   0x00000088   Code   RO          110    .emb_text           port.o
    0x0000015c   0x00000094   Code   RO            1    .text               list.o
    0x000001f0   0x0000044a   Code   RO           42    .text               queue.o
    0x0000063a   0x00000002   PAD
    0x0000063c   0x00000758   Code   RO           63    .text               tasks.o
    0x00000d94   0x0000006c   Code   RO           95    .text               heap_1.o
    0x00000e00   0x000000b0   Code   RO          111    .text               port.o
    0x00000eb0   0x00000238   Code   RO          134    .text               main.o
    0x000010e8   0x00000058   Code   RO          184    .text               basic_io.o
    0x00001140   0x0000001c   Code   RO          202    .text               startup_mps_cm3.o
    0x0000115c   0x00000024   Code   RO          209    .text               mc_w.l(memcpya.o)
    0x00001180   0x00000024   Code   RO          211    .text               mc_w.l(memseta.o)
    0x000011a4   0x00000018   Code   RO          213    .text               mc_w.l(strncpy.o)
    0x000011bc   0x0000002c   Code   RO          493    .text               mc_w.l(uidiv.o)
    0x000011e8   0x00000024   Code   RO          508    .text               mc_w.l(init.o)
    0x0000120c   0x00000020   Code   RO          306    i.__0printf$3       mc_w.l(printf3.o)
    0x0000122c   0x0000000e   Code   RO          520    i.__scatterload_copy  mc_w.l(handlers.o)
    0x0000123a   0x00000002   Code   RO          521    i.__scatterload_null  mc_w.l(handlers.o)
    0x0000123c   0x0000000e   Code   RO          522    i.__scatterload_zeroinit  mc_w.l(handlers.o)
    0x0000124a   0x00000002   PAD
    0x0000124c   0x000001b8   Code   RO          313    i._printf_core      mc_w.l(printf3.o)
    0x00001404   0x00000020   Data   RO          518    Region$$Table       anon$$obj.o


    Execution Region RW_IRAM1 (Base: 0x20000000, Size: 0x000012f8, Max: 0x00010000, ABSOLUTE)

    Base Addr    Size         Type   Attr      Idx    E Section Name        Object

    0x20000000   0x00000034   Data   RW           65    .data               tasks.o
    0x20000034   0x00000004   Data   RW           97    .data               heap_1.o
    0x20000038   0x00000004   Data   RW          112    .data               port.o
    0x2000003c   0x00000004   Data   RW          135    .data               main.o
    0x20000040   0x00000004   Data   RW          492    .data               mc_w.l(stdout.o)
    0x20000044   0x000000b4   Zero   RW           64    .bss                tasks.o
    0x200000f8   0x00001000   Zero   RW           96    .bss                heap_1.o
    0x200010f8   0x00000200   Zero   RW          199    STACK               startup_mps_cm3.o


==============================================================================

Image component sizes


      Code (inc. data)   RO Data    RW Data    ZI Data      Debug   Object Name

        88         12          0          0          0       1095   basic_io.o
       108         10          0          4       4096       2240   heap_1.o
       148          0          0          0          0       8593   list.o
       568        172          0          4          0      29564   main.o
       312         20          0          4          0       2945   port.o
      1098          0          0          0          0       8597   queue.o
        28          4        192          0        512        864   startup_mps_cm3.o
      1880        136          0         52        180      10947   tasks.o

    ----------------------------------------------------------------------
      4232        354        224         64       4788      64845   Object Totals
         0          0         32          0          0          0   (incl. Generated)
         2          0          0          0          0          0   (incl. Padding)

    ----------------------------------------------------------------------

      Code (inc. data)   RO Data    RW Data    ZI Data      Debug   Library Member Name

         0          0          0          0          0          0   entry.o
         0          0          0          0          0          0   entry10a.o
         0          0          0          0          0          0   entry11a.o
         8          4          0          0          0          0   entry2.o
         4          0          0          0          0          0   entry5.o
         0          0          0          0          0          0   entry7b.o
         0          0          0          0          0          0   entry8b.o
         8          4          0          0          0          0   entry9a.o
        30          0          0          0          0          0   handlers.o
        36          8          0          0          0         68   init.o
        36          0          0          0          0         68   memcpya.o
        36          0          0          0          0        108   memseta.o
       472         14          0          0          0        180   printf3.o
         0          0          0          4          0          0   stdout.o
        24          0          0          0          0         76   strncpy.o
        44          0          0          0          0         80   uidiv.o

    ----------------------------------------------------------------------
       700         30          0          4          0        580   Library Totals
         2          0          0          0          0          0   (incl. Padding)

    ----------------------------------------------------------------------

      Code (inc. data)   RO Data    RW Data    ZI Data      Debug   Library Name

       698         30          0          4          0        580   mc_w.l

    ----------------------------------------------------------------------
       700         30          0          4          0        580   Library Totals

    ----------------------------------------------------------------------

==============================================================================


      Code (inc. data)   RO Data    RW Data    ZI Data      Debug   

      4932        384        224         68       4788      64333   Grand Totals
      4932        384        224         68       4788      64333   ELF Image Totals
      4932        384        224         68          0          0   ROM Totals

==============================================================================

    Total RO  Size (Code + RO Data)                 5156 (   5.04kB)
    Total RW  Size (RW Data + ZI Data)              4856 (   4.74kB)
    Total ROM Size (Code + RO Data + RW Data)       5224 (   5.10kB)

==============================================================================

